Archive member included to satisfy reference by file (symbol)

/home/kris/intelFPGA_lite/16.1/nios2eds/bin/gnu/H-x86_64-pc-linux-gnu/bin/../lib/gcc/nios2-elf/5.3.0/../../../../../H-x86_64-pc-linux-gnu/nios2-elf/lib/mno-hw-mul/libm.a(lib_a-s_ceil.o)
                              obj/default/lua/lmathlib.o (ceil)
/home/kris/intelFPGA_lite/16.1/nios2eds/bin/gnu/H-x86_64-pc-linux-gnu/bin/../lib/gcc/nios2-elf/5.3.0/../../../../../H-x86_64-pc-linux-gnu/nios2-elf/lib/mno-hw-mul/libm.a(lib_a-s_cos.o)
                              obj/default/lua/lmathlib.o (cos)
/home/kris/intelFPGA_lite/16.1/nios2eds/bin/gnu/H-x86_64-pc-linux-gnu/bin/../lib/gcc/nios2-elf/5.3.0/../../../../../H-x86_64-pc-linux-gnu/nios2-elf/lib/mno-hw-mul/libm.a(lib_a-s_floor.o)
                              obj/default/lua/lmathlib.o (floor)
/home/kris/intelFPGA_lite/16.1/nios2eds/bin/gnu/H-x86_64-pc-linux-gnu/bin/../lib/gcc/nios2-elf/5.3.0/../../../../../H-x86_64-pc-linux-gnu/nios2-elf/lib/mno-hw-mul/libm.a(lib_a-s_frexp.o)
                              obj/default/lua/ltable.o (frexp)
/home/kris/intelFPGA_lite/16.1/nios2eds/bin/gnu/H-x86_64-pc-linux-gnu/bin/../lib/gcc/nios2-elf/5.3.0/../../../../../H-x86_64-pc-linux-gnu/nios2-elf/lib/mno-hw-mul/libm.a(lib_a-s_sin.o)
                              obj/default/lua/lmathlib.o (sin)
/home/kris/intelFPGA_lite/16.1/nios2eds/bin/gnu/H-x86_64-pc-linux-gnu/bin/../lib/gcc/nios2-elf/5.3.0/../../../../../H-x86_64-pc-linux-gnu/nios2-elf/lib/mno-hw-mul/libm.a(lib_a-s_tan.o)
                              obj/default/lua/lmathlib.o (tan)
/home/kris/intelFPGA_lite/16.1/nios2eds/bin/gnu/H-x86_64-pc-linux-gnu/bin/../lib/gcc/nios2-elf/5.3.0/../../../../../H-x86_64-pc-linux-gnu/nios2-elf/lib/mno-hw-mul/libm.a(lib_a-w_acos.o)
                              obj/default/lua/lmathlib.o (acos)
/home/kris/intelFPGA_lite/16.1/nios2eds/bin/gnu/H-x86_64-pc-linux-gnu/bin/../lib/gcc/nios2-elf/5.3.0/../../../../../H-x86_64-pc-linux-gnu/nios2-elf/lib/mno-hw-mul/libm.a(lib_a-w_asin.o)
                              obj/default/lua/lmathlib.o (asin)
/home/kris/intelFPGA_lite/16.1/nios2eds/bin/gnu/H-x86_64-pc-linux-gnu/bin/../lib/gcc/nios2-elf/5.3.0/../../../../../H-x86_64-pc-linux-gnu/nios2-elf/lib/mno-hw-mul/libm.a(lib_a-w_atan2.o)
                              obj/default/lua/lmathlib.o (atan2)
/home/kris/intelFPGA_lite/16.1/nios2eds/bin/gnu/H-x86_64-pc-linux-gnu/bin/../lib/gcc/nios2-elf/5.3.0/../../../../../H-x86_64-pc-linux-gnu/nios2-elf/lib/mno-hw-mul/libm.a(lib_a-w_exp.o)
                              obj/default/lua/lmathlib.o (exp)
/home/kris/intelFPGA_lite/16.1/nios2eds/bin/gnu/H-x86_64-pc-linux-gnu/bin/../lib/gcc/nios2-elf/5.3.0/../../../../../H-x86_64-pc-linux-gnu/nios2-elf/lib/mno-hw-mul/libm.a(lib_a-w_fmod.o)
                              obj/default/lua/lmathlib.o (fmod)
/home/kris/intelFPGA_lite/16.1/nios2eds/bin/gnu/H-x86_64-pc-linux-gnu/bin/../lib/gcc/nios2-elf/5.3.0/../../../../../H-x86_64-pc-linux-gnu/nios2-elf/lib/mno-hw-mul/libm.a(lib_a-w_log.o)
                              obj/default/lua/lmathlib.o (log)
/home/kris/intelFPGA_lite/16.1/nios2eds/bin/gnu/H-x86_64-pc-linux-gnu/bin/../lib/gcc/nios2-elf/5.3.0/../../../../../H-x86_64-pc-linux-gnu/nios2-elf/lib/mno-hw-mul/libm.a(lib_a-w_log10.o)
                              obj/default/lua/lmathlib.o (log10)
/home/kris/intelFPGA_lite/16.1/nios2eds/bin/gnu/H-x86_64-pc-linux-gnu/bin/../lib/gcc/nios2-elf/5.3.0/../../../../../H-x86_64-pc-linux-gnu/nios2-elf/lib/mno-hw-mul/libm.a(lib_a-w_pow.o)
                              obj/default/lua/lobject.o (pow)
/home/kris/intelFPGA_lite/16.1/nios2eds/bin/gnu/H-x86_64-pc-linux-gnu/bin/../lib/gcc/nios2-elf/5.3.0/../../../../../H-x86_64-pc-linux-gnu/nios2-elf/lib/mno-hw-mul/libm.a(lib_a-w_sqrt.o)
                              obj/default/lua/lmathlib.o (sqrt)
/home/kris/intelFPGA_lite/16.1/nios2eds/bin/gnu/H-x86_64-pc-linux-gnu/bin/../lib/gcc/nios2-elf/5.3.0/../../../../../H-x86_64-pc-linux-gnu/nios2-elf/lib/mno-hw-mul/libm.a(lib_a-e_acos.o)
                              /home/kris/intelFPGA_lite/16.1/nios2eds/bin/gnu/H-x86_64-pc-linux-gnu/bin/../lib/gcc/nios2-elf/5.3.0/../../../../../H-x86_64-pc-linux-gnu/nios2-elf/lib/mno-hw-mul/libm.a(lib_a-w_acos.o) (__ieee754_acos)
/home/kris/intelFPGA_lite/16.1/nios2eds/bin/gnu/H-x86_64-pc-linux-gnu/bin/../lib/gcc/nios2-elf/5.3.0/../../../../../H-x86_64-pc-linux-gnu/nios2-elf/lib/mno-hw-mul/libm.a(lib_a-e_asin.o)
                              /home/kris/intelFPGA_lite/16.1/nios2eds/bin/gnu/H-x86_64-pc-linux-gnu/bin/../lib/gcc/nios2-elf/5.3.0/../../../../../H-x86_64-pc-linux-gnu/nios2-elf/lib/mno-hw-mul/libm.a(lib_a-w_asin.o) (__ieee754_asin)
/home/kris/intelFPGA_lite/16.1/nios2eds/bin/gnu/H-x86_64-pc-linux-gnu/bin/../lib/gcc/nios2-elf/5.3.0/../../../../../H-x86_64-pc-linux-gnu/nios2-elf/lib/mno-hw-mul/libm.a(lib_a-e_atan2.o)
[...]
Memory Configuration

Name             Origin             Length             Attributes
reset            0x0000000000000000 0x0000000000000020
sdram_controller_0 0x0000000000000020 0x0000000003ffffe0
*default*        0x0000000000000000 0xffffffffffffffff

Linker script and memory map

LOAD /home/kris/luacpu/software/lua_on_nios2_bsp//obj/HAL/src/crt0.o
LOAD obj/default/lua.o
LOAD obj/default/lua/lapi.o
LOAD obj/default/lua/lauxlib.o
LOAD obj/default/lua/lbaselib.o
LOAD obj/default/lua/lbitlib.o
LOAD obj/default/lua/lcode.o
LOAD obj/default/lua/lcorolib.o
LOAD obj/default/lua/lctype.o
LOAD obj/default/lua/ldblib.o
LOAD obj/default/lua/ldebug.o
LOAD obj/default/lua/ldo.o
LOAD obj/default/lua/ldump.o
LOAD obj/default/lua/lfunc.o
LOAD obj/default/lua/lgc.o
LOAD obj/default/lua/linit.o
LOAD obj/default/lua/liolib.o
LOAD obj/default/lua/llex.o
LOAD obj/default/lua/lmathlib.o
LOAD obj/default/lua/lmem.o
LOAD obj/default/lua/loadlib.o
LOAD obj/default/lua/lobject.o
LOAD obj/default/lua/lopcodes.o
LOAD obj/default/lua/loslib.o
LOAD obj/default/lua/lparser.o
LOAD obj/default/lua/lstate.o
LOAD obj/default/lua/lstring.o
LOAD obj/default/lua/lstrlib.o
LOAD obj/default/lua/ltable.o
LOAD obj/default/lua/ltablib.o
LOAD obj/default/lua/ltests.o
LOAD obj/default/lua/ltm.o
LOAD obj/default/lua/lundump.o
LOAD obj/default/lua/lutf8lib.o
LOAD obj/default/lua/lvm.o
LOAD obj/default/lua/lzio.o
LOAD obj/default/lua/testes/libs/lib1.o
LOAD obj/default/lua/testes/libs/lib11.o
LOAD obj/default/lua/testes/libs/lib2.o
LOAD obj/default/lua/testes/libs/lib21.o
LOAD /home/kris/intelFPGA_lite/16.1/nios2eds/bin/gnu/H-x86_64-pc-linux-gnu/bin/../lib/gcc/nios2-elf/5.3.0/../../../../../H-x86_64-pc-linux-gnu/nios2-elf/lib/mno-hw-mul/libstdc++.a
LOAD /home/kris/intelFPGA_lite/16.1/nios2eds/bin/gnu/H-x86_64-pc-linux-gnu/bin/../lib/gcc/nios2-elf/5.3.0/../../../../../H-x86_64-pc-linux-gnu/nios2-elf/lib/mno-hw-mul/libm.a
LOAD /home/kris/intelFPGA_lite/16.1/nios2eds/bin/gnu/H-x86_64-pc-linux-gnu/bin/../lib/gcc/nios2-elf/5.3.0/mno-hw-mul/libgcc.a
START GROUP
LOAD /home/kris/intelFPGA_lite/16.1/nios2eds/bin/gnu/H-x86_64-pc-linux-gnu/bin/../lib/gcc/nios2-elf/5.3.0/../../../../../H-x86_64-pc-linux-gnu/nios2-elf/lib/mno-hw-mul/libc.a
LOAD /home/kris/intelFPGA_lite/16.1/nios2eds/bin/gnu/H-x86_64-pc-linux-gnu/bin/../lib/gcc/nios2-elf/5.3.0/mno-hw-mul/libgcc.a
LOAD /home/kris/luacpu/software/lua_on_nios2_bsp//libhal_bsp.a
LOAD /home/kris/intelFPGA_lite/16.1/nios2eds/bin/gnu/H-x86_64-pc-linux-gnu/bin/../lib/gcc/nios2-elf/5.3.0/../../../../../H-x86_64-pc-linux-gnu/nios2-elf/lib/mno-hw-mul/libm.a
END GROUP
LOAD /home/kris/intelFPGA_lite/16.1/nios2eds/bin/gnu/H-x86_64-pc-linux-gnu/bin/../lib/gcc/nios2-elf/5.3.0/mno-hw-mul/libgcc.a
                0x0000000000000000                __alt_mem_sdram_controller_0 = 0x0

.entry          0x0000000000000000       0x20
 *(.entry)
 .entry         0x0000000000000000       0x20 /home/kris/luacpu/software/lua_on_nios2_bsp//obj/HAL/src/crt0.o
                0x0000000000000000                __reset

.exceptions     0x0000000000000020      0x210
                0x0000000000000020                PROVIDE (__ram_exceptions_start, ABSOLUTE (.))
                0x0000000000000020                . = ALIGN (0x20)
 *(.irq)
 *(.exceptions.entry.label)
 .exceptions.entry.label
                0x0000000000000020        0x0 /home/kris/luacpu/software/lua_on_nios2_bsp//libhal_bsp.a(alt_irq_entry.o)
                0x0000000000000020                alt_irq_entry
 .exceptions.entry.label
                0x0000000000000020        0x0 /home/kris/luacpu/software/lua_on_nios2_bsp//libhal_bsp.a(alt_exception_entry.o)
                0x0000000000000020                alt_exception
 *(.exceptions.entry.user)
 *(.exceptions.entry.ecc_fatal)
 *(.exceptions.entry)
 .exceptions.entry
                0x0000000000000020       0x54 /home/kris/luacpu/software/lua_on_nios2_bsp//libhal_bsp.a(alt_exception_entry.o)
 *(.exceptions.irqtest.user)
 *(.exceptions.irqtest)
 .exceptions.irqtest
                0x0000000000000074       0x10 /home/kris/luacpu/software/lua_on_nios2_bsp//libhal_bsp.a(alt_irq_entry.o)
 *(.exceptions.irqhandler.user)
 *(.exceptions.irqhandler)
 .exceptions.irqhandler
                0x0000000000000084        0x4 /home/kris/luacpu/software/lua_on_nios2_bsp//libhal_bsp.a(alt_irq_entry.o)
 *(.exceptions.irqreturn.user)
 *(.exceptions.irqreturn)
 .exceptions.irqreturn
                0x0000000000000088        0x4 /home/kris/luacpu/software/lua_on_nios2_bsp//libhal_bsp.a(alt_irq_entry.o)
 *(.exceptions.notirq.label)
 .exceptions.notirq.label
                0x000000000000008c        0x0 /home/kris/luacpu/software/lua_on_nios2_bsp//libhal_bsp.a(alt_irq_entry.o)
 *(.exceptions.notirq.user)
 *(.exceptions.notirq)
 .exceptions.notirq
                0x000000000000008c        0x8 /home/kris/luacpu/software/lua_on_nios2_bsp//libhal_bsp.a(alt_exception_entry.o)
 *(.exceptions.soft.user)
 *(.exceptions.soft)
 *(.exceptions.unknown.user)
 *(.exceptions.unknown)
 .exceptions.unknown
                0x0000000000000094       0x14 /home/kris/luacpu/software/lua_on_nios2_bsp//libhal_bsp.a(alt_exception_entry.o)
 *(.exceptions.exit.label)
 .exceptions.exit.label
                0x00000000000000a8        0x0 /home/kris/luacpu/software/lua_on_nios2_bsp//libhal_bsp.a(alt_irq_entry.o)
 .exceptions.exit.label
                0x00000000000000a8        0x0 /home/kris/luacpu/software/lua_on_nios2_bsp//libhal_bsp.a(alt_exception_entry.o)
 *(.exceptions.exit.user)
 *(.exceptions.exit)
 .exceptions.exit
                0x00000000000000a8       0x54 /home/kris/luacpu/software/lua_on_nios2_bsp//libhal_bsp.a(alt_exception_entry.o)
 *(.exceptions)
 .exceptions    0x00000000000000fc       0xd4 /home/kris/luacpu/software/lua_on_nios2_bsp//libhal_bsp.a(alt_irq_handler.o)
                0x00000000000000fc                alt_irq_handler
 .exceptions    0x00000000000001d0       0x60 /home/kris/luacpu/software/lua_on_nios2_bsp//libhal_bsp.a(alt_instruction_exception_entry.o)
                0x00000000000001d0                alt_instruction_exception_entry
                0x0000000000000230                PROVIDE (__ram_exceptions_end, ABSOLUTE (.))
                0x0000000000000020                PROVIDE (__flash_exceptions_start, LOADADDR (.exceptions))

.text           0x0000000000000230    0x5d694
                [!provide]                        PROVIDE (stext, ABSOLUTE (.))
 *(.interp)
 *(.hash)
 *(.dynsym)
 *(.dynstr)
 *(.gnu.version)
 *(.gnu.version_d)
 *(.gnu.version_r)
 *(.rel.init)
 *(.rela.init)
 *(.rel.text .rel.text.* .rel.gnu.linkonce.t.*)
 *(.rela.text .rela.text.* .rela.gnu.linkonce.t.*)
 *(.rel.fini)
 *(.rela.fini)
 *(.rel.rodata .rel.rodata.* .rel.gnu.linkonce.r.*)
 *(.rela.rodata .rela.rodata.* .rela.gnu.linkonce.r.*)
 *(.rel.data .rel.data.* .rel.gnu.linkonce.d.*)
 *(.rela.data .rela.data.* .rela.gnu.linkonce.d.*)
 *(.rel.tdata .rel.tdata.* .rel.gnu.linkonce.td.*)
 *(.rela.tdata .rela.tdata.* .rela.gnu.linkonce.td.*)
 *(.rel.tbss .rel.tbss.* .rel.gnu.linkonce.tb.*)
 *(.rela.tbss .rela.tbss.* .rela.gnu.linkonce.tb.*)
 *(.rel.ctors)
 *(.rela.ctors)
 *(.rel.dtors)
 *(.rela.dtors)
 *(.rel.got)
 *(.rela.got)
 *(.rel.sdata .rel.sdata.* .rel.gnu.linkonce.s.*)
 *(.rela.sdata .rela.sdata.* .rela.gnu.linkonce.s.*)
 *(.rel.sbss .rel.sbss.* .rel.gnu.linkonce.sb.*)
 *(.rela.sbss .rela.sbss.* .rela.gnu.linkonce.sb.*)
 *(.rel.sdata2 .rel.sdata2.* .rel.gnu.linkonce.s2.*)
 *(.rela.sdata2 .rela.sdata2.* .rela.gnu.linkonce.s2.*)
 *(.rel.sbss2 .rel.sbss2.* .rel.gnu.linkonce.sb2.*)
 *(.rela.sbss2 .rela.sbss2.* .rela.gnu.linkonce.sb2.*)
 *(.rel.bss .rel.bss.* .rel.gnu.linkonce.b.*)
 *(.rela.bss .rela.bss.* .rela.gnu.linkonce.b.*)
 *(.rel.plt)
 *(.rela.plt)
 *(.rel.dyn)
 *(.init)
 *(.plt)
 *(.text .stub .text.* .gnu.linkonce.t.*)
 .text          0x0000000000000230       0x3c /home/kris/luacpu/software/lua_on_nios2_bsp//obj/HAL/src/crt0.o
                0x0000000000000230                _start
 .text          0x000000000000026c     0x1774 obj/default/lua.o
                0x00000000000018a8                main
 .text          0x00000000000019e0     0x4130 obj/default/lua/lapi.o
                0x0000000000001b8c                lua_checkstack
                0x0000000000001ce8                lua_xmove
                0x0000000000001dd4                lua_atpanic
                0x0000000000001e1c                lua_version
                0x0000000000001e58                lua_absindex
                0x0000000000001ee0                lua_gettop
                0x0000000000001f3c                lua_settop
                0x00000000000020f0                lua_rotate
                0x00000000000021cc                lua_copy
                0x00000000000022cc                lua_pushvalue
                0x0000000000002348                lua_type
                0x00000000000023a8                lua_typename
                0x00000000000023ec                lua_iscfunction
                0x0000000000002454                lua_isinteger
                0x00000000000024a0                lua_isnumber
                0x0000000000002518                lua_isstring
                0x0000000000002588                lua_isuserdata
                0x00000000000025f0                lua_rawequal
                0x0000000000002678                lua_arith
                0x0000000000002754                lua_compare
                0x0000000000002830                lua_stringtonumber
                0x0000000000002894                lua_tonumberx
                0x0000000000002950                lua_tointegerx
                0x0000000000002a10                lua_toboolean
                0x0000000000002a80                lua_tolstring
                0x0000000000002b88                lua_rawlen
                0x0000000000002c58                lua_tocfunction
                0x0000000000002cd4                lua_touserdata
                0x0000000000002d4c                lua_tothread
                0x0000000000002da8                lua_topointer
                0x0000000000002f08                lua_pushnil
                0x0000000000002f4c                lua_pushnumber
                0x0000000000002fb8                lua_pushinteger
                0x0000000000003024                lua_pushlstring
                0x00000000000030f0                lua_pushstring
                0x00000000000031b8                lua_pushvfstring
                0x0000000000003218                lua_pushfstring
                0x0000000000003288                lua_pushcclosure
                0x000000000000340c                lua_pushboolean
                0x0000000000003474                lua_pushlightuserdata
                0x00000000000034d4                lua_pushthread
                0x00000000000036ac                lua_getglobal
                0x0000000000003708                lua_gettable
                0x0000000000003818                lua_getfield
                0x0000000000003864                lua_geti
                0x00000000000039c0                lua_rawget
                0x0000000000003a64                lua_rawgeti
                0x0000000000003b14                lua_rawgetp
                0x0000000000003be4                lua_createtable
                0x0000000000003ca8                lua_getmetatable
                0x0000000000003db4                lua_getuservalue
                0x0000000000004028                lua_setglobal
                0x0000000000004088                lua_settable
                0x00000000000041fc                lua_setfield
                0x000000000000424c                lua_seti
                0x0000000000004414                lua_rawset
                0x0000000000004528                lua_rawseti
                0x0000000000004618                lua_rawsetp
                0x000000000000473c                lua_setmetatable
                0x000000000000491c                lua_setuservalue
                0x0000000000004a34                lua_callk
                0x0000000000004b8c                lua_pcallk
                0x0000000000004db0                lua_load
                0x0000000000004ef8                lua_dump
                0x0000000000004f88                lua_status
                0x0000000000004fb4                lua_gc
                0x00000000000051e0                lua_error
                0x00000000000051fc                lua_next
                0x000000000000529c                lua_concat
                0x0000000000005364                lua_len
                0x00000000000053d0                lua_getallocf
                0x0000000000005424                lua_setallocf
                0x0000000000005470                lua_newuserdata
                0x00000000000056b4                lua_getupvalue
                0x0000000000005764                lua_setupvalue
                0x0000000000005940                lua_upvalueid
                0x00000000000059ec                lua_upvaluejoin
 .text          0x0000000000005b10     0x2a08 obj/default/lua/lauxlib.o
                0x0000000000005f78                luaL_traceback
                0x0000000000006158                luaL_argerror
                0x0000000000006394                luaL_where
                0x0000000000006424                luaL_error
                0x0000000000006494                luaL_fileresult
                0x0000000000006568                luaL_execresult
                0x000000000000663c                luaL_newmetatable
                0x00000000000066e8                luaL_setmetatable
                0x0000000000006738                luaL_testudata
                0x00000000000067d4                luaL_checkudata
                0x0000000000006834                luaL_checkoption
                0x0000000000006928                luaL_checkstack
                0x000000000000699c                luaL_checktype
                0x00000000000069f8                luaL_checkany
                0x0000000000006a50                luaL_checklstring
                0x0000000000006ab0                luaL_optlstring
                0x0000000000006b38                luaL_checknumber
                0x0000000000006bb0                luaL_optnumber
                0x0000000000006c8c                luaL_checkinteger
                0x0000000000006d00                luaL_optinteger
                0x0000000000006f24                luaL_prepbuffsize
                0x0000000000007074                luaL_addlstring
                0x00000000000070e8                luaL_addstring
                0x0000000000007130                luaL_pushresult
                0x00000000000071c8                luaL_pushresultsize
                0x0000000000007218                luaL_addvalue
                0x00000000000072dc                luaL_buffinit
                0x0000000000007334                luaL_buffinitsize
                0x000000000000737c                luaL_ref
                0x00000000000074b8                luaL_unref
                0x0000000000007870                luaL_loadfilex
                0x0000000000007b0c                luaL_loadbufferx
                0x0000000000007b70                luaL_loadstring
                0x0000000000007bbc                luaL_getmetafield
                0x0000000000007c58                luaL_callmeta
                0x0000000000007cdc                luaL_len
                0x0000000000007d6c                luaL_tolstring
                0x0000000000007f90                luaL_setfuncs
                0x0000000000008078                luaL_getsubtable
                0x0000000000008114                luaL_requiref
                0x000000000000821c                luaL_gsub
                0x00000000000083ec                luaL_newstate
                0x0000000000008440                luaL_checkversion_
 .text          0x0000000000008518     0x168c obj/default/lua/lbaselib.o
                0x0000000000009b08                luaopen_base
 .text          0x0000000000009ba4       0x38 obj/default/lua/lbitlib.o
                0x0000000000009ba4                luaopen_bit32
 .text          0x0000000000009bdc     0x3304 obj/default/lua/lcode.o
                0x0000000000009cb0                luaK_nil
                0x0000000000009fa0                luaK_concat
                0x000000000000a048                luaK_jump
                0x000000000000a0bc                luaK_ret
                0x000000000000a168                luaK_getlabel
                0x000000000000a470                luaK_patchtohere
                0x000000000000a4c0                luaK_patchlist
                0x000000000000a530                luaK_patchclose
                0x000000000000a764                luaK_codeABC
                0x000000000000a7cc                luaK_codeABx
                0x000000000000a86c                luaK_codek
                0x000000000000a8ec                luaK_checkstack
                0x000000000000a980                luaK_reserveregs
                0x000000000000adf8                luaK_stringK
                0x000000000000ae70                luaK_intK
                0x000000000000b04c                luaK_setreturns
                0x000000000000b1a0                luaK_setoneret
                0x000000000000b290                luaK_dischargevars
                0x000000000000b904                luaK_exp2nextreg
                0x000000000000b978                luaK_exp2anyreg
                0x000000000000ba30                luaK_exp2anyregup
                0x000000000000ba90                luaK_exp2val
                0x000000000000baf0                luaK_exp2RK
                0x000000000000bc58                luaK_storevar
                0x000000000000bd84                luaK_self
                0x000000000000bfc8                luaK_goiftrue
                0x000000000000c0a8                luaK_goiffalse
                0x000000000000c2e0                luaK_indexed
                0x000000000000c8e4                luaK_prefix
                0x000000000000c994                luaK_infix
                0x000000000000caa8                luaK_posfix
                0x000000000000cd84                luaK_fixline
                0x000000000000cde4                luaK_setlist
 .text          0x000000000000cee0      0x5c4 obj/default/lua/lcorolib.o
                0x000000000000d43c                luaopen_coroutine
 .text          0x000000000000d4a4        0x0 obj/default/lua/lctype.o
 .text          0x000000000000d4a4     0x14b8 obj/default/lua/ldblib.o
                0x000000000000e8f4                luaopen_debug
 .text          0x000000000000e95c     0x215c obj/default/lua/ldebug.o
                0x000000000000eaa8                lua_sethook
                0x000000000000eb54                lua_gethook
                0x000000000000eb7c                lua_gethookmask
                0x000000000000eba4                lua_gethookcount
                0x000000000000ebcc                lua_getstack
                0x000000000000ef18                lua_getlocal
                0x000000000000f020                lua_setlocal
                0x000000000000f6c0                lua_getinfo
                0x0000000000010414                luaG_typeerror
                0x0000000000010468                luaG_concaterror
                0x00000000000104c8                luaG_opinterror
                0x0000000000010544                luaG_tointerror
                0x00000000000105d0                luaG_ordererror
                0x0000000000010648                luaG_addinfo
                0x00000000000106cc                luaG_errormsg
                0x00000000000107a0                luaG_runerror
                0x0000000000010854                luaG_traceexec
 .text          0x0000000000010ab8     0x22d0 obj/default/lua/ldo.o
                0x0000000000010bcc                luaD_throw
                0x0000000000010cf8                luaD_rawrunprotected
                0x0000000000010edc                luaD_reallocstack
                0x000000000001101c                luaD_growstack
                0x00000000000111c8                luaD_shrinkstack
                0x0000000000011294                luaD_inctop
                0x0000000000011300                luaD_hook
                0x0000000000011a28                luaD_poscall
                0x0000000000011b18                luaD_precall
                0x0000000000011ff4                luaD_call
                0x0000000000012090                luaD_callnoyield
                0x0000000000012608                lua_resume
                0x00000000000127f4                lua_isyieldable
                0x0000000000012828                lua_yieldk
                0x0000000000012958                luaD_pcall
                0x0000000000012c20                luaD_protectedparser
 .text          0x0000000000012d88      0xa34 obj/default/lua/ldump.o
                0x0000000000013734                luaU_dump
 .text          0x00000000000137bc      0x710 obj/default/lua/lfunc.o
                0x00000000000137bc                luaF_newCclosure
                0x0000000000013830                luaF_newLclosure
                0x00000000000138d8                luaF_initupvals
                0x0000000000013990                luaF_findupval
                0x0000000000013aa4                luaF_close
                0x0000000000013ba8                luaF_newproto
                0x0000000000013c88                luaF_freeproto
                0x0000000000013de0                luaF_getlocalname
 .text          0x0000000000013ecc     0x33c8 obj/default/lua/lgc.o
                0x0000000000013fcc                luaC_barrier_
                0x0000000000014064                luaC_barrierback_
                0x00000000000140d0                luaC_upvalbarrier_
                0x0000000000014154                luaC_fix
                0x00000000000141d0                luaC_newobj
                0x0000000000015cac                luaC_upvdeccount
                0x000000000001676c                luaC_checkfinalizer
                0x0000000000016a1c                luaC_freeallobjects
                0x0000000000016fec                luaC_runtilstate
                0x00000000000170f4                luaC_step
                0x00000000000171e8                luaC_fullgc
 .text          0x0000000000017294       0x84 obj/default/lua/linit.o
                0x0000000000017294                luaL_openlibs
 .text          0x0000000000017318     0x1dd4 obj/default/lua/liolib.o
                0x0000000000019014                luaopen_io
 .text          0x00000000000190ec     0x27cc obj/default/lua/llex.o
                0x00000000000191e4                luaX_init
                0x00000000000192a8                luaX_token2str
                0x000000000001946c                luaX_syntaxerror
                0x000000000001949c                luaX_newstring
                0x000000000001970c                luaX_setinput
                0x000000000001b7cc                luaX_next
                0x000000000001b868                luaX_lookahead
 .text          0x000000000001b8b8     0x11c8 obj/default/lua/lmathlib.o
                0x000000000001c97c                luaopen_math
 .text          0x000000000001ca80      0x254 obj/default/lua/lmem.o
                0x000000000001ca80                luaM_growaux_
                0x000000000001cba0                luaM_toobig
                0x000000000001cbc4                luaM_realloc_
 .text          0x000000000001ccd4     0x13c8 obj/default/lua/loadlib.o
                0x000000000001df24                luaopen_package
 .text          0x000000000001e09c     0x1c20 obj/default/lua/lobject.o
                0x000000000001e09c                luaO_int2fb
                0x000000000001e140                luaO_fb2int
                0x000000000001e190                luaO_ceillog2
                0x000000000001e714                luaO_arith
                0x000000000001eab4                luaO_hexavalue
                0x000000000001f16c                luaO_str2num
                0x000000000001f240                luaO_utf8esc
                0x000000000001f328                luaO_tostring
                0x000000000001f504                luaO_pushvfstring
                0x000000000001fa10                luaO_pushfstring
                0x000000000001fa68                luaO_chunkid
 .text          0x000000000001fcbc        0x0 obj/default/lua/lopcodes.o
 .text          0x000000000001fcbc      0xdd8 obj/default/lua/loslib.o
                0x0000000000020a2c                luaopen_os
 .text          0x0000000000020a94     0x4d70 obj/default/lua/lparser.o
                0x000000000002563c                luaY_parser
 .text          0x0000000000025804      0xcfc obj/default/lua/lstate.o
                0x0000000000025930                luaE_setdebt
                0x00000000000259bc                luaE_extendCI
                0x0000000000025a40                luaE_freeCI
                0x0000000000025ad8                luaE_shrinkCI
                0x0000000000026080                lua_newthread
                0x00000000000261e8                luaE_freethread
                0x0000000000026254                lua_newstate
                0x00000000000264bc                lua_close
 .text          0x0000000000026500      0xbf4 obj/default/lua/lstring.o
                0x0000000000026500                luaS_eqlngstr
                0x0000000000026584                luaS_hash
                0x000000000002662c                luaS_hashlongstr
                0x00000000000266ac                luaS_resize
                0x00000000000268f8                luaS_clearcache
                0x00000000000269c4                luaS_init
                0x0000000000026b34                luaS_createlngstrobj
                0x0000000000026b94                luaS_remove
                0x0000000000026e4c                luaS_newlstr
                0x0000000000026edc                luaS_new
                0x0000000000027038                luaS_newudata
 .text          0x00000000000270f4     0x5454 obj/default/lua/lstrlib.o
                0x000000000002c4d8                luaopen_string
 .text          0x000000000002c548     0x2118 obj/default/lua/ltable.o
                0x000000000002cb60                luaH_next
                0x000000000002d3b4                luaH_resize
                0x000000000002d660                luaH_resizearray
                0x000000000002d7f0                luaH_new
                0x000000000002d86c                luaH_free
                0x000000000002d9a0                luaH_newkey
                0x000000000002dd38                luaH_getint
                0x000000000002de98                luaH_getshortstr
                0x000000000002e02c                luaH_getstr
                0x000000000002e0c0                luaH_get
                0x000000000002e1a4                luaH_set
                0x000000000002e20c                luaH_setint
                0x000000000002e510                luaH_getn
 .text          0x000000000002e660     0x1728 obj/default/lua/ltablib.o
                0x000000000002fd20                luaopen_table
 .text          0x000000000002fd88        0x0 obj/default/lua/ltests.o
 .text          0x000000000002fd88      0x768 obj/default/lua/ltm.o
                0x000000000002fd88                luaT_init
                0x000000000002fe54                luaT_gettm
                0x000000000002fed4                luaT_gettmbyobj
                0x000000000002ffb8                luaT_objtypename
                0x00000000000300a0                luaT_callTM
                0x0000000000030264                luaT_callbinTM
                0x0000000000030308                luaT_trybinTM
                0x000000000003044c                luaT_callorderTM
 .text          0x00000000000304f0     0x1150 obj/default/lua/lundump.o
                0x000000000003149c                luaU_undump
 .text          0x0000000000031640     0x1028 obj/default/lua/lutf8lib.o
                0x00000000000325d8                luaopen_utf8
 .text          0x0000000000032668     0x69c4 obj/default/lua/lvm.o
                0x0000000000032668                luaV_tonumber_
                0x0000000000032798                luaV_tointeger
                0x0000000000032a98                luaV_finishget
                0x0000000000032c6c                luaV_finishset
                0x0000000000033574                luaV_lessthan
                0x0000000000033664                luaV_lessequal
                0x00000000000337bc                luaV_equalobj
                0x0000000000033e5c                luaV_concat
                0x00000000000342fc                luaV_objlen
                0x00000000000344d8                luaV_div
                0x000000000003466c                luaV_mod
                0x00000000000347b4                luaV_shiftl
                0x0000000000034bdc                luaV_finishOp
                0x0000000000034f90                luaV_execute
 .text          0x000000000003902c      0x21c obj/default/lua/lzio.o
                0x000000000003902c                luaZ_fill
                0x00000000000390d8                luaZ_init
                0x000000000003913c                luaZ_read
 .text          0x0000000000039248      0x1ec obj/default/lua/testes/libs/lib1.o
                0x0000000000039278                lib1_export
                0x00000000000392b4                onefunction
                0x0000000000039310                anotherfunc
                0x00000000000393ac                luaopen_lib1_sub
 .text          0x0000000000039434       0x30 obj/default/lua/testes/libs/lib11.o
                0x0000000000039434                luaopen_lib11
 .text          0x0000000000039464       0xc4 obj/default/lua/testes/libs/lib2.o
                0x0000000000039494                luaopen_lib2
 .text          0x0000000000039528       0x30 obj/default/lua/testes/libs/lib21.o
                0x0000000000039528                luaopen_lib21
 .text          0x0000000000039558        0x0 /home/kris/intelFPGA_lite/16.1/nios2eds/bin/gnu/H-x86_64-pc-linux-gnu/bin/../lib/gcc/nios2-elf/5.3.0/../../../../../H-x86_64-pc-linux-gnu/nios2-elf/lib/mno-hw-mul/libm.a(lib_a-s_ceil.o)
 .text.ceil     0x0000000000039558      0x1e0 /home/kris/intelFPGA_lite/16.1/nios2eds/bin/gnu/H-x86_64-pc-linux-gnu/bin/../lib/gcc/nios2-elf/5.3.0/../../../../../H-x86_64-pc-linux-gnu/nios2-elf/lib/mno-hw-mul/libm.a(lib_a-s_ceil.o)
                0x0000000000039558                ceil
 .text          0x0000000000039738        0x0 /home/kris/intelFPGA_lite/16.1/nios2eds/bin/gnu/H-x86_64-pc-linux-gnu/bin/../lib/gcc/nios2-elf/5.3.0/../../../../../H-x86_64-pc-linux-gnu/nios2-elf/lib/mno-hw-mul/libm.a(lib_a-s_cos.o)
 .text.cos      0x0000000000039738       0xec /home/kris/intelFPGA_lite/16.1/nios2eds/bin/gnu/H-x86_64-pc-linux-gnu/bin/../lib/gcc/nios2-elf/5.3.0/../../../../../H-x86_64-pc-linux-gnu/nios2-elf/lib/mno-hw-mul/libm.a(lib_a-s_cos.o)
                0x0000000000039738                cos
 .text          0x0000000000039824        0x0 /home/kris/intelFPGA_lite/16.1/nios2eds/bin/gnu/H-x86_64-pc-linux-gnu/bin/../lib/gcc/nios2-elf/5.3.0/../../../../../H-x86_64-pc-linux-gnu/nios2-elf/lib/mno-hw-mul/libm.a(lib_a-s_floor.o)
 .text.floor    0x0000000000039824      0x1ec /home/kris/intelFPGA_lite/16.1/nios2eds/bin/gnu/H-x86_64-pc-linux-gnu/bin/../lib/gcc/nios2-elf/5.3.0/../../../../../H-x86_64-pc-linux-gnu/nios2-elf/lib/mno-hw-mul/libm.a(lib_a-s_floor.o)
                0x0000000000039824                floor
 .text          0x0000000000039a10        0x0 /home/kris/intelFPGA_lite/16.1/nios2eds/bin/gnu/H-x86_64-pc-linux-gnu/bin/../lib/gcc/nios2-elf/5.3.0/../../../../../H-x86_64-pc-linux-gnu/nios2-elf/lib/mno-hw-mul/libm.a(lib_a-s_frexp.o)
 .text.frexp    0x0000000000039a10       0xa8 /home/kris/intelFPGA_lite/16.1/nios2eds/bin/gnu/H-x86_64-pc-linux-gnu/bin/../lib/gcc/nios2-elf/5.3.0/../../../../../H-x86_64-pc-linux-gnu/nios2-elf/lib/mno-hw-mul/libm.a(lib_a-s_frexp.o)
                0x0000000000039a10                frexp
 .text          0x0000000000039ab8        0x0 /home/kris/intelFPGA_lite/16.1/nios2eds/bin/gnu/H-x86_64-pc-linux-gnu/bin/../lib/gcc/nios2-elf/5.3.0/../../../../../H-x86_64-pc-linux-gnu/nios2-elf/lib/mno-hw-mul/libm.a(lib_a-s_sin.o)
 .text.sin      0x0000000000039ab8       0xf0 /home/kris/intelFPGA_lite/16.1/nios2eds/bin/gnu/H-x86_64-pc-linux-gnu/bin/../lib/gcc/nios2-elf/5.3.0/../../../../../H-x86_64-pc-linux-gnu/nios2-elf/lib/mno-hw-mul/libm.a(lib_a-s_sin.o)
                0x0000000000039ab8                sin
 .text          0x0000000000039ba8        0x0 /home/kris/intelFPGA_lite/16.1/nios2eds/bin/gnu/H-x86_64-pc-linux-gnu/bin/../lib/gcc/nios2-elf/5.3.0/../../../../../H-x86_64-pc-linux-gnu/nios2-elf/lib/mno-hw-mul/libm.a(lib_a-s_tan.o)
 .text.tan      0x0000000000039ba8       0xa0 /home/kris/intelFPGA_lite/16.1/nios2eds/bin/gnu/H-x86_64-pc-linux-gnu/bin/../lib/gcc/nios2-elf/5.3.0/../../../../../H-x86_64-pc-linux-gnu/nios2-elf/lib/mno-hw-mul/libm.a(lib_a-s_tan.o)
                0x0000000000039ba8                tan
 .text          0x0000000000039c48        0x0 /home/kris/intelFPGA_lite/16.1/nios2eds/bin/gnu/H-x86_64-pc-linux-gnu/bin/../lib/gcc/nios2-elf/5.3.0/../../../../../H-x86_64-pc-linux-gnu/nios2-elf/lib/mno-hw-mul/libm.a(lib_a-w_acos.o)
 .text.acos     0x0000000000039c48      0x128 /home/kris/intelFPGA_lite/16.1/nios2eds/bin/gnu/H-x86_64-pc-linux-gnu/bin/../lib/gcc/nios2-elf/5.3.0/../../../../../H-x86_64-pc-linux-gnu/nios2-elf/lib/mno-hw-mul/libm.a(lib_a-w_acos.o)
                0x0000000000039c48                acos
 .text          0x0000000000039d70        0x0 /home/kris/intelFPGA_lite/16.1/nios2eds/bin/gnu/H-x86_64-pc-linux-gnu/bin/../lib/gcc/nios2-elf/5.3.0/../../../../../H-x86_64-pc-linux-gnu/nios2-elf/lib/mno-hw-mul/libm.a(lib_a-w_asin.o)
 .text.asin     0x0000000000039d70      0x128 /home/kris/intelFPGA_lite/16.1/nios2eds/bin/gnu/H-x86_64-pc-linux-gnu/bin/../lib/gcc/nios2-elf/5.3.0/../../../../../H-x86_64-pc-linux-gnu/nios2-elf/lib/mno-hw-mul/libm.a(lib_a-w_asin.o)
                0x0000000000039d70                asin
 .text          0x0000000000039e98        0x0 /home/kris/intelFPGA_lite/16.1/nios2eds/bin/gnu/H-x86_64-pc-linux-gnu/bin/../lib/gcc/nios2-elf/5.3.0/../../../../../H-x86_64-pc-linux-gnu/nios2-elf/lib/mno-hw-mul/libm.a(lib_a-w_atan2.o)
 .text.atan2    0x0000000000039e98        0x4 /home/kris/intelFPGA_lite/16.1/nios2eds/bin/gnu/H-x86_64-pc-linux-gnu/bin/../lib/gcc/nios2-elf/5.3.0/../../../../../H-x86_64-pc-linux-gnu/nios2-elf/lib/mno-hw-mul/libm.a(lib_a-w_atan2.o)
                0x0000000000039e98                atan2
 .text          0x0000000000039e9c        0x0 /home/kris/intelFPGA_lite/16.1/nios2eds/bin/gnu/H-x86_64-pc-linux-gnu/bin/../lib/gcc/nios2-elf/5.3.0/../../../../../H-x86_64-pc-linux-gnu/nios2-elf/lib/mno-hw-mul/libm.a(lib_a-w_exp.o)
 .text.exp      0x0000000000039e9c      0x190 /home/kris/intelFPGA_lite/16.1/nios2eds/bin/gnu/H-x86_64-pc-linux-gnu/bin/../lib/gcc/nios2-elf/5.3.0/../../../../../H-x86_64-pc-linux-gnu/nios2-elf/lib/mno-hw-mul/libm.a(lib_a-w_exp.o)
                0x0000000000039e9c                exp
 .text          0x000000000003a02c        0x0 /home/kris/intelFPGA_lite/16.1/nios2eds/bin/gnu/H-x86_64-pc-linux-gnu/bin/../lib/gcc/nios2-elf/5.3.0/../../../../../H-x86_64-pc-linux-gnu/nios2-elf/lib/mno-hw-mul/libm.a(lib_a-w_fmod.o)
 .text.fmod     0x000000000003a02c      0x158 /home/kris/intelFPGA_lite/16.1/nios2eds/bin/gnu/H-x86_64-pc-linux-gnu/bin/../lib/gcc/nios2-elf/5.3.0/../../../../../H-x86_64-pc-linux-gnu/nios2-elf/lib/mno-hw-mul/libm.a(lib_a-w_fmod.o)
                0x000000000003a02c                fmod
 .text          0x000000000003a184        0x0 /home/kris/intelFPGA_lite/16.1/nios2eds/bin/gnu/H-x86_64-pc-linux-gnu/bin/../lib/gcc/nios2-elf/5.3.0/../../../../../H-x86_64-pc-linux-gnu/nios2-elf/lib/mno-hw-mul/libm.a(lib_a-w_log.o)
 .text.log      0x000000000003a184      0x19c /home/kris/intelFPGA_lite/16.1/nios2eds/bin/gnu/H-x86_64-pc-linux-gnu/bin/../lib/gcc/nios2-elf/5.3.0/../../../../../H-x86_64-pc-linux-gnu/nios2-elf/lib/mno-hw-mul/libm.a(lib_a-w_log.o)
                0x000000000003a184                log
 .text          0x000000000003a320        0x0 /home/kris/intelFPGA_lite/16.1/nios2eds/bin/gnu/H-x86_64-pc-linux-gnu/bin/../lib/gcc/nios2-elf/5.3.0/../../../../../H-x86_64-pc-linux-gnu/nios2-elf/lib/mno-hw-mul/libm.a(lib_a-w_log10.o)
 .text.log10    0x000000000003a320      0x19c /home/kris/intelFPGA_lite/16.1/nios2eds/bin/gnu/H-x86_64-pc-linux-gnu/bin/../lib/gcc/nios2-elf/5.3.0/../../../../../H-x86_64-pc-linux-gnu/nios2-elf/lib/mno-hw-mul/libm.a(lib_a-w_log10.o)
                0x000000000003a320                log10
 .text          0x000000000003a4bc        0x0 /home/kris/intelFPGA_lite/16.1/nios2eds/bin/gnu/H-x86_64-pc-linux-gnu/bin/../lib/gcc/nios2-elf/5.3.0/../../../../../H-x86_64-pc-linux-gnu/nios2-elf/lib/mno-hw-mul/libm.a(lib_a-w_pow.o)
 .text.pow      0x000000000003a4bc      0x4c4 /home/kris/intelFPGA_lite/16.1/nios2eds/bin/gnu/H-x86_64-pc-linux-gnu/bin/../lib/gcc/nios2-elf/5.3.0/../../../../../H-x86_64-pc-linux-gnu/nios2-elf/lib/mno-hw-mul/libm.a(lib_a-w_pow.o)
                0x000000000003a4bc                pow
 .text          0x000000000003a980        0x0 /home/kris/intelFPGA_lite/16.1/nios2eds/bin/gnu/H-x86_64-pc-linux-gnu/bin/../lib/gcc/nios2-elf/5.3.0/../../../../../H-x86_64-pc-linux-gnu/nios2-elf/lib/mno-hw-mul/libm.a(lib_a-w_sqrt.o)
 .text.sqrt     0x000000000003a980      0x130 /home/kris/intelFPGA_lite/16.1/nios2eds/bin/gnu/H-x86_64-pc-linux-gnu/bin/../lib/gcc/nios2-elf/5.3.0/../../../../../H-x86_64-pc-linux-gnu/nios2-elf/lib/mno-hw-mul/libm.a(lib_a-w_sqrt.o)
                0x000000000003a980                sqrt
 .text          0x000000000003aab0        0x0 /home/kris/intelFPGA_lite/16.1/nios2eds/bin/gnu/H-x86_64-pc-linux-gnu/bin/../lib/gcc/nios2-elf/5.3.0/../../../../../H-x86_64-pc-linux-gnu/nios2-elf/lib/mno-hw-mul/libm.a(lib_a-e_acos.o)
 .text.__ieee754_acos
                0x000000000003aab0      0x8c0 /home/kris/intelFPGA_lite/16.1/nios2eds/bin/gnu/H-x86_64-pc-linux-gnu/bin/../lib/gcc/nios2-elf/5.3.0/../../../../../H-x86_64-pc-linux-gnu/nios2-elf/lib/mno-hw-mul/libm.a(lib_a-e_acos.o)
                0x000000000003aab0                __ieee754_acos
 .text          0x000000000003b370        0x0 /home/kris/intelFPGA_lite/16.1/nios2eds/bin/gnu/H-x86_64-pc-linux-gnu/bin/../lib/gcc/nios2-elf/5.3.0/../../../../../H-x86_64-pc-linux-gnu/nios2-elf/lib/mno-hw-mul/libm.a(lib_a-e_asin.o)
 .text.__ieee754_asin
                0x000000000003b370      0x784 /home/kris/intelFPGA_lite/16.1/nios2eds/bin/gnu/H-x86_64-pc-linux-gnu/bin/../lib/gcc/nios2-elf/5.3.0/../../../../../H-x86_64-pc-linux-gnu/nios2-elf/lib/mno-hw-mul/libm.a(lib_a-e_asin.o)
                0x000000000003b370                __ieee754_asin
 .text          0x000000000003baf4        0x0 /home/kris/intelFPGA_lite/16.1/nios2eds/bin/gnu/H-x86_64-pc-linux-gnu/bin/../lib/gcc/nios2-elf/5.3.0/../../../../../H-x86_64-pc-linux-gnu/nios2-elf/lib/mno-hw-mul/libm.a(lib_a-e_atan2.o)
 .text.__ieee754_atan2
                0x000000000003baf4      0x2c0 /home/kris/intelFPGA_lite/16.1/nios2eds/bin/gnu/H-x86_64-pc-linux-gnu/bin/../lib/gcc/nios2-elf/5.3.0/../../../../../H-x86_64-pc-linux-gnu/nios2-elf/lib/mno-hw-mul/libm.a(lib_a-e_atan2.o)
                0x000000000003baf4                __ieee754_atan2
 .text          0x000000000003bdb4        0x0 /home/kris/intelFPGA_lite/16.1/nios2eds/bin/gnu/H-x86_64-pc-linux-gnu/bin/../lib/gcc/nios2-elf/5.3.0/../../../../../H-x86_64-pc-linux-gnu/nios2-elf/lib/mno-hw-mul/libm.a(lib_a-e_exp.o)
 .text.__ieee754_exp
                0x000000000003bdb4      0x4e8 /home/kris/intelFPGA_lite/16.1/nios2eds/bin/gnu/H-x86_64-pc-linux-gnu/bin/../lib/gcc/nios2-elf/5.3.0/../../../../../H-x86_64-pc-linux-gnu/nios2-elf/lib/mno-hw-mul/libm.a(lib_a-e_exp.o)
                0x000000000003bdb4                __ieee754_exp
 .text          0x000000000003c29c        0x0 /home/kris/intelFPGA_lite/16.1/nios2eds/bin/gnu/H-x86_64-pc-linux-gnu/bin/../lib/gcc/nios2-elf/5.3.0/../../../../../H-x86_64-pc-linux-gnu/nios2-elf/lib/mno-hw-mul/libm.a(lib_a-e_fmod.o)
 .text.__ieee754_fmod
                0x000000000003c29c      0x340 /home/kris/intelFPGA_lite/16.1/nios2eds/bin/gnu/H-x86_64-pc-linux-gnu/bin/../lib/gcc/nios2-elf/5.3.0/../../../../../H-x86_64-pc-linux-gnu/nios2-elf/lib/mno-hw-mul/libm.a(lib_a-e_fmod.o)
                0x000000000003c29c                __ieee754_fmod
 .text          0x000000000003c5dc        0x0 /home/kris/intelFPGA_lite/16.1/nios2eds/bin/gnu/H-x86_64-pc-linux-gnu/bin/../lib/gcc/nios2-elf/5.3.0/../../../../../H-x86_64-pc-linux-gnu/nios2-elf/lib/mno-hw-mul/libm.a(lib_a-e_log.o)
 .text.__ieee754_log
                0x000000000003c5dc      0x71c /home/kris/intelFPGA_lite/16.1/nios2eds/bin/gnu/H-x86_64-pc-linux-gnu/bin/../lib/gcc/nios2-elf/5.3.0/../../../../../H-x86_64-pc-linux-gnu/nios2-elf/lib/mno-hw-mul/libm.a(lib_a-e_log.o)
                0x000000000003c5dc                __ieee754_log
 .text          0x000000000003ccf8        0x0 /home/kris/intelFPGA_lite/16.1/nios2eds/bin/gnu/H-x86_64-pc-linux-gnu/bin/../lib/gcc/nios2-elf/5.3.0/../../../../../H-x86_64-pc-linux-gnu/nios2-elf/lib/mno-hw-mul/libm.a(lib_a-e_log10.o)
 .text.__ieee754_log10
                0x000000000003ccf8      0x1d0 /home/kris/intelFPGA_lite/16.1/nios2eds/bin/gnu/H-x86_64-pc-linux-gnu/bin/../lib/gcc/nios2-elf/5.3.0/../../../../../H-x86_64-pc-linux-gnu/nios2-elf/lib/mno-hw-mul/libm.a(lib_a-e_log10.o)
                0x000000000003ccf8                __ieee754_log10
 .text          0x000000000003cec8        0x0 /home/kris/intelFPGA_lite/16.1/nios2eds/bin/gnu/H-x86_64-pc-linux-gnu/bin/../lib/gcc/nios2-elf/5.3.0/../../../../../H-x86_64-pc-linux-gnu/nios2-elf/lib/mno-hw-mul/libm.a(lib_a-e_pow.o)
 .text.__ieee754_pow
                0x000000000003cec8     0x10a4 /home/kris/intelFPGA_lite/16.1/nios2eds/bin/gnu/H-x86_64-pc-linux-gnu/bin/../lib/gcc/nios2-elf/5.3.0/../../../../../H-x86_64-pc-linux-gnu/nios2-elf/lib/mno-hw-mul/libm.a(lib_a-e_pow.o)
                0x000000000003cec8                __ieee754_pow
 .text          0x000000000003df6c        0x0 /home/kris/intelFPGA_lite/16.1/nios2eds/bin/gnu/H-x86_64-pc-linux-gnu/bin/../lib/gcc/nios2-elf/5.3.0/../../../../../H-x86_64-pc-linux-gnu/nios2-elf/lib/mno-hw-mul/libm.a(lib_a-e_rem_pio2.o)
 .text.__ieee754_rem_pio2
                0x000000000003df6c      0x76c /home/kris/intelFPGA_lite/16.1/nios2eds/bin/gnu/H-x86_64-pc-linux-gnu/bin/../lib/gcc/nios2-elf/5.3.0/../../../../../H-x86_64-pc-linux-gnu/nios2-elf/lib/mno-hw-mul/libm.a(lib_a-e_rem_pio2.o)
                0x000000000003df6c                __ieee754_rem_pio2
 .text          0x000000000003e6d8        0x0 /home/kris/intelFPGA_lite/16.1/nios2eds/bin/gnu/H-x86_64-pc-linux-gnu/bin/../lib/gcc/nios2-elf/5.3.0/../../../../../H-x86_64-pc-linux-gnu/nios2-elf/lib/mno-hw-mul/libm.a(lib_a-e_sqrt.o)
 .text.__ieee754_sqrt
                0x000000000003e6d8      0x288 /home/kris/intelFPGA_lite/16.1/nios2eds/bin/gnu/H-x86_64-pc-linux-gnu/bin/../lib/gcc/nios2-elf/5.3.0/../../../../../H-x86_64-pc-linux-gnu/nios2-elf/lib/mno-hw-mul/libm.a(lib_a-e_sqrt.o)
                0x000000000003e6d8                __ieee754_sqrt
 .text          0x000000000003e960        0x0 /home/kris/intelFPGA_lite/16.1/nios2eds/bin/gnu/H-x86_64-pc-linux-gnu/bin/../lib/gcc/nios2-elf/5.3.0/../../../../../H-x86_64-pc-linux-gnu/nios2-elf/lib/mno-hw-mul/libm.a(lib_a-k_cos.o)
 .text.__kernel_cos
                0x000000000003e960      0x4a4 /home/kris/intelFPGA_lite/16.1/nios2eds/bin/gnu/H-x86_64-pc-linux-gnu/bin/../lib/gcc/nios2-elf/5.3.0/../../../../../H-x86_64-pc-linux-gnu/nios2-elf/lib/mno-hw-mul/libm.a(lib_a-k_cos.o)
                0x000000000003e960                __kernel_cos
 .text          0x000000000003ee04        0x0 /home/kris/intelFPGA_lite/16.1/nios2eds/bin/gnu/H-x86_64-pc-linux-gnu/bin/../lib/gcc/nios2-elf/5.3.0/../../../../../H-x86_64-pc-linux-gnu/nios2-elf/lib/mno-hw-mul/libm.a(lib_a-k_rem_pio2.o)
 .text.__kernel_rem_pio2
                0x000000000003ee04      0xd98 /home/kris/intelFPGA_lite/16.1/nios2eds/bin/gnu/H-x86_64-pc-linux-gnu/bin/../lib/gcc/nios2-elf/5.3.0/../../../../../H-x86_64-pc-linux-gnu/nios2-elf/lib/mno-hw-mul/libm.a(lib_a-k_rem_pio2.o)
                0x000000000003ee04                __kernel_rem_pio2
 .text          0x000000000003fb9c        0x0 /home/kris/intelFPGA_lite/16.1/nios2eds/bin/gnu/H-x86_64-pc-linux-gnu/bin/../lib/gcc/nios2-elf/5.3.0/../../../../../H-x86_64-pc-linux-gnu/nios2-elf/lib/mno-hw-mul/libm.a(lib_a-k_sin.o)
 .text.__kernel_sin
                0x000000000003fb9c      0x2cc /home/kris/intelFPGA_lite/16.1/nios2eds/bin/gnu/H-x86_64-pc-linux-gnu/bin/../lib/gcc/nios2-elf/5.3.0/../../../../../H-x86_64-pc-linux-gnu/nios2-elf/lib/mno-hw-mul/libm.a(lib_a-k_sin.o)
                0x000000000003fb9c                __kernel_sin
 .text          0x000000000003fe68        0x0 /home/kris/intelFPGA_lite/16.1/nios2eds/bin/gnu/H-x86_64-pc-linux-gnu/bin/../lib/gcc/nios2-elf/5.3.0/../../../../../H-x86_64-pc-linux-gnu/nios2-elf/lib/mno-hw-mul/libm.a(lib_a-k_tan.o)
 .text.__kernel_tan
                0x000000000003fe68      0x66c /home/kris/intelFPGA_lite/16.1/nios2eds/bin/gnu/H-x86_64-pc-linux-gnu/bin/../lib/gcc/nios2-elf/5.3.0/../../../../../H-x86_64-pc-linux-gnu/nios2-elf/lib/mno-hw-mul/libm.a(lib_a-k_tan.o)
                0x000000000003fe68                __kernel_tan
 .text          0x00000000000404d4        0x0 /home/kris/intelFPGA_lite/16.1/nios2eds/bin/gnu/H-x86_64-pc-linux-gnu/bin/../lib/gcc/nios2-elf/5.3.0/../../../../../H-x86_64-pc-linux-gnu/nios2-elf/lib/mno-hw-mul/libm.a(lib_a-s_atan.o)
 .text.atan     0x00000000000404d4      0x588 /home/kris/intelFPGA_lite/16.1/nios2eds/bin/gnu/H-x86_64-pc-linux-gnu/bin/../lib/gcc/nios2-elf/5.3.0/../../../../../H-x86_64-pc-linux-gnu/nios2-elf/lib/mno-hw-mul/libm.a(lib_a-s_atan.o)
                0x00000000000404d4                atan
 .text          0x0000000000040a5c        0x0 /home/kris/intelFPGA_lite/16.1/nios2eds/bin/gnu/H-x86_64-pc-linux-gnu/bin/../lib/gcc/nios2-elf/5.3.0/../../../../../H-x86_64-pc-linux-gnu/nios2-elf/lib/mno-hw-mul/libm.a(lib_a-s_fabs.o)
 .text.fabs     0x0000000000040a5c       0x14 /home/kris/intelFPGA_lite/16.1/nios2eds/bin/gnu/H-x86_64-pc-linux-gnu/bin/../lib/gcc/nios2-elf/5.3.0/../../../../../H-x86_64-pc-linux-gnu/nios2-elf/lib/mno-hw-mul/libm.a(lib_a-s_fabs.o)
                0x0000000000040a5c                fabs
 .text          0x0000000000040a70        0x0 /home/kris/intelFPGA_lite/16.1/nios2eds/bin/gnu/H-x86_64-pc-linux-gnu/bin/../lib/gcc/nios2-elf/5.3.0/../../../../../H-x86_64-pc-linux-gnu/nios2-elf/lib/mno-hw-mul/libm.a(lib_a-s_finite.o)
 .text.finite   0x0000000000040a70       0x1c /home/kris/intelFPGA_lite/16.1/nios2eds/bin/gnu/H-x86_64-pc-linux-gnu/bin/../lib/gcc/nios2-elf/5.3.0/../../../../../H-x86_64-pc-linux-gnu/nios2-elf/lib/mno-hw-mul/libm.a(lib_a-s_finite.o)
                0x0000000000040a70                finite
 .text          0x0000000000040a8c        0x0 /home/kris/intelFPGA_lite/16.1/nios2eds/bin/gnu/H-x86_64-pc-linux-gnu/bin/../lib/gcc/nios2-elf/5.3.0/../../../../../H-x86_64-pc-linux-gnu/nios2-elf/lib/mno-hw-mul/libm.a(lib_a-s_fpclassify.o)
 .text.__fpclassifyd
                0x0000000000040a8c       0x74 /home/kris/intelFPGA_lite/16.1/nios2eds/bin/gnu/H-x86_64-pc-linux-gnu/bin/../lib/gcc/nios2-elf/5.3.0/../../../../../H-x86_64-pc-linux-gnu/nios2-elf/lib/mno-hw-mul/libm.a(lib_a-s_fpclassify.o)
                0x0000000000040a8c                __fpclassifyd
 .text          0x0000000000040b00        0x0 /home/kris/intelFPGA_lite/16.1/nios2eds/bin/gnu/H-x86_64-pc-linux-gnu/bin/../lib/gcc/nios2-elf/5.3.0/../../../../../H-x86_64-pc-linux-gnu/nios2-elf/lib/mno-hw-mul/libm.a(lib_a-s_lib_ver.o)
 .text          0x0000000000040b00        0x0 /home/kris/intelFPGA_lite/16.1/nios2eds/bin/gnu/H-x86_64-pc-linux-gnu/bin/../lib/gcc/nios2-elf/5.3.0/../../../../../H-x86_64-pc-linux-gnu/nios2-elf/lib/mno-hw-mul/libm.a(lib_a-s_matherr.o)
 .text.matherr  0x0000000000040b00        0x8 /home/kris/intelFPGA_lite/16.1/nios2eds/bin/gnu/H-x86_64-pc-linux-gnu/bin/../lib/gcc/nios2-elf/5.3.0/../../../../../H-x86_64-pc-linux-gnu/nios2-elf/lib/mno-hw-mul/libm.a(lib_a-s_matherr.o)
                0x0000000000040b00                matherr
 .text          0x0000000000040b08        0x0 /home/kris/intelFPGA_lite/16.1/nios2eds/bin/gnu/H-x86_64-pc-linux-gnu/bin/../lib/gcc/nios2-elf/5.3.0/../../../../../H-x86_64-pc-linux-gnu/nios2-elf/lib/mno-hw-mul/libm.a(lib_a-s_nan.o)
 .text.nan      0x0000000000040b08        0xc /home/kris/intelFPGA_lite/16.1/nios2eds/bin/gnu/H-x86_64-pc-linux-gnu/bin/../lib/gcc/nios2-elf/5.3.0/../../../../../H-x86_64-pc-linux-gnu/nios2-elf/lib/mno-hw-mul/libm.a(lib_a-s_nan.o)
                0x0000000000040b08                nan
 .text          0x0000000000040b14        0x0 /home/kris/intelFPGA_lite/16.1/nios2eds/bin/gnu/H-x86_64-pc-linux-gnu/bin/../lib/gcc/nios2-elf/5.3.0/../../../../../H-x86_64-pc-linux-gnu/nios2-elf/lib/mno-hw-mul/libm.a(lib_a-s_rint.o)
 .text.rint     0x0000000000040b14      0x1ec /home/kris/intelFPGA_lite/16.1/nios2eds/bin/gnu/H-x86_64-pc-linux-gnu/bin/../lib/gcc/nios2-elf/5.3.0/../../../../../H-x86_64-pc-linux-gnu/nios2-elf/lib/mno-hw-mul/libm.a(lib_a-s_rint.o)
                0x0000000000040b14                rint
 .text          0x0000000000040d00        0x0 /home/kris/intelFPGA_lite/16.1/nios2eds/bin/gnu/H-x86_64-pc-linux-gnu/bin/../lib/gcc/nios2-elf/5.3.0/../../../../../H-x86_64-pc-linux-gnu/nios2-elf/lib/mno-hw-mul/libm.a(lib_a-s_scalbn.o)
 .text.scalbn   0x0000000000040d00      0x19c /home/kris/intelFPGA_lite/16.1/nios2eds/bin/gnu/H-x86_64-pc-linux-gnu/bin/../lib/gcc/nios2-elf/5.3.0/../../../../../H-x86_64-pc-linux-gnu/nios2-elf/lib/mno-hw-mul/libm.a(lib_a-s_scalbn.o)
                0x0000000000040d00                scalbn
 .text          0x0000000000040e9c        0x0 /home/kris/intelFPGA_lite/16.1/nios2eds/bin/gnu/H-x86_64-pc-linux-gnu/bin/../lib/gcc/nios2-elf/5.3.0/../../../../../H-x86_64-pc-linux-gnu/nios2-elf/lib/mno-hw-mul/libm.a(lib_a-s_copysign.o)
 .text.copysign
                0x0000000000040e9c       0x1c /home/kris/intelFPGA_lite/16.1/nios2eds/bin/gnu/H-x86_64-pc-linux-gnu/bin/../lib/gcc/nios2-elf/5.3.0/../../../../../H-x86_64-pc-linux-gnu/nios2-elf/lib/mno-hw-mul/libm.a(lib_a-s_copysign.o)
                0x0000000000040e9c                copysign
 .text          0x0000000000040eb8      0x10c /home/kris/intelFPGA_lite/16.1/nios2eds/bin/gnu/H-x86_64-pc-linux-gnu/bin/../lib/gcc/nios2-elf/5.3.0/mno-hw-mul/libgcc.a(_muldi3.o)
                0x0000000000040eb8                __muldi3
 .text          0x0000000000040fc4       0x74 /home/kris/intelFPGA_lite/16.1/nios2eds/bin/gnu/H-x86_64-pc-linux-gnu/bin/../lib/gcc/nios2-elf/5.3.0/mno-hw-mul/libgcc.a(_fixdfdi.o)
                0x0000000000040fc4                __fixdfdi
 .text          0x0000000000041038       0x90 /home/kris/intelFPGA_lite/16.1/nios2eds/bin/gnu/H-x86_64-pc-linux-gnu/bin/../lib/gcc/nios2-elf/5.3.0/mno-hw-mul/libgcc.a(_fixunsdfdi.o)
                0x0000000000041038                __fixunsdfdi
 .text          0x00000000000410c8       0x70 /home/kris/intelFPGA_lite/16.1/nios2eds/bin/gnu/H-x86_64-pc-linux-gnu/bin/../lib/gcc/nios2-elf/5.3.0/mno-hw-mul/libgcc.a(_floatdidf.o)
                0x00000000000410c8                __floatdidf
 .text          0x0000000000041138      0x658 /home/kris/intelFPGA_lite/16.1/nios2eds/bin/gnu/H-x86_64-pc-linux-gnu/bin/../lib/gcc/nios2-elf/5.3.0/mno-hw-mul/libgcc.a(_divdi3.o)
                0x0000000000041138                __divdi3
 .text          0x0000000000041790      0x628 /home/kris/intelFPGA_lite/16.1/nios2eds/bin/gnu/H-x86_64-pc-linux-gnu/bin/../lib/gcc/nios2-elf/5.3.0/mno-hw-mul/libgcc.a(_moddi3.o)
                0x0000000000041790                __moddi3
 .text          0x0000000000041db8      0x1b4 /home/kris/intelFPGA_lite/16.1/nios2eds/bin/gnu/H-x86_64-pc-linux-gnu/bin/../lib/gcc/nios2-elf/5.3.0/mno-hw-mul/libgcc.a(lib2-divmod.o)
                0x0000000000041db8                __divsi3
                0x0000000000041e3c                __modsi3
                0x0000000000041eb0                __udivsi3
                0x0000000000041f14                __umodsi3
 .text          0x0000000000041f6c       0x28 /home/kris/intelFPGA_lite/16.1/nios2eds/bin/gnu/H-x86_64-pc-linux-gnu/bin/../lib/gcc/nios2-elf/5.3.0/mno-hw-mul/libgcc.a(lib2-mul.o)
                0x0000000000041f6c                __mulsi3
 .text          0x0000000000041f94      0x8ac /home/kris/intelFPGA_lite/16.1/nios2eds/bin/gnu/H-x86_64-pc-linux-gnu/bin/../lib/gcc/nios2-elf/5.3.0/mno-hw-mul/libgcc.a(adddf3.o)
                0x0000000000041f94                __adddf3
 .text          0x0000000000042840      0x9d0 /home/kris/intelFPGA_lite/16.1/nios2eds/bin/gnu/H-x86_64-pc-linux-gnu/bin/../lib/gcc/nios2-elf/5.3.0/mno-hw-mul/libgcc.a(divdf3.o)
                0x0000000000042840                __divdf3
 .text          0x0000000000043210       0x88 /home/kris/intelFPGA_lite/16.1/nios2eds/bin/gnu/H-x86_64-pc-linux-gnu/bin/../lib/gcc/nios2-elf/5.3.0/mno-hw-mul/libgcc.a(eqdf2.o)
                0x0000000000043210                __eqdf2
                0x0000000000043210                __nedf2
 .text          0x0000000000043298       0xdc /home/kris/intelFPGA_lite/16.1/nios2eds/bin/gnu/H-x86_64-pc-linux-gnu/bin/../lib/gcc/nios2-elf/5.3.0/mno-hw-mul/libgcc.a(gedf2.o)
                0x0000000000043298                __gtdf2
                0x0000000000043298                __gedf2
 .text          0x0000000000043374       0xf4 /home/kris/intelFPGA_lite/16.1/nios2eds/bin/gnu/H-x86_64-pc-linux-gnu/bin/../lib/gcc/nios2-elf/5.3.0/mno-hw-mul/libgcc.a(ledf2.o)
                0x0000000000043374                __ltdf2
                0x0000000000043374                __ledf2
 .text          0x0000000000043468      0x86c /home/kris/intelFPGA_lite/16.1/nios2eds/bin/gnu/H-x86_64-pc-linux-gnu/bin/../lib/gcc/nios2-elf/5.3.0/mno-hw-mul/libgcc.a(muldf3.o)
                0x0000000000043468                __muldf3
 .text          0x0000000000043cd4      0x8fc /home/kris/intelFPGA_lite/16.1/nios2eds/bin/gnu/H-x86_64-pc-linux-gnu/bin/../lib/gcc/nios2-elf/5.3.0/mno-hw-mul/libgcc.a(subdf3.o)
                0x0000000000043cd4                __subdf3
 .text          0x00000000000445d0       0x80 /home/kris/intelFPGA_lite/16.1/nios2eds/bin/gnu/H-x86_64-pc-linux-gnu/bin/../lib/gcc/nios2-elf/5.3.0/mno-hw-mul/libgcc.a(fixdfsi.o)
                0x00000000000445d0                __fixdfsi
 .text          0x0000000000044650       0xdc /home/kris/intelFPGA_lite/16.1/nios2eds/bin/gnu/H-x86_64-pc-linux-gnu/bin/../lib/gcc/nios2-elf/5.3.0/mno-hw-mul/libgcc.a(floatsidf.o)
                0x0000000000044650                __floatsidf
 .text          0x000000000004472c       0xa8 /home/kris/intelFPGA_lite/16.1/nios2eds/bin/gnu/H-x86_64-pc-linux-gnu/bin/../lib/gcc/nios2-elf/5.3.0/mno-hw-mul/libgcc.a(floatunsidf.o)
                0x000000000004472c                __floatunsidf
 .text          0x00000000000447d4      0x110 /home/kris/intelFPGA_lite/16.1/nios2eds/bin/gnu/H-x86_64-pc-linux-gnu/bin/../lib/gcc/nios2-elf/5.3.0/mno-hw-mul/libgcc.a(extendsfdf2.o)
                0x00000000000447d4                __extendsfdf2
 .text          0x00000000000448e4      0x1a8 /home/kris/intelFPGA_lite/16.1/nios2eds/bin/gnu/H-x86_64-pc-linux-gnu/bin/../lib/gcc/nios2-elf/5.3.0/mno-hw-mul/libgcc.a(truncdfsf2.o)
                0x00000000000448e4                __truncdfsf2
 .text          0x0000000000044a8c        0x0 /home/kris/intelFPGA_lite/16.1/nios2eds/bin/gnu/H-x86_64-pc-linux-gnu/bin/../lib/gcc/nios2-elf/5.3.0/mno-hw-mul/libgcc.a(_clz.o)
 .text          0x0000000000044a8c       0x64 /home/kris/intelFPGA_lite/16.1/nios2eds/bin/gnu/H-x86_64-pc-linux-gnu/bin/../lib/gcc/nios2-elf/5.3.0/mno-hw-mul/libgcc.a(_clzsi2.o)
                0x0000000000044a8c                __clzsi2
 .text          0x0000000000044af0       0x74 /home/kris/intelFPGA_lite/16.1/nios2eds/bin/gnu/H-x86_64-pc-linux-gnu/bin/../lib/gcc/nios2-elf/5.3.0/mno-hw-mul/libgcc.a(_fixunsdfsi.o)
                0x0000000000044af0                __fixunsdfsi
 .text          0x0000000000044b64        0x0 /home/kris/intelFPGA_lite/16.1/nios2eds/bin/gnu/H-x86_64-pc-linux-gnu/bin/../lib/gcc/nios2-elf/5.3.0/../../../../../H-x86_64-pc-linux-gnu/nios2-elf/lib/mno-hw-mul/libc.a(lib_a-abort.o)
 .text.abort    0x0000000000044b64       0x18 /home/kris/intelFPGA_lite/16.1/nios2eds/bin/gnu/H-x86_64-pc-linux-gnu/bin/../lib/gcc/nios2-elf/5.3.0/../../../../../H-x86_64-pc-linux-gnu/nios2-elf/lib/mno-hw-mul/libc.a(lib_a-abort.o)
                0x0000000000044b64                abort
 .text          0x0000000000044b7c        0x0 /home/kris/intelFPGA_lite/16.1/nios2eds/bin/gnu/H-x86_64-pc-linux-gnu/bin/../lib/gcc/nios2-elf/5.3.0/../../../../../H-x86_64-pc-linux-gnu/nios2-elf/lib/mno-hw-mul/libc.a(lib_a-clock.o)
 .text.clock    0x0000000000044b7c       0x4c /home/kris/intelFPGA_lite/16.1/nios2eds/bin/gnu/H-x86_64-pc-linux-gnu/bin/../lib/gcc/nios2-elf/5.3.0/../../../../../H-x86_64-pc-linux-gnu/nios2-elf/lib/mno-hw-mul/libc.a(lib_a-clock.o)
                0x0000000000044b7c                clock
 .text          0x0000000000044bc8        0x0 /home/kris/intelFPGA_lite/16.1/nios2eds/bin/gnu/H-x86_64-pc-linux-gnu/bin/../lib/gcc/nios2-elf/5.3.0/../../../../../H-x86_64-pc-linux-gnu/nios2-elf/lib/mno-hw-mul/libc.a(lib_a-ctype_.o)
 .text          0x0000000000044bc8        0x0 /home/kris/intelFPGA_lite/16.1/nios2eds/bin/gnu/H-x86_64-pc-linux-gnu/bin/../lib/gcc/nios2-elf/5.3.0/../../../../../H-x86_64-pc-linux-gnu/nios2-elf/lib/mno-hw-mul/libc.a(lib_a-difftime.o)
 .text.difftime
                0x0000000000044bc8       0x1c /home/kris/intelFPGA_lite/16.1/nios2eds/bin/gnu/H-x86_64-pc-linux-gnu/bin/../lib/gcc/nios2-elf/5.3.0/../../../../../H-x86_64-pc-linux-gnu/nios2-elf/lib/mno-hw-mul/libc.a(lib_a-difftime.o)
                0x0000000000044bc8                difftime
 .text          0x0000000000044be4        0x0 /home/kris/intelFPGA_lite/16.1/nios2eds/bin/gnu/H-x86_64-pc-linux-gnu/bin/../lib/gcc/nios2-elf/5.3.0/../../../../../H-x86_64-pc-linux-gnu/nios2-elf/lib/mno-hw-mul/libc.a(lib_a-errno.o)
 .text.__errno  0x0000000000044be4       0x10 /home/kris/intelFPGA_lite/16.1/nios2eds/bin/gnu/H-x86_64-pc-linux-gnu/bin/../lib/gcc/nios2-elf/5.3.0/../../../../../H-x86_64-pc-linux-gnu/nios2-elf/lib/mno-hw-mul/libc.a(lib_a-errno.o)
                0x0000000000044be4                __errno
 .text          0x0000000000044bf4        0x0 /home/kris/intelFPGA_lite/16.1/nios2eds/bin/gnu/H-x86_64-pc-linux-gnu/bin/../lib/gcc/nios2-elf/5.3.0/../../../../../H-x86_64-pc-linux-gnu/nios2-elf/lib/mno-hw-mul/libc.a(lib_a-exit.o)
 .text.exit     0x0000000000044bf4       0x38 /home/kris/intelFPGA_lite/16.1/nios2eds/bin/gnu/H-x86_64-pc-linux-gnu/bin/../lib/gcc/nios2-elf/5.3.0/../../../../../H-x86_64-pc-linux-gnu/nios2-elf/lib/mno-hw-mul/libc.a(lib_a-exit.o)
                0x0000000000044bf4                exit
 .text          0x0000000000044c2c        0x0 /home/kris/intelFPGA_lite/16.1/nios2eds/bin/gnu/H-x86_64-pc-linux-gnu/bin/../lib/gcc/nios2-elf/5.3.0/../../../../../H-x86_64-pc-linux-gnu/nios2-elf/lib/mno-hw-mul/libc.a(lib_a-fclose.o)
 .text._fclose_r
                0x0000000000044c2c       0xf0 /home/kris/intelFPGA_lite/16.1/nios2eds/bin/gnu/H-x86_64-pc-linux-gnu/bin/../lib/gcc/nios2-elf/5.3.0/../../../../../H-x86_64-pc-linux-gnu/nios2-elf/lib/mno-hw-mul/libc.a(lib_a-fclose.o)
                0x0000000000044c2c                _fclose_r
 .text.fclose   0x0000000000044d1c       0x14 /home/kris/intelFPGA_lite/16.1/nios2eds/bin/gnu/H-x86_64-pc-linux-gnu/bin/../lib/gcc/nios2-elf/5.3.0/../../../../../H-x86_64-pc-linux-gnu/nios2-elf/lib/mno-hw-mul/libc.a(lib_a-fclose.o)
                0x0000000000044d1c                fclose
 .text          0x0000000000044d30        0x0 /home/kris/intelFPGA_lite/16.1/nios2eds/bin/gnu/H-x86_64-pc-linux-gnu/bin/../lib/gcc/nios2-elf/5.3.0/../../../../../H-x86_64-pc-linux-gnu/nios2-elf/lib/mno-hw-mul/libc.a(lib_a-fflush.o)
 .text.__sflush_r
                0x0000000000044d30      0x21c /home/kris/intelFPGA_lite/16.1/nios2eds/bin/gnu/H-x86_64-pc-linux-gnu/bin/../lib/gcc/nios2-elf/5.3.0/../../../../../H-x86_64-pc-linux-gnu/nios2-elf/lib/mno-hw-mul/libc.a(lib_a-fflush.o)
                0x0000000000044d30                __sflush_r
 .text._fflush_r
                0x0000000000044f4c       0x5c /home/kris/intelFPGA_lite/16.1/nios2eds/bin/gnu/H-x86_64-pc-linux-gnu/bin/../lib/gcc/nios2-elf/5.3.0/../../../../../H-x86_64-pc-linux-gnu/nios2-elf/lib/mno-hw-mul/libc.a(lib_a-fflush.o)
                0x0000000000044f4c                _fflush_r
 .text.fflush   0x0000000000044fa8       0x30 /home/kris/intelFPGA_lite/16.1/nios2eds/bin/gnu/H-x86_64-pc-linux-gnu/bin/../lib/gcc/nios2-elf/5.3.0/../../../../../H-x86_64-pc-linux-gnu/nios2-elf/lib/mno-hw-mul/libc.a(lib_a-fflush.o)
                0x0000000000044fa8                fflush
 .text          0x0000000000044fd8        0x0 /home/kris/intelFPGA_lite/16.1/nios2eds/bin/gnu/H-x86_64-pc-linux-gnu/bin/../lib/gcc/nios2-elf/5.3.0/../../../../../H-x86_64-pc-linux-gnu/nios2-elf/lib/mno-hw-mul/libc.a(lib_a-fgets.o)
 .text._fgets_r
                0x0000000000044fd8      0x144 /home/kris/intelFPGA_lite/16.1/nios2eds/bin/gnu/H-x86_64-pc-linux-gnu/bin/../lib/gcc/nios2-elf/5.3.0/../../../../../H-x86_64-pc-linux-gnu/nios2-elf/lib/mno-hw-mul/libc.a(lib_a-fgets.o)
                0x0000000000044fd8                _fgets_r
 .text.fgets    0x000000000004511c       0x1c /home/kris/intelFPGA_lite/16.1/nios2eds/bin/gnu/H-x86_64-pc-linux-gnu/bin/../lib/gcc/nios2-elf/5.3.0/../../../../../H-x86_64-pc-linux-gnu/nios2-elf/lib/mno-hw-mul/libc.a(lib_a-fgets.o)
                0x000000000004511c                fgets
 .text          0x0000000000045138        0x0 /home/kris/intelFPGA_lite/16.1/nios2eds/bin/gnu/H-x86_64-pc-linux-gnu/bin/../lib/gcc/nios2-elf/5.3.0/../../../../../H-x86_64-pc-linux-gnu/nios2-elf/lib/mno-hw-mul/libc.a(lib_a-findfp.o)
 .text.__fp_unlock
                0x0000000000045138        0x8 /home/kris/intelFPGA_lite/16.1/nios2eds/bin/gnu/H-x86_64-pc-linux-gnu/bin/../lib/gcc/nios2-elf/5.3.0/../../../../../H-x86_64-pc-linux-gnu/nios2-elf/lib/mno-hw-mul/libc.a(lib_a-findfp.o)
 .text._cleanup_r
                0x0000000000045140        0xc /home/kris/intelFPGA_lite/16.1/nios2eds/bin/gnu/H-x86_64-pc-linux-gnu/bin/../lib/gcc/nios2-elf/5.3.0/../../../../../H-x86_64-pc-linux-gnu/nios2-elf/lib/mno-hw-mul/libc.a(lib_a-findfp.o)
                0x0000000000045140                _cleanup_r
 .text.__sinit.part.1
                0x000000000004514c      0x19c /home/kris/intelFPGA_lite/16.1/nios2eds/bin/gnu/H-x86_64-pc-linux-gnu/bin/../lib/gcc/nios2-elf/5.3.0/../../../../../H-x86_64-pc-linux-gnu/nios2-elf/lib/mno-hw-mul/libc.a(lib_a-findfp.o)
 .text.__fp_lock
                0x00000000000452e8        0x8 /home/kris/intelFPGA_lite/16.1/nios2eds/bin/gnu/H-x86_64-pc-linux-gnu/bin/../lib/gcc/nios2-elf/5.3.0/../../../../../H-x86_64-pc-linux-gnu/nios2-elf/lib/mno-hw-mul/libc.a(lib_a-findfp.o)
 .text.__sfmoreglue
                0x00000000000452f0       0x78 /home/kris/intelFPGA_lite/16.1/nios2eds/bin/gnu/H-x86_64-pc-linux-gnu/bin/../lib/gcc/nios2-elf/5.3.0/../../../../../H-x86_64-pc-linux-gnu/nios2-elf/lib/mno-hw-mul/libc.a(lib_a-findfp.o)
                0x00000000000452f0                __sfmoreglue
 .text.__sfp    0x0000000000045368      0x118 /home/kris/intelFPGA_lite/16.1/nios2eds/bin/gnu/H-x86_64-pc-linux-gnu/bin/../lib/gcc/nios2-elf/5.3.0/../../../../../H-x86_64-pc-linux-gnu/nios2-elf/lib/mno-hw-mul/libc.a(lib_a-findfp.o)
                0x0000000000045368                __sfp
 .text._cleanup
                0x0000000000045480       0x18 /home/kris/intelFPGA_lite/16.1/nios2eds/bin/gnu/H-x86_64-pc-linux-gnu/bin/../lib/gcc/nios2-elf/5.3.0/../../../../../H-x86_64-pc-linux-gnu/nios2-elf/lib/mno-hw-mul/libc.a(lib_a-findfp.o)
                0x0000000000045480                _cleanup
 .text.__sinit  0x0000000000045498       0x10 /home/kris/intelFPGA_lite/16.1/nios2eds/bin/gnu/H-x86_64-pc-linux-gnu/bin/../lib/gcc/nios2-elf/5.3.0/../../../../../H-x86_64-pc-linux-gnu/nios2-elf/lib/mno-hw-mul/libc.a(lib_a-findfp.o)
                0x0000000000045498                __sinit
 .text.__sfp_lock_acquire
                0x00000000000454a8        0x4 /home/kris/intelFPGA_lite/16.1/nios2eds/bin/gnu/H-x86_64-pc-linux-gnu/bin/../lib/gcc/nios2-elf/5.3.0/../../../../../H-x86_64-pc-linux-gnu/nios2-elf/lib/mno-hw-mul/libc.a(lib_a-findfp.o)
                0x00000000000454a8                __sfp_lock_acquire
 .text.__sfp_lock_release
                0x00000000000454ac        0x4 /home/kris/intelFPGA_lite/16.1/nios2eds/bin/gnu/H-x86_64-pc-linux-gnu/bin/../lib/gcc/nios2-elf/5.3.0/../../../../../H-x86_64-pc-linux-gnu/nios2-elf/lib/mno-hw-mul/libc.a(lib_a-findfp.o)
                0x00000000000454ac                __sfp_lock_release
 .text.__sinit_lock_acquire
                0x00000000000454b0        0x4 /home/kris/intelFPGA_lite/16.1/nios2eds/bin/gnu/H-x86_64-pc-linux-gnu/bin/../lib/gcc/nios2-elf/5.3.0/../../../../../H-x86_64-pc-linux-gnu/nios2-elf/lib/mno-hw-mul/libc.a(lib_a-findfp.o)
                0x00000000000454b0                __sinit_lock_acquire
 .text.__sinit_lock_release
                0x00000000000454b4        0x4 /home/kris/intelFPGA_lite/16.1/nios2eds/bin/gnu/H-x86_64-pc-linux-gnu/bin/../lib/gcc/nios2-elf/5.3.0/../../../../../H-x86_64-pc-linux-gnu/nios2-elf/lib/mno-hw-mul/libc.a(lib_a-findfp.o)
                0x00000000000454b4                __sinit_lock_release
 .text.__fp_lock_all
                0x00000000000454b8       0x18 /home/kris/intelFPGA_lite/16.1/nios2eds/bin/gnu/H-x86_64-pc-linux-gnu/bin/../lib/gcc/nios2-elf/5.3.0/../../../../../H-x86_64-pc-linux-gnu/nios2-elf/lib/mno-hw-mul/libc.a(lib_a-findfp.o)
                0x00000000000454b8                __fp_lock_all
 .text.__fp_unlock_all
                0x00000000000454d0       0x18 /home/kris/intelFPGA_lite/16.1/nios2eds/bin/gnu/H-x86_64-pc-linux-gnu/bin/../lib/gcc/nios2-elf/5.3.0/../../../../../H-x86_64-pc-linux-gnu/nios2-elf/lib/mno-hw-mul/libc.a(lib_a-findfp.o)
                0x00000000000454d0                __fp_unlock_all
 .text          0x00000000000454e8        0x0 /home/kris/intelFPGA_lite/16.1/nios2eds/bin/gnu/H-x86_64-pc-linux-gnu/bin/../lib/gcc/nios2-elf/5.3.0/../../../../../H-x86_64-pc-linux-gnu/nios2-elf/lib/mno-hw-mul/libc.a(lib_a-fopen.o)
 .text._fopen_r
                0x00000000000454e8       0xf4 /home/kris/intelFPGA_lite/16.1/nios2eds/bin/gnu/H-x86_64-pc-linux-gnu/bin/../lib/gcc/nios2-elf/5.3.0/../../../../../H-x86_64-pc-linux-gnu/nios2-elf/lib/mno-hw-mul/libc.a(lib_a-fopen.o)
                0x00000000000454e8                _fopen_r
 .text.fopen    0x00000000000455dc       0x18 /home/kris/intelFPGA_lite/16.1/nios2eds/bin/gnu/H-x86_64-pc-linux-gnu/bin/../lib/gcc/nios2-elf/5.3.0/../../../../../H-x86_64-pc-linux-gnu/nios2-elf/lib/mno-hw-mul/libc.a(lib_a-fopen.o)
                0x00000000000455dc                fopen
 .text          0x00000000000455f4        0x0 /home/kris/intelFPGA_lite/16.1/nios2eds/bin/gnu/H-x86_64-pc-linux-gnu/bin/../lib/gcc/nios2-elf/5.3.0/../../../../../H-x86_64-pc-linux-gnu/nios2-elf/lib/mno-hw-mul/libc.a(lib_a-fprintf.o)
 .text._fprintf_r
                0x00000000000455f4       0x28 /home/kris/intelFPGA_lite/16.1/nios2eds/bin/gnu/H-x86_64-pc-linux-gnu/bin/../lib/gcc/nios2-elf/5.3.0/../../../../../H-x86_64-pc-linux-gnu/nios2-elf/lib/mno-hw-mul/libc.a(lib_a-fprintf.o)
                0x00000000000455f4                _fprintf_r
 .text.fprintf  0x000000000004561c       0x24 /home/kris/intelFPGA_lite/16.1/nios2eds/bin/gnu/H-x86_64-pc-linux-gnu/bin/../lib/gcc/nios2-elf/5.3.0/../../../../../H-x86_64-pc-linux-gnu/nios2-elf/lib/mno-hw-mul/libc.a(lib_a-fprintf.o)
                0x000000000004561c                fprintf
 .text          0x0000000000045640        0x0 /home/kris/intelFPGA_lite/16.1/nios2eds/bin/gnu/H-x86_64-pc-linux-gnu/bin/../lib/gcc/nios2-elf/5.3.0/../../../../../H-x86_64-pc-linux-gnu/nios2-elf/lib/mno-hw-mul/libc.a(lib_a-fputs.o)
 .text._fputs_r
                0x0000000000045640       0x9c /home/kris/intelFPGA_lite/16.1/nios2eds/bin/gnu/H-x86_64-pc-linux-gnu/bin/../lib/gcc/nios2-elf/5.3.0/../../../../../H-x86_64-pc-linux-gnu/nios2-elf/lib/mno-hw-mul/libc.a(lib_a-fputs.o)
                0x0000000000045640                _fputs_r
 .text.fputs    0x00000000000456dc       0x18 /home/kris/intelFPGA_lite/16.1/nios2eds/bin/gnu/H-x86_64-pc-linux-gnu/bin/../lib/gcc/nios2-elf/5.3.0/../../../../../H-x86_64-pc-linux-gnu/nios2-elf/lib/mno-hw-mul/libc.a(lib_a-fputs.o)
                0x00000000000456dc                fputs
 .text          0x00000000000456f4        0x0 /home/kris/intelFPGA_lite/16.1/nios2eds/bin/gnu/H-x86_64-pc-linux-gnu/bin/../lib/gcc/nios2-elf/5.3.0/../../../../../H-x86_64-pc-linux-gnu/nios2-elf/lib/mno-hw-mul/libc.a(lib_a-fread.o)
 .text._fread_r
                0x00000000000456f4      0x23c /home/kris/intelFPGA_lite/16.1/nios2eds/bin/gnu/H-x86_64-pc-linux-gnu/bin/../lib/gcc/nios2-elf/5.3.0/../../../../../H-x86_64-pc-linux-gnu/nios2-elf/lib/mno-hw-mul/libc.a(lib_a-fread.o)
                0x00000000000456f4                _fread_r
 .text.fread    0x0000000000045930       0x34 /home/kris/intelFPGA_lite/16.1/nios2eds/bin/gnu/H-x86_64-pc-linux-gnu/bin/../lib/gcc/nios2-elf/5.3.0/../../../../../H-x86_64-pc-linux-gnu/nios2-elf/lib/mno-hw-mul/libc.a(lib_a-fread.o)
                0x0000000000045930                fread
 .text          0x0000000000045964        0x0 /home/kris/intelFPGA_lite/16.1/nios2eds/bin/gnu/H-x86_64-pc-linux-gnu/bin/../lib/gcc/nios2-elf/5.3.0/../../../../../H-x86_64-pc-linux-gnu/nios2-elf/lib/mno-hw-mul/libc.a(lib_a-freer.o)
 .text._malloc_trim_r
                0x0000000000045964      0x124 /home/kris/intelFPGA_lite/16.1/nios2eds/bin/gnu/H-x86_64-pc-linux-gnu/bin/../lib/gcc/nios2-elf/5.3.0/../../../../../H-x86_64-pc-linux-gnu/nios2-elf/lib/mno-hw-mul/libc.a(lib_a-freer.o)
                0x0000000000045964                _malloc_trim_r
 .text._free_r  0x0000000000045a88      0x310 /home/kris/intelFPGA_lite/16.1/nios2eds/bin/gnu/H-x86_64-pc-linux-gnu/bin/../lib/gcc/nios2-elf/5.3.0/../../../../../H-x86_64-pc-linux-gnu/nios2-elf/lib/mno-hw-mul/libc.a(lib_a-freer.o)
                0x0000000000045a88                _free_r
 .text          0x0000000000045d98        0x0 /home/kris/intelFPGA_lite/16.1/nios2eds/bin/gnu/H-x86_64-pc-linux-gnu/bin/../lib/gcc/nios2-elf/5.3.0/../../../../../H-x86_64-pc-linux-gnu/nios2-elf/lib/mno-hw-mul/libc.a(lib_a-freopen.o)
 .text._freopen_r
                0x0000000000045d98      0x234 /home/kris/intelFPGA_lite/16.1/nios2eds/bin/gnu/H-x86_64-pc-linux-gnu/bin/../lib/gcc/nios2-elf/5.3.0/../../../../../H-x86_64-pc-linux-gnu/nios2-elf/lib/mno-hw-mul/libc.a(lib_a-freopen.o)
                0x0000000000045d98                _freopen_r
 .text.freopen  0x0000000000045fcc       0x1c /home/kris/intelFPGA_lite/16.1/nios2eds/bin/gnu/H-x86_64-pc-linux-gnu/bin/../lib/gcc/nios2-elf/5.3.0/../../../../../H-x86_64-pc-linux-gnu/nios2-elf/lib/mno-hw-mul/libc.a(lib_a-freopen.o)
                0x0000000000045fcc                freopen
 .text          0x0000000000045fe8        0x0 /home/kris/intelFPGA_lite/16.1/nios2eds/bin/gnu/H-x86_64-pc-linux-gnu/bin/../lib/gcc/nios2-elf/5.3.0/../../../../../H-x86_64-pc-linux-gnu/nios2-elf/lib/mno-hw-mul/libc.a(lib_a-fseek.o)
 .text._fseek_r
                0x0000000000045fe8        0x4 /home/kris/intelFPGA_lite/16.1/nios2eds/bin/gnu/H-x86_64-pc-linux-gnu/bin/../lib/gcc/nios2-elf/5.3.0/../../../../../H-x86_64-pc-linux-gnu/nios2-elf/lib/mno-hw-mul/libc.a(lib_a-fseek.o)
                0x0000000000045fe8                _fseek_r
 .text.fseek    0x0000000000045fec       0x1c /home/kris/intelFPGA_lite/16.1/nios2eds/bin/gnu/H-x86_64-pc-linux-gnu/bin/../lib/gcc/nios2-elf/5.3.0/../../../../../H-x86_64-pc-linux-gnu/nios2-elf/lib/mno-hw-mul/libc.a(lib_a-fseek.o)
                0x0000000000045fec                fseek
 .text          0x0000000000046008        0x0 /home/kris/intelFPGA_lite/16.1/nios2eds/bin/gnu/H-x86_64-pc-linux-gnu/bin/../lib/gcc/nios2-elf/5.3.0/../../../../../H-x86_64-pc-linux-gnu/nios2-elf/lib/mno-hw-mul/libc.a(lib_a-fseeko.o)
 .text._fseeko_r
                0x0000000000046008      0x444 /home/kris/intelFPGA_lite/16.1/nios2eds/bin/gnu/H-x86_64-pc-linux-gnu/bin/../lib/gcc/nios2-elf/5.3.0/../../../../../H-x86_64-pc-linux-gnu/nios2-elf/lib/mno-hw-mul/libc.a(lib_a-fseeko.o)
                0x0000000000046008                _fseeko_r
 .text.fseeko   0x000000000004644c       0x1c /home/kris/intelFPGA_lite/16.1/nios2eds/bin/gnu/H-x86_64-pc-linux-gnu/bin/../lib/gcc/nios2-elf/5.3.0/../../../../../H-x86_64-pc-linux-gnu/nios2-elf/lib/mno-hw-mul/libc.a(lib_a-fseeko.o)
                0x000000000004644c                fseeko
 .text          0x0000000000046468        0x0 /home/kris/intelFPGA_lite/16.1/nios2eds/bin/gnu/H-x86_64-pc-linux-gnu/bin/../lib/gcc/nios2-elf/5.3.0/../../../../../H-x86_64-pc-linux-gnu/nios2-elf/lib/mno-hw-mul/libc.a(lib_a-fstatr.o)
 .text._fstat_r
                0x0000000000046468       0x5c /home/kris/intelFPGA_lite/16.1/nios2eds/bin/gnu/H-x86_64-pc-linux-gnu/bin/../lib/gcc/nios2-elf/5.3.0/../../../../../H-x86_64-pc-linux-gnu/nios2-elf/lib/mno-hw-mul/libc.a(lib_a-fstatr.o)
                0x0000000000046468                _fstat_r
 .text          0x00000000000464c4        0x0 /home/kris/intelFPGA_lite/16.1/nios2eds/bin/gnu/H-x86_64-pc-linux-gnu/bin/../lib/gcc/nios2-elf/5.3.0/../../../../../H-x86_64-pc-linux-gnu/nios2-elf/lib/mno-hw-mul/libc.a(lib_a-ftell.o)
 .text._ftell_r
                0x00000000000464c4        0x4 /home/kris/intelFPGA_lite/16.1/nios2eds/bin/gnu/H-x86_64-pc-linux-gnu/bin/../lib/gcc/nios2-elf/5.3.0/../../../../../H-x86_64-pc-linux-gnu/nios2-elf/lib/mno-hw-mul/libc.a(lib_a-ftell.o)
                0x00000000000464c4                _ftell_r
 .text.ftell    0x00000000000464c8       0x14 /home/kris/intelFPGA_lite/16.1/nios2eds/bin/gnu/H-x86_64-pc-linux-gnu/bin/../lib/gcc/nios2-elf/5.3.0/../../../../../H-x86_64-pc-linux-gnu/nios2-elf/lib/mno-hw-mul/libc.a(lib_a-ftell.o)
                0x00000000000464c8                ftell
 .text          0x00000000000464dc        0x0 /home/kris/intelFPGA_lite/16.1/nios2eds/bin/gnu/H-x86_64-pc-linux-gnu/bin/../lib/gcc/nios2-elf/5.3.0/../../../../../H-x86_64-pc-linux-gnu/nios2-elf/lib/mno-hw-mul/libc.a(lib_a-ftello.o)
 .text._ftello_r
                0x00000000000464dc       0xec /home/kris/intelFPGA_lite/16.1/nios2eds/bin/gnu/H-x86_64-pc-linux-gnu/bin/../lib/gcc/nios2-elf/5.3.0/../../../../../H-x86_64-pc-linux-gnu/nios2-elf/lib/mno-hw-mul/libc.a(lib_a-ftello.o)
                0x00000000000464dc                _ftello_r
 .text.ftello   0x00000000000465c8       0x14 /home/kris/intelFPGA_lite/16.1/nios2eds/bin/gnu/H-x86_64-pc-linux-gnu/bin/../lib/gcc/nios2-elf/5.3.0/../../../../../H-x86_64-pc-linux-gnu/nios2-elf/lib/mno-hw-mul/libc.a(lib_a-ftello.o)
                0x00000000000465c8                ftello
 .text          0x00000000000465dc        0x0 /home/kris/intelFPGA_lite/16.1/nios2eds/bin/gnu/H-x86_64-pc-linux-gnu/bin/../lib/gcc/nios2-elf/5.3.0/../../../../../H-x86_64-pc-linux-gnu/nios2-elf/lib/mno-hw-mul/libc.a(lib_a-fvwrite.o)
 .text.__sfvwrite_r
                0x00000000000465dc      0x4c8 /home/kris/intelFPGA_lite/16.1/nios2eds/bin/gnu/H-x86_64-pc-linux-gnu/bin/../lib/gcc/nios2-elf/5.3.0/../../../../../H-x86_64-pc-linux-gnu/nios2-elf/lib/mno-hw-mul/libc.a(lib_a-fvwrite.o)
                0x00000000000465dc                __sfvwrite_r
 .text          0x0000000000046aa4        0x0 /home/kris/intelFPGA_lite/16.1/nios2eds/bin/gnu/H-x86_64-pc-linux-gnu/bin/../lib/gcc/nios2-elf/5.3.0/../../../../../H-x86_64-pc-linux-gnu/nios2-elf/lib/mno-hw-mul/libc.a(lib_a-fwalk.o)
 .text._fwalk   0x0000000000046aa4       0xc4 /home/kris/intelFPGA_lite/16.1/nios2eds/bin/gnu/H-x86_64-pc-linux-gnu/bin/../lib/gcc/nios2-elf/5.3.0/../../../../../H-x86_64-pc-linux-gnu/nios2-elf/lib/mno-hw-mul/libc.a(lib_a-fwalk.o)
                0x0000000000046aa4                _fwalk
 .text._fwalk_reent
                0x0000000000046b68       0xc4 /home/kris/intelFPGA_lite/16.1/nios2eds/bin/gnu/H-x86_64-pc-linux-gnu/bin/../lib/gcc/nios2-elf/5.3.0/../../../../../H-x86_64-pc-linux-gnu/nios2-elf/lib/mno-hw-mul/libc.a(lib_a-fwalk.o)
                0x0000000000046b68                _fwalk_reent
 .text          0x0000000000046c2c        0x0 /home/kris/intelFPGA_lite/16.1/nios2eds/bin/gnu/H-x86_64-pc-linux-gnu/bin/../lib/gcc/nios2-elf/5.3.0/../../../../../H-x86_64-pc-linux-gnu/nios2-elf/lib/mno-hw-mul/libc.a(lib_a-fwrite.o)
 .text._fwrite_r
                0x0000000000046c2c       0xdc /home/kris/intelFPGA_lite/16.1/nios2eds/bin/gnu/H-x86_64-pc-linux-gnu/bin/../lib/gcc/nios2-elf/5.3.0/../../../../../H-x86_64-pc-linux-gnu/nios2-elf/lib/mno-hw-mul/libc.a(lib_a-fwrite.o)
                0x0000000000046c2c                _fwrite_r
 .text.fwrite   0x0000000000046d08       0x34 /home/kris/intelFPGA_lite/16.1/nios2eds/bin/gnu/H-x86_64-pc-linux-gnu/bin/../lib/gcc/nios2-elf/5.3.0/../../../../../H-x86_64-pc-linux-gnu/nios2-elf/lib/mno-hw-mul/libc.a(lib_a-fwrite.o)
                0x0000000000046d08                fwrite
 .text          0x0000000000046d3c        0x0 /home/kris/intelFPGA_lite/16.1/nios2eds/bin/gnu/H-x86_64-pc-linux-gnu/bin/../lib/gcc/nios2-elf/5.3.0/../../../../../H-x86_64-pc-linux-gnu/nios2-elf/lib/mno-hw-mul/libc.a(lib_a-getc.o)
 .text._getc_r  0x0000000000046d3c       0x70 /home/kris/intelFPGA_lite/16.1/nios2eds/bin/gnu/H-x86_64-pc-linux-gnu/bin/../lib/gcc/nios2-elf/5.3.0/../../../../../H-x86_64-pc-linux-gnu/nios2-elf/lib/mno-hw-mul/libc.a(lib_a-getc.o)
                0x0000000000046d3c                _getc_r
 .text.getc     0x0000000000046dac       0x88 /home/kris/intelFPGA_lite/16.1/nios2eds/bin/gnu/H-x86_64-pc-linux-gnu/bin/../lib/gcc/nios2-elf/5.3.0/../../../../../H-x86_64-pc-linux-gnu/nios2-elf/lib/mno-hw-mul/libc.a(lib_a-getc.o)
                0x0000000000046dac                getc
 .text          0x0000000000046e34        0x0 /home/kris/intelFPGA_lite/16.1/nios2eds/bin/gnu/H-x86_64-pc-linux-gnu/bin/../lib/gcc/nios2-elf/5.3.0/../../../../../H-x86_64-pc-linux-gnu/nios2-elf/lib/mno-hw-mul/libc.a(lib_a-getenv.o)
 .text._findenv
                0x0000000000046e34       0x18 /home/kris/intelFPGA_lite/16.1/nios2eds/bin/gnu/H-x86_64-pc-linux-gnu/bin/../lib/gcc/nios2-elf/5.3.0/../../../../../H-x86_64-pc-linux-gnu/nios2-elf/lib/mno-hw-mul/libc.a(lib_a-getenv.o)
                0x0000000000046e34                _findenv
 .text.getenv   0x0000000000046e4c       0x2c /home/kris/intelFPGA_lite/16.1/nios2eds/bin/gnu/H-x86_64-pc-linux-gnu/bin/../lib/gcc/nios2-elf/5.3.0/../../../../../H-x86_64-pc-linux-gnu/nios2-elf/lib/mno-hw-mul/libc.a(lib_a-getenv.o)
                0x0000000000046e4c                getenv
 .text          0x0000000000046e78        0x0 /home/kris/intelFPGA_lite/16.1/nios2eds/bin/gnu/H-x86_64-pc-linux-gnu/bin/../lib/gcc/nios2-elf/5.3.0/../../../../../H-x86_64-pc-linux-gnu/nios2-elf/lib/mno-hw-mul/libc.a(lib_a-getenv_r.o)
 .text._findenv_r
                0x0000000000046e78      0x104 /home/kris/intelFPGA_lite/16.1/nios2eds/bin/gnu/H-x86_64-pc-linux-gnu/bin/../lib/gcc/nios2-elf/5.3.0/../../../../../H-x86_64-pc-linux-gnu/nios2-elf/lib/mno-hw-mul/libc.a(lib_a-getenv_r.o)
                0x0000000000046e78                _findenv_r
 .text._getenv_r
                0x0000000000046f7c       0x1c /home/kris/intelFPGA_lite/16.1/nios2eds/bin/gnu/H-x86_64-pc-linux-gnu/bin/../lib/gcc/nios2-elf/5.3.0/../../../../../H-x86_64-pc-linux-gnu/nios2-elf/lib/mno-hw-mul/libc.a(lib_a-getenv_r.o)
                0x0000000000046f7c                _getenv_r
 .text          0x0000000000046f98        0x0 /home/kris/intelFPGA_lite/16.1/nios2eds/bin/gnu/H-x86_64-pc-linux-gnu/bin/../lib/gcc/nios2-elf/5.3.0/../../../../../H-x86_64-pc-linux-gnu/nios2-elf/lib/mno-hw-mul/libc.a(lib_a-gmtime.o)
 .text.gmtime   0x0000000000046f98       0x14 /home/kris/intelFPGA_lite/16.1/nios2eds/bin/gnu/H-x86_64-pc-linux-gnu/bin/../lib/gcc/nios2-elf/5.3.0/../../../../../H-x86_64-pc-linux-gnu/nios2-elf/lib/mno-hw-mul/libc.a(lib_a-gmtime.o)
                0x0000000000046f98                gmtime
 .text          0x0000000000046fac        0x0 /home/kris/intelFPGA_lite/16.1/nios2eds/bin/gnu/H-x86_64-pc-linux-gnu/bin/../lib/gcc/nios2-elf/5.3.0/../../../../../H-x86_64-pc-linux-gnu/nios2-elf/lib/mno-hw-mul/libc.a(lib_a-gmtime_r.o)
 .text.gmtime_r
                0x0000000000046fac      0x228 /home/kris/intelFPGA_lite/16.1/nios2eds/bin/gnu/H-x86_64-pc-linux-gnu/bin/../lib/gcc/nios2-elf/5.3.0/../../../../../H-x86_64-pc-linux-gnu/nios2-elf/lib/mno-hw-mul/libc.a(lib_a-gmtime_r.o)
                0x0000000000046fac                gmtime_r
 .text          0x00000000000471d4        0x0 /home/kris/intelFPGA_lite/16.1/nios2eds/bin/gnu/H-x86_64-pc-linux-gnu/bin/../lib/gcc/nios2-elf/5.3.0/../../../../../H-x86_64-pc-linux-gnu/nios2-elf/lib/mno-hw-mul/libc.a(lib_a-impure.o)
 .text          0x00000000000471d4        0x0 /home/kris/intelFPGA_lite/16.1/nios2eds/bin/gnu/H-x86_64-pc-linux-gnu/bin/../lib/gcc/nios2-elf/5.3.0/../../../../../H-x86_64-pc-linux-gnu/nios2-elf/lib/mno-hw-mul/libc.a(lib_a-int_errno.o)
 .text          0x00000000000471d4        0x0 /home/kris/intelFPGA_lite/16.1/nios2eds/bin/gnu/H-x86_64-pc-linux-gnu/bin/../lib/gcc/nios2-elf/5.3.0/../../../../../H-x86_64-pc-linux-gnu/nios2-elf/lib/mno-hw-mul/libc.a(lib_a-lcltime.o)
 .text.localtime
                0x00000000000471d4       0x14 /home/kris/intelFPGA_lite/16.1/nios2eds/bin/gnu/H-x86_64-pc-linux-gnu/bin/../lib/gcc/nios2-elf/5.3.0/../../../../../H-x86_64-pc-linux-gnu/nios2-elf/lib/mno-hw-mul/libc.a(lib_a-lcltime.o)
                0x00000000000471d4                localtime
 .text          0x00000000000471e8        0x0 /home/kris/intelFPGA_lite/16.1/nios2eds/bin/gnu/H-x86_64-pc-linux-gnu/bin/../lib/gcc/nios2-elf/5.3.0/../../../../../H-x86_64-pc-linux-gnu/nios2-elf/lib/mno-hw-mul/libc.a(lib_a-lcltime_r.o)
 .text.localtime_r
                0x00000000000471e8      0x344 /home/kris/intelFPGA_lite/16.1/nios2eds/bin/gnu/H-x86_64-pc-linux-gnu/bin/../lib/gcc/nios2-elf/5.3.0/../../../../../H-x86_64-pc-linux-gnu/nios2-elf/lib/mno-hw-mul/libc.a(lib_a-lcltime_r.o)
                0x00000000000471e8                localtime_r
 .text          0x000000000004752c        0x0 /home/kris/intelFPGA_lite/16.1/nios2eds/bin/gnu/H-x86_64-pc-linux-gnu/bin/../lib/gcc/nios2-elf/5.3.0/../../../../../H-x86_64-pc-linux-gnu/nios2-elf/lib/mno-hw-mul/libc.a(lib_a-locale.o)
 .text._setlocale_r
                0x000000000004752c       0x7c /home/kris/intelFPGA_lite/16.1/nios2eds/bin/gnu/H-x86_64-pc-linux-gnu/bin/../lib/gcc/nios2-elf/5.3.0/../../../../../H-x86_64-pc-linux-gnu/nios2-elf/lib/mno-hw-mul/libc.a(lib_a-locale.o)
                0x000000000004752c                _setlocale_r
 .text.__locale_charset
                0x00000000000475a8        0xc /home/kris/intelFPGA_lite/16.1/nios2eds/bin/gnu/H-x86_64-pc-linux-gnu/bin/../lib/gcc/nios2-elf/5.3.0/../../../../../H-x86_64-pc-linux-gnu/nios2-elf/lib/mno-hw-mul/libc.a(lib_a-locale.o)
                0x00000000000475a8                __locale_charset
 .text.__locale_mb_cur_max
                0x00000000000475b4       0x10 /home/kris/intelFPGA_lite/16.1/nios2eds/bin/gnu/H-x86_64-pc-linux-gnu/bin/../lib/gcc/nios2-elf/5.3.0/../../../../../H-x86_64-pc-linux-gnu/nios2-elf/lib/mno-hw-mul/libc.a(lib_a-locale.o)
                0x00000000000475b4                __locale_mb_cur_max
 .text.__locale_msgcharset
                0x00000000000475c4        0xc /home/kris/intelFPGA_lite/16.1/nios2eds/bin/gnu/H-x86_64-pc-linux-gnu/bin/../lib/gcc/nios2-elf/5.3.0/../../../../../H-x86_64-pc-linux-gnu/nios2-elf/lib/mno-hw-mul/libc.a(lib_a-locale.o)
                0x00000000000475c4                __locale_msgcharset
 .text.__locale_cjk_lang
                0x00000000000475d0        0x8 /home/kris/intelFPGA_lite/16.1/nios2eds/bin/gnu/H-x86_64-pc-linux-gnu/bin/../lib/gcc/nios2-elf/5.3.0/../../../../../H-x86_64-pc-linux-gnu/nios2-elf/lib/mno-hw-mul/libc.a(lib_a-locale.o)
                0x00000000000475d0                __locale_cjk_lang
 .text._localeconv_r
                0x00000000000475d8        0xc /home/kris/intelFPGA_lite/16.1/nios2eds/bin/gnu/H-x86_64-pc-linux-gnu/bin/../lib/gcc/nios2-elf/5.3.0/../../../../../H-x86_64-pc-linux-gnu/nios2-elf/lib/mno-hw-mul/libc.a(lib_a-locale.o)
                0x00000000000475d8                _localeconv_r
 .text.setlocale
                0x00000000000475e4       0x18 /home/kris/intelFPGA_lite/16.1/nios2eds/bin/gnu/H-x86_64-pc-linux-gnu/bin/../lib/gcc/nios2-elf/5.3.0/../../../../../H-x86_64-pc-linux-gnu/nios2-elf/lib/mno-hw-mul/libc.a(lib_a-locale.o)
                0x00000000000475e4                setlocale
 .text.localeconv
                0x00000000000475fc        0xc /home/kris/intelFPGA_lite/16.1/nios2eds/bin/gnu/H-x86_64-pc-linux-gnu/bin/../lib/gcc/nios2-elf/5.3.0/../../../../../H-x86_64-pc-linux-gnu/nios2-elf/lib/mno-hw-mul/libc.a(lib_a-locale.o)
                0x00000000000475fc                localeconv
 .text          0x0000000000047608        0x0 /home/kris/intelFPGA_lite/16.1/nios2eds/bin/gnu/H-x86_64-pc-linux-gnu/bin/../lib/gcc/nios2-elf/5.3.0/../../../../../H-x86_64-pc-linux-gnu/nios2-elf/lib/mno-hw-mul/libc.a(lib_a-makebuf.o)
 .text.__smakebuf_r
                0x0000000000047608      0x1bc /home/kris/intelFPGA_lite/16.1/nios2eds/bin/gnu/H-x86_64-pc-linux-gnu/bin/../lib/gcc/nios2-elf/5.3.0/../../../../../H-x86_64-pc-linux-gnu/nios2-elf/lib/mno-hw-mul/libc.a(lib_a-makebuf.o)
                0x0000000000047608                __smakebuf_r
 .text          0x00000000000477c4        0x0 /home/kris/intelFPGA_lite/16.1/nios2eds/bin/gnu/H-x86_64-pc-linux-gnu/bin/../lib/gcc/nios2-elf/5.3.0/../../../../../H-x86_64-pc-linux-gnu/nios2-elf/lib/mno-hw-mul/libc.a(lib_a-malloc.o)
 .text.malloc   0x00000000000477c4       0x14 /home/kris/intelFPGA_lite/16.1/nios2eds/bin/gnu/H-x86_64-pc-linux-gnu/bin/../lib/gcc/nios2-elf/5.3.0/../../../../../H-x86_64-pc-linux-gnu/nios2-elf/lib/mno-hw-mul/libc.a(lib_a-malloc.o)
                0x00000000000477c4                malloc
 .text.free     0x00000000000477d8       0x14 /home/kris/intelFPGA_lite/16.1/nios2eds/bin/gnu/H-x86_64-pc-linux-gnu/bin/../lib/gcc/nios2-elf/5.3.0/../../../../../H-x86_64-pc-linux-gnu/nios2-elf/lib/mno-hw-mul/libc.a(lib_a-malloc.o)
                0x00000000000477d8                free
 .text          0x00000000000477ec        0x0 /home/kris/intelFPGA_lite/16.1/nios2eds/bin/gnu/H-x86_64-pc-linux-gnu/bin/../lib/gcc/nios2-elf/5.3.0/../../../../../H-x86_64-pc-linux-gnu/nios2-elf/lib/mno-hw-mul/libc.a(lib_a-mallocr.o)
 .text._malloc_r
                0x00000000000477ec      0x80c /home/kris/intelFPGA_lite/16.1/nios2eds/bin/gnu/H-x86_64-pc-linux-gnu/bin/../lib/gcc/nios2-elf/5.3.0/../../../../../H-x86_64-pc-linux-gnu/nios2-elf/lib/mno-hw-mul/libc.a(lib_a-mallocr.o)
                0x00000000000477ec                _malloc_r
 .text          0x0000000000047ff8        0x0 /home/kris/intelFPGA_lite/16.1/nios2eds/bin/gnu/H-x86_64-pc-linux-gnu/bin/../lib/gcc/nios2-elf/5.3.0/../../../../../H-x86_64-pc-linux-gnu/nios2-elf/lib/mno-hw-mul/libc.a(lib_a-memchr.o)
 .text.memchr   0x0000000000047ff8       0xe4 /home/kris/intelFPGA_lite/16.1/nios2eds/bin/gnu/H-x86_64-pc-linux-gnu/bin/../lib/gcc/nios2-elf/5.3.0/../../../../../H-x86_64-pc-linux-gnu/nios2-elf/lib/mno-hw-mul/libc.a(lib_a-memchr.o)
                0x0000000000047ff8                memchr
 .text          0x00000000000480dc        0x0 /home/kris/intelFPGA_lite/16.1/nios2eds/bin/gnu/H-x86_64-pc-linux-gnu/bin/../lib/gcc/nios2-elf/5.3.0/../../../../../H-x86_64-pc-linux-gnu/nios2-elf/lib/mno-hw-mul/libc.a(lib_a-memcmp.o)
 .text.memcmp   0x00000000000480dc       0x7c /home/kris/intelFPGA_lite/16.1/nios2eds/bin/gnu/H-x86_64-pc-linux-gnu/bin/../lib/gcc/nios2-elf/5.3.0/../../../../../H-x86_64-pc-linux-gnu/nios2-elf/lib/mno-hw-mul/libc.a(lib_a-memcmp.o)
                0x00000000000480dc                memcmp
 .text          0x0000000000048158        0x0 /home/kris/intelFPGA_lite/16.1/nios2eds/bin/gnu/H-x86_64-pc-linux-gnu/bin/../lib/gcc/nios2-elf/5.3.0/../../../../../H-x86_64-pc-linux-gnu/nios2-elf/lib/mno-hw-mul/libc.a(lib_a-memcpy.o)
 .text.memcpy   0x0000000000048158      0x148 /home/kris/intelFPGA_lite/16.1/nios2eds/bin/gnu/H-x86_64-pc-linux-gnu/bin/../lib/gcc/nios2-elf/5.3.0/../../../../../H-x86_64-pc-linux-gnu/nios2-elf/lib/mno-hw-mul/libc.a(lib_a-memcpy.o)
                0x0000000000048158                memcpy
 .text          0x00000000000482a0        0x0 /home/kris/intelFPGA_lite/16.1/nios2eds/bin/gnu/H-x86_64-pc-linux-gnu/bin/../lib/gcc/nios2-elf/5.3.0/../../../../../H-x86_64-pc-linux-gnu/nios2-elf/lib/mno-hw-mul/libc.a(lib_a-memmove.o)
 .text.memmove  0x00000000000482a0      0x15c /home/kris/intelFPGA_lite/16.1/nios2eds/bin/gnu/H-x86_64-pc-linux-gnu/bin/../lib/gcc/nios2-elf/5.3.0/../../../../../H-x86_64-pc-linux-gnu/nios2-elf/lib/mno-hw-mul/libc.a(lib_a-memmove.o)
                0x00000000000482a0                memmove
 .text          0x00000000000483fc        0x0 /home/kris/intelFPGA_lite/16.1/nios2eds/bin/gnu/H-x86_64-pc-linux-gnu/bin/../lib/gcc/nios2-elf/5.3.0/../../../../../H-x86_64-pc-linux-gnu/nios2-elf/lib/mno-hw-mul/libc.a(lib_a-memset.o)
 .text.memset   0x00000000000483fc      0x128 /home/kris/intelFPGA_lite/16.1/nios2eds/bin/gnu/H-x86_64-pc-linux-gnu/bin/../lib/gcc/nios2-elf/5.3.0/../../../../../H-x86_64-pc-linux-gnu/nios2-elf/lib/mno-hw-mul/libc.a(lib_a-memset.o)
                0x00000000000483fc                memset
 .text          0x0000000000048524        0x0 /home/kris/intelFPGA_lite/16.1/nios2eds/bin/gnu/H-x86_64-pc-linux-gnu/bin/../lib/gcc/nios2-elf/5.3.0/../../../../../H-x86_64-pc-linux-gnu/nios2-elf/lib/mno-hw-mul/libc.a(lib_a-mktime.o)
 .text.validate_structure
                0x0000000000048524      0x2f8 /home/kris/intelFPGA_lite/16.1/nios2eds/bin/gnu/H-x86_64-pc-linux-gnu/bin/../lib/gcc/nios2-elf/5.3.0/../../../../../H-x86_64-pc-linux-gnu/nios2-elf/lib/mno-hw-mul/libc.a(lib_a-mktime.o)
 .text.mktime   0x000000000004881c      0x44c /home/kris/intelFPGA_lite/16.1/nios2eds/bin/gnu/H-x86_64-pc-linux-gnu/bin/../lib/gcc/nios2-elf/5.3.0/../../../../../H-x86_64-pc-linux-gnu/nios2-elf/lib/mno-hw-mul/libc.a(lib_a-mktime.o)
                0x000000000004881c                mktime
 .text          0x0000000000048c68        0x0 /home/kris/intelFPGA_lite/16.1/nios2eds/bin/gnu/H-x86_64-pc-linux-gnu/bin/../lib/gcc/nios2-elf/5.3.0/../../../../../H-x86_64-pc-linux-gnu/nios2-elf/lib/mno-hw-mul/libc.a(lib_a-month_lengths.o)
 .text          0x0000000000048c68        0x0 /home/kris/intelFPGA_lite/16.1/nios2eds/bin/gnu/H-x86_64-pc-linux-gnu/bin/../lib/gcc/nios2-elf/5.3.0/../../../../../H-x86_64-pc-linux-gnu/nios2-elf/lib/mno-hw-mul/libc.a(lib_a-openr.o)
 .text._open_r  0x0000000000048c68       0x60 /home/kris/intelFPGA_lite/16.1/nios2eds/bin/gnu/H-x86_64-pc-linux-gnu/bin/../lib/gcc/nios2-elf/5.3.0/../../../../../H-x86_64-pc-linux-gnu/nios2-elf/lib/mno-hw-mul/libc.a(lib_a-openr.o)
                0x0000000000048c68                _open_r
 .text          0x0000000000048cc8        0x0 /home/kris/intelFPGA_lite/16.1/nios2eds/bin/gnu/H-x86_64-pc-linux-gnu/bin/../lib/gcc/nios2-elf/5.3.0/../../../../../H-x86_64-pc-linux-gnu/nios2-elf/lib/mno-hw-mul/libc.a(lib_a-rand.o)
 .text.srand    0x0000000000048cc8       0x18 /home/kris/intelFPGA_lite/16.1/nios2eds/bin/gnu/H-x86_64-pc-linux-gnu/bin/../lib/gcc/nios2-elf/5.3.0/../../../../../H-x86_64-pc-linux-gnu/nios2-elf/lib/mno-hw-mul/libc.a(lib_a-rand.o)
                0x0000000000048cc8                srand
 .text.rand     0x0000000000048ce0       0x64 /home/kris/intelFPGA_lite/16.1/nios2eds/bin/gnu/H-x86_64-pc-linux-gnu/bin/../lib/gcc/nios2-elf/5.3.0/../../../../../H-x86_64-pc-linux-gnu/nios2-elf/lib/mno-hw-mul/libc.a(lib_a-rand.o)
                0x0000000000048ce0                rand
 .text          0x0000000000048d44        0x0 /home/kris/intelFPGA_lite/16.1/nios2eds/bin/gnu/H-x86_64-pc-linux-gnu/bin/../lib/gcc/nios2-elf/5.3.0/../../../../../H-x86_64-pc-linux-gnu/nios2-elf/lib/mno-hw-mul/libc.a(lib_a-realloc.o)
 .text.realloc  0x0000000000048d44       0x18 /home/kris/intelFPGA_lite/16.1/nios2eds/bin/gnu/H-x86_64-pc-linux-gnu/bin/../lib/gcc/nios2-elf/5.3.0/../../../../../H-x86_64-pc-linux-gnu/nios2-elf/lib/mno-hw-mul/libc.a(lib_a-realloc.o)
                0x0000000000048d44                realloc
 .text          0x0000000000048d5c        0x0 /home/kris/intelFPGA_lite/16.1/nios2eds/bin/gnu/H-x86_64-pc-linux-gnu/bin/../lib/gcc/nios2-elf/5.3.0/../../../../../H-x86_64-pc-linux-gnu/nios2-elf/lib/mno-hw-mul/libc.a(lib_a-reallocr.o)
 .text._realloc_r
                0x0000000000048d5c      0x564 /home/kris/intelFPGA_lite/16.1/nios2eds/bin/gnu/H-x86_64-pc-linux-gnu/bin/../lib/gcc/nios2-elf/5.3.0/../../../../../H-x86_64-pc-linux-gnu/nios2-elf/lib/mno-hw-mul/libc.a(lib_a-reallocr.o)
                0x0000000000048d5c                _realloc_r
 .text          0x00000000000492c0        0x0 /home/kris/intelFPGA_lite/16.1/nios2eds/bin/gnu/H-x86_64-pc-linux-gnu/bin/../lib/gcc/nios2-elf/5.3.0/../../../../../H-x86_64-pc-linux-gnu/nios2-elf/lib/mno-hw-mul/libc.a(lib_a-refill.o)
 .text.lflush   0x00000000000492c0       0x1c /home/kris/intelFPGA_lite/16.1/nios2eds/bin/gnu/H-x86_64-pc-linux-gnu/bin/../lib/gcc/nios2-elf/5.3.0/../../../../../H-x86_64-pc-linux-gnu/nios2-elf/lib/mno-hw-mul/libc.a(lib_a-refill.o)
 .text.__srefill_r
                0x00000000000492dc      0x1d4 /home/kris/intelFPGA_lite/16.1/nios2eds/bin/gnu/H-x86_64-pc-linux-gnu/bin/../lib/gcc/nios2-elf/5.3.0/../../../../../H-x86_64-pc-linux-gnu/nios2-elf/lib/mno-hw-mul/libc.a(lib_a-refill.o)
                0x00000000000492dc                __srefill_r
 .text          0x00000000000494b0        0x0 /home/kris/intelFPGA_lite/16.1/nios2eds/bin/gnu/H-x86_64-pc-linux-gnu/bin/../lib/gcc/nios2-elf/5.3.0/../../../../../H-x86_64-pc-linux-gnu/nios2-elf/lib/mno-hw-mul/libc.a(lib_a-remove.o)
 .text._remove_r
                0x00000000000494b0       0x20 /home/kris/intelFPGA_lite/16.1/nios2eds/bin/gnu/H-x86_64-pc-linux-gnu/bin/../lib/gcc/nios2-elf/5.3.0/../../../../../H-x86_64-pc-linux-gnu/nios2-elf/lib/mno-hw-mul/libc.a(lib_a-remove.o)
                0x00000000000494b0                _remove_r