Archive member included to satisfy reference by file (symbol)

/home/kris/intelFPGA/18.1/nios2eds/bin/gnu/H-x86_64-pc-linux-gnu/bin/../lib/gcc/nios2-elf/5.3.0/../../../../../H-x86_64-pc-linux-gnu/nios2-elf/lib/libm.a(lib_a-sf_ceil.o)
                              obj/default/lua/lmathlib.o (ceilf)
/home/kris/intelFPGA/18.1/nios2eds/bin/gnu/H-x86_64-pc-linux-gnu/bin/../lib/gcc/nios2-elf/5.3.0/../../../../../H-x86_64-pc-linux-gnu/nios2-elf/lib/libm.a(lib_a-sf_cos.o)
                              obj/default/lua/lmathlib.o (cosf)
/home/kris/intelFPGA/18.1/nios2eds/bin/gnu/H-x86_64-pc-linux-gnu/bin/../lib/gcc/nios2-elf/5.3.0/../../../../../H-x86_64-pc-linux-gnu/nios2-elf/lib/libm.a(lib_a-sf_floor.o)
                              obj/default/lua/lmathlib.o (floorf)
/home/kris/intelFPGA/18.1/nios2eds/bin/gnu/H-x86_64-pc-linux-gnu/bin/../lib/gcc/nios2-elf/5.3.0/../../../../../H-x86_64-pc-linux-gnu/nios2-elf/lib/libm.a(lib_a-sf_frexp.o)
                              obj/default/lua/ltable.o (frexpf)
/home/kris/intelFPGA/18.1/nios2eds/bin/gnu/H-x86_64-pc-linux-gnu/bin/../lib/gcc/nios2-elf/5.3.0/../../../../../H-x86_64-pc-linux-gnu/nios2-elf/lib/libm.a(lib_a-sf_log2.o)
                              obj/default/lua/lmathlib.o (log2f)
/home/kris/intelFPGA/18.1/nios2eds/bin/gnu/H-x86_64-pc-linux-gnu/bin/../lib/gcc/nios2-elf/5.3.0/../../../../../H-x86_64-pc-linux-gnu/nios2-elf/lib/libm.a(lib_a-sf_sin.o)
                              obj/default/lua/lmathlib.o (sinf)
/home/kris/intelFPGA/18.1/nios2eds/bin/gnu/H-x86_64-pc-linux-gnu/bin/../lib/gcc/nios2-elf/5.3.0/../../../../../H-x86_64-pc-linux-gnu/nios2-elf/lib/libm.a(lib_a-sf_tan.o)
                              obj/default/lua/lmathlib.o (tanf)
/home/kris/intelFPGA/18.1/nios2eds/bin/gnu/H-x86_64-pc-linux-gnu/bin/../lib/gcc/nios2-elf/5.3.0/../../../../../H-x86_64-pc-linux-gnu/nios2-elf/lib/libm.a(lib_a-wf_acos.o)
                              obj/default/lua/lmathlib.o (acosf)
/home/kris/intelFPGA/18.1/nios2eds/bin/gnu/H-x86_64-pc-linux-gnu/bin/../lib/gcc/nios2-elf/5.3.0/../../../../../H-x86_64-pc-linux-gnu/nios2-elf/lib/libm.a(lib_a-wf_asin.o)
                              obj/default/lua/lmathlib.o (asinf)
/home/kris/intelFPGA/18.1/nios2eds/bin/gnu/H-x86_64-pc-linux-gnu/bin/../lib/gcc/nios2-elf/5.3.0/../../../../../H-x86_64-pc-linux-gnu/nios2-elf/lib/libm.a(lib_a-wf_atan2.o)
                              obj/default/lua/lmathlib.o (atan2f)
/home/kris/intelFPGA/18.1/nios2eds/bin/gnu/H-x86_64-pc-linux-gnu/bin/../lib/gcc/nios2-elf/5.3.0/../../../../../H-x86_64-pc-linux-gnu/nios2-elf/lib/libm.a(lib_a-wf_exp.o)
                              obj/default/lua/lmathlib.o (expf)
/home/kris/intelFPGA/18.1/nios2eds/bin/gnu/H-x86_64-pc-linux-gnu/bin/../lib/gcc/nios2-elf/5.3.0/../../../../../H-x86_64-pc-linux-gnu/nios2-elf/lib/libm.a(lib_a-wf_fmod.o)
                              obj/default/lua/lmathlib.o (fmodf)
/home/kris/intelFPGA/18.1/nios2eds/bin/gnu/H-x86_64-pc-linux-gnu/bin/../lib/gcc/nios2-elf/5.3.0/../../../../../H-x86_64-pc-linux-gnu/nios2-elf/lib/libm.a(lib_a-wf_log.o)
                              obj/default/lua/lmathlib.o (logf)
/home/kris/intelFPGA/18.1/nios2eds/bin/gnu/H-x86_64-pc-linux-gnu/bin/../lib/gcc/nios2-elf/5.3.0/../../../../../H-x86_64-pc-linux-gnu/nios2-elf/lib/libm.a(lib_a-wf_log10.o)
                              obj/default/lua/lmathlib.o (log10f)
/home/kris/intelFPGA/18.1/nios2eds/bin/gnu/H-x86_64-pc-linux-gnu/bin/../lib/gcc/nios2-elf/5.3.0/../../../../../H-x86_64-pc-linux-gnu/nios2-elf/lib/libm.a(lib_a-wf_pow.o)
                              obj/default/lua/lobject.o (powf)
/home/kris/intelFPGA/18.1/nios2eds/bin/gnu/H-x86_64-pc-linux-gnu/bin/../lib/gcc/nios2-elf/5.3.0/../../../../../H-x86_64-pc-linux-gnu/nios2-elf/lib/libm.a(lib_a-wf_sqrt.o)
                              obj/default/lua/lmathlib.o (sqrtf)
/home/kris/intelFPGA/18.1/nios2eds/bin/gnu/H-x86_64-pc-linux-gnu/bin/../lib/gcc/nios2-elf/5.3.0/../../../../../H-x86_64-pc-linux-gnu/nios2-elf/lib/libm.a(lib_a-ef_acos.o)
                              /home/kris/intelFPGA/18.1/nios2eds/bin/gnu/H-x86_64-pc-linux-gnu/bin/../lib/gcc/nios2-elf/5.3.0/../../../../../H-x86_64-pc-linux-gnu/nios2-elf/lib/libm.a(lib_a-wf_acos.o) (__ieee754_acosf)
/home/kris/intelFPGA/18.1/nios2eds/bin/gnu/H-x86_64-pc-linux-gnu/bin/../lib/gcc/nios2-elf/5.3.0/../../../../../H-x86_64-pc-linux-gnu/nios2-elf/lib/libm.a(lib_a-ef_asin.o)
                              /home/kris/intelFPGA/18.1/nios2eds/bin/gnu/H-x86_64-pc-linux-gnu/bin/../lib/gcc/nios2-elf/5.3.0/../../../../../H-x86_64-pc-linux-gnu/nios2-elf/lib/libm.a(lib_a-wf_asin.o) (__ieee754_asinf)
/home/kris/intelFPGA/18.1/nios2eds/bin/gnu/H-x86_64-pc-linux-gnu/bin/../lib/gcc/nios2-elf/5.3.0/../../../../../H-x86_64-pc-linux-gnu/nios2-elf/lib/libm.a(lib_a-ef_atan2.o)
[...]
Memory Configuration

Name             Origin             Length             Attributes
reset            0x0000000000000000 0x0000000000000020
sdram_controller_0 0x0000000000000020 0x0000000003ffffe0
*default*        0x0000000000000000 0xffffffffffffffff

Linker script and memory map

LOAD /home/kris/luacpu/software/lua_on_nios2_bsp//obj/HAL/src/crt0.o
LOAD obj/default/lua/lapi.o
LOAD obj/default/lua/lauxlib.o
LOAD obj/default/lua/lbaselib.o
LOAD obj/default/lua/lbitlib.o
LOAD obj/default/lua/lcode.o
LOAD obj/default/lua/lcorolib.o
LOAD obj/default/lua/lctype.o
LOAD obj/default/lua/ldblib.o
LOAD obj/default/lua/ldebug.o
LOAD obj/default/lua/ldo.o
LOAD obj/default/lua/ldump.o
LOAD obj/default/lua/lfunc.o
LOAD obj/default/lua/lgc.o
LOAD obj/default/lua/linit.o
LOAD obj/default/lua/liolib.o
LOAD obj/default/lua/llex.o
LOAD obj/default/lua/lmathlib.o
LOAD obj/default/lua/lmem.o
LOAD obj/default/lua/loadlib.o
LOAD obj/default/lua/lobject.o
LOAD obj/default/lua/lopcodes.o
LOAD obj/default/lua/loslib.o
LOAD obj/default/lua/lparser.o
LOAD obj/default/lua/lstate.o
LOAD obj/default/lua/lstring.o
LOAD obj/default/lua/lstrlib.o
LOAD obj/default/lua/ltable.o
LOAD obj/default/lua/ltablib.o
LOAD obj/default/lua/ltests.o
LOAD obj/default/lua/ltm.o
LOAD obj/default/lua/lua.o
LOAD obj/default/lua/lundump.o
LOAD obj/default/lua/lutf8lib.o
LOAD obj/default/lua/lvm.o
LOAD obj/default/lua/lzio.o
LOAD obj/default/lua/testes/libs/lib1.o
LOAD obj/default/lua/testes/libs/lib11.o
LOAD obj/default/lua/testes/libs/lib2.o
LOAD obj/default/lua/testes/libs/lib21.o
LOAD /home/kris/intelFPGA/18.1/nios2eds/bin/gnu/H-x86_64-pc-linux-gnu/bin/../lib/gcc/nios2-elf/5.3.0/../../../../../H-x86_64-pc-linux-gnu/nios2-elf/lib/libstdc++.a
LOAD /home/kris/intelFPGA/18.1/nios2eds/bin/gnu/H-x86_64-pc-linux-gnu/bin/../lib/gcc/nios2-elf/5.3.0/../../../../../H-x86_64-pc-linux-gnu/nios2-elf/lib/libm.a
LOAD /home/kris/intelFPGA/18.1/nios2eds/bin/gnu/H-x86_64-pc-linux-gnu/bin/../lib/gcc/nios2-elf/5.3.0/libgcc.a
START GROUP
LOAD /home/kris/intelFPGA/18.1/nios2eds/bin/gnu/H-x86_64-pc-linux-gnu/bin/../lib/gcc/nios2-elf/5.3.0/../../../../../H-x86_64-pc-linux-gnu/nios2-elf/lib/libc.a
LOAD /home/kris/intelFPGA/18.1/nios2eds/bin/gnu/H-x86_64-pc-linux-gnu/bin/../lib/gcc/nios2-elf/5.3.0/libgcc.a
LOAD /home/kris/luacpu/software/lua_on_nios2_bsp//libhal_bsp.a
LOAD /home/kris/intelFPGA/18.1/nios2eds/bin/gnu/H-x86_64-pc-linux-gnu/bin/../lib/gcc/nios2-elf/5.3.0/../../../../../H-x86_64-pc-linux-gnu/nios2-elf/lib/libm.a
END GROUP
LOAD /home/kris/intelFPGA/18.1/nios2eds/bin/gnu/H-x86_64-pc-linux-gnu/bin/../lib/gcc/nios2-elf/5.3.0/libgcc.a
                0x0000000000000000                __alt_mem_sdram_controller_0 = 0x0

.entry          0x0000000000000000       0x20
 *(.entry)
 .entry         0x0000000000000000       0x20 /home/kris/luacpu/software/lua_on_nios2_bsp//obj/HAL/src/crt0.o
                0x0000000000000000                __reset

.exceptions     0x0000000000000020      0x224
                0x0000000000000020                PROVIDE (__ram_exceptions_start, ABSOLUTE (.))
                0x0000000000000020                . = ALIGN (0x20)
 *(.irq)
 *(.exceptions.entry.label)
 .exceptions.entry.label
                0x0000000000000020        0x0 /home/kris/luacpu/software/lua_on_nios2_bsp//libhal_bsp.a(alt_irq_entry.o)
                0x0000000000000020                alt_irq_entry
 .exceptions.entry.label
                0x0000000000000020        0x0 /home/kris/luacpu/software/lua_on_nios2_bsp//libhal_bsp.a(alt_exception_entry.o)
                0x0000000000000020                alt_exception
 *(.exceptions.entry.user)
 *(.exceptions.entry.ecc_fatal)
 *(.exceptions.entry)
 .exceptions.entry
                0x0000000000000020       0x54 /home/kris/luacpu/software/lua_on_nios2_bsp//libhal_bsp.a(alt_exception_entry.o)
 *(.exceptions.irqtest.user)
 *(.exceptions.irqtest)
 .exceptions.irqtest
                0x0000000000000074       0x10 /home/kris/luacpu/software/lua_on_nios2_bsp//libhal_bsp.a(alt_irq_entry.o)
 *(.exceptions.irqhandler.user)
 *(.exceptions.irqhandler)
 .exceptions.irqhandler
                0x0000000000000084        0x4 /home/kris/luacpu/software/lua_on_nios2_bsp//libhal_bsp.a(alt_irq_entry.o)
 *(.exceptions.irqreturn.user)
 *(.exceptions.irqreturn)
 .exceptions.irqreturn
                0x0000000000000088        0x4 /home/kris/luacpu/software/lua_on_nios2_bsp//libhal_bsp.a(alt_irq_entry.o)
 *(.exceptions.notirq.label)
 .exceptions.notirq.label
                0x000000000000008c        0x0 /home/kris/luacpu/software/lua_on_nios2_bsp//libhal_bsp.a(alt_irq_entry.o)
 *(.exceptions.notirq.user)
 *(.exceptions.notirq)
 .exceptions.notirq
                0x000000000000008c        0x8 /home/kris/luacpu/software/lua_on_nios2_bsp//libhal_bsp.a(alt_exception_entry.o)
 *(.exceptions.soft.user)
 *(.exceptions.soft)
 *(.exceptions.unknown.user)
 *(.exceptions.unknown)
 .exceptions.unknown
                0x0000000000000094       0x14 /home/kris/luacpu/software/lua_on_nios2_bsp//libhal_bsp.a(alt_exception_entry.o)
 *(.exceptions.exit.label)
 .exceptions.exit.label
                0x00000000000000a8        0x0 /home/kris/luacpu/software/lua_on_nios2_bsp//libhal_bsp.a(alt_irq_entry.o)
 .exceptions.exit.label
                0x00000000000000a8        0x0 /home/kris/luacpu/software/lua_on_nios2_bsp//libhal_bsp.a(alt_exception_entry.o)
 *(.exceptions.exit.user)
 *(.exceptions.exit)
 .exceptions.exit
                0x00000000000000a8       0x54 /home/kris/luacpu/software/lua_on_nios2_bsp//libhal_bsp.a(alt_exception_entry.o)
 *(.exceptions)
 .exceptions    0x00000000000000fc       0xd4 /home/kris/luacpu/software/lua_on_nios2_bsp//libhal_bsp.a(alt_irq_handler.o)
                0x00000000000000fc                alt_irq_handler
 .exceptions    0x00000000000001d0       0x74 /home/kris/luacpu/software/lua_on_nios2_bsp//libhal_bsp.a(alt_instruction_exception_entry.o)
                0x00000000000001d0                alt_instruction_exception_entry
                0x0000000000000244                PROVIDE (__ram_exceptions_end, ABSOLUTE (.))
                0x0000000000000020                PROVIDE (__flash_exceptions_start, LOADADDR (.exceptions))

.text           0x0000000000000248    0x594c8
                [!provide]                        PROVIDE (stext, ABSOLUTE (.))
 *(.interp)
 *(.hash)
 *(.dynsym)
 *(.dynstr)
 *(.gnu.version)
 *(.gnu.version_d)
 *(.gnu.version_r)
 *(.rel.init)
 *(.rela.init)
 *(.rel.text .rel.text.* .rel.gnu.linkonce.t.*)
 *(.rela.text .rela.text.* .rela.gnu.linkonce.t.*)
 *(.rel.fini)
 *(.rela.fini)
 *(.rel.rodata .rel.rodata.* .rel.gnu.linkonce.r.*)
 *(.rela.rodata .rela.rodata.* .rela.gnu.linkonce.r.*)
 *(.rel.data .rel.data.* .rel.gnu.linkonce.d.*)
 *(.rela.data .rela.data.* .rela.gnu.linkonce.d.*)
 *(.rel.tdata .rel.tdata.* .rel.gnu.linkonce.td.*)
 *(.rela.tdata .rela.tdata.* .rela.gnu.linkonce.td.*)
 *(.rel.tbss .rel.tbss.* .rel.gnu.linkonce.tb.*)
 *(.rela.tbss .rela.tbss.* .rela.gnu.linkonce.tb.*)
 *(.rel.ctors)
 *(.rela.ctors)
 *(.rel.dtors)
 *(.rela.dtors)
 *(.rel.got)
 *(.rela.got)
 *(.rel.sdata .rel.sdata.* .rel.gnu.linkonce.s.*)
 *(.rela.sdata .rela.sdata.* .rela.gnu.linkonce.s.*)
 *(.rel.sbss .rel.sbss.* .rel.gnu.linkonce.sb.*)
 *(.rela.sbss .rela.sbss.* .rela.gnu.linkonce.sb.*)
 *(.rel.sdata2 .rel.sdata2.* .rel.gnu.linkonce.s2.*)
 *(.rela.sdata2 .rela.sdata2.* .rela.gnu.linkonce.s2.*)
 *(.rel.sbss2 .rel.sbss2.* .rel.gnu.linkonce.sb2.*)
 *(.rela.sbss2 .rela.sbss2.* .rela.gnu.linkonce.sb2.*)
 *(.rel.bss .rel.bss.* .rel.gnu.linkonce.b.*)
 *(.rela.bss .rela.bss.* .rela.gnu.linkonce.b.*)
 *(.rel.plt)
 *(.rela.plt)
 *(.rel.dyn)
 *(.init)
 *(.plt)
 *(.text .stub .text.* .gnu.linkonce.t.*)
 .text          0x0000000000000248       0x3c /home/kris/luacpu/software/lua_on_nios2_bsp//obj/HAL/src/crt0.o
                0x0000000000000248                _start
 .text          0x0000000000000284     0x43f8 obj/default/lua/lapi.o
                0x00000000000003fc                lua_checkstack
                0x0000000000000518                lua_xmove
                0x000000000000061c                lua_atpanic
                0x0000000000000664                lua_version
                0x00000000000006a0                lua_absindex
                0x0000000000000710                lua_gettop
                0x0000000000000754                lua_settop
                0x000000000000092c                lua_rotate
                0x00000000000009f0                lua_copy
                0x0000000000000b08                lua_pushvalue
                0x0000000000000bac                lua_type
                0x0000000000000c08                lua_typename
                0x0000000000000c4c                lua_iscfunction
                0x0000000000000cb4                lua_isinteger
                0x0000000000000d00                lua_isnumber
                0x0000000000000d70                lua_isstring
                0x0000000000000de0                lua_isuserdata
                0x0000000000000e48                lua_rawequal
                0x0000000000000ec8                lua_arith
                0x0000000000000fcc                lua_compare
                0x00000000000010a0                lua_stringtonumber
                0x0000000000001104                lua_tonumberx
                0x00000000000011a8                lua_tointegerx
                0x0000000000001248                lua_toboolean
                0x00000000000012b8                lua_tolstring
                0x00000000000013c0                lua_rawlen
                0x0000000000001484                lua_tocfunction
                0x0000000000001500                lua_touserdata
                0x0000000000001578                lua_tothread
                0x00000000000015d4                lua_topointer
                0x0000000000001734                lua_pushnil
                0x000000000000178c                lua_pushnumber
                0x000000000000180c                lua_pushinteger
                0x000000000000188c                lua_pushlstring
                0x000000000000197c                lua_pushstring
                0x0000000000001a7c                lua_pushvfstring
                0x0000000000001adc                lua_pushfstring
                0x0000000000001b4c                lua_pushcclosure
                0x0000000000001d24                lua_pushboolean
                0x0000000000001dac                lua_pushlightuserdata
                0x0000000000001e2c                lua_pushthread
                0x0000000000002058                lua_getglobal
                0x00000000000020b0                lua_gettable
                0x00000000000021d8                lua_getfield
                0x0000000000002224                lua_geti
                0x00000000000023a8                lua_rawget
                0x00000000000024a4                lua_rawgeti
                0x0000000000002584                lua_rawgetp
                0x00000000000026bc                lua_createtable
                0x0000000000002798                lua_getmetatable
                0x00000000000028bc                lua_getuservalue
                0x0000000000002b58                lua_setglobal
                0x0000000000002bb4                lua_settable
                0x0000000000002d20                lua_setfield
                0x0000000000002d70                lua_seti
                0x0000000000002f40                lua_rawset
                0x000000000000304c                lua_rawseti
                0x0000000000003134                lua_rawsetp
                0x0000000000003270                lua_setmetatable
                0x0000000000003450                lua_setuservalue
                0x0000000000003560                lua_callk
                0x00000000000036a0                lua_pcallk
                0x00000000000038ac                lua_load
                0x0000000000003a08                lua_dump
                0x0000000000003a98                lua_status
                0x0000000000003ac4                lua_gc
                0x0000000000003cf0                lua_error
                0x0000000000003d0c                lua_next
                0x0000000000003dac                lua_concat
                0x0000000000003e98                lua_len
                0x0000000000003f04                lua_getallocf
                0x0000000000003f58                lua_setallocf
                0x0000000000003fa4                lua_newuserdata
                0x00000000000041f0                lua_getupvalue
                0x00000000000042b8                lua_setupvalue
                0x00000000000044b4                lua_upvalueid
                0x0000000000004558                lua_upvaluejoin
 .text          0x000000000000467c     0x28bc obj/default/lua/lauxlib.o
                0x0000000000004ae4                luaL_traceback
                0x0000000000004cc4                luaL_argerror
                0x0000000000004f00                luaL_where
                0x0000000000004f90                luaL_error
                0x0000000000005000                luaL_fileresult
                0x00000000000050b0                luaL_execresult
                0x0000000000005160                luaL_newmetatable
                0x000000000000520c                luaL_setmetatable
                0x000000000000525c                luaL_testudata
                0x00000000000052f8                luaL_checkudata
                0x0000000000005358                luaL_checkoption
                0x000000000000544c                luaL_checkstack
                0x00000000000054c0                luaL_checktype
                0x000000000000551c                luaL_checkany
                0x0000000000005574                luaL_checklstring
                0x00000000000055d4                luaL_optlstring
                0x000000000000565c                luaL_checknumber
                0x00000000000056c4                luaL_optnumber
                0x0000000000005788                luaL_checkinteger
                0x00000000000057e4                luaL_optinteger
                0x00000000000059e8                luaL_prepbuffsize
                0x0000000000005b38                luaL_addlstring
                0x0000000000005bac                luaL_addstring
                0x0000000000005bf4                luaL_pushresult
                0x0000000000005c8c                luaL_pushresultsize
                0x0000000000005cdc                luaL_addvalue
                0x0000000000005da0                luaL_buffinit
                0x0000000000005df8                luaL_buffinitsize
                0x0000000000005e40                luaL_ref
                0x0000000000005f24                luaL_unref
                0x000000000000628c                luaL_loadfilex
                0x0000000000006528                luaL_loadbufferx
                0x000000000000658c                luaL_loadstring
                0x00000000000065d8                luaL_getmetafield
                0x0000000000006674                luaL_callmeta
                0x00000000000066f8                luaL_len
                0x0000000000006770                luaL_tolstring
                0x0000000000006994                luaL_setfuncs
                0x0000000000006a7c                luaL_getsubtable
                0x0000000000006b18                luaL_requiref
                0x0000000000006c20                luaL_gsub
                0x0000000000006df0                luaL_newstate
                0x0000000000006e44                luaL_checkversion_
 .text          0x0000000000006f38     0x1464 obj/default/lua/lbaselib.o
                0x0000000000008304                luaopen_base
 .text          0x000000000000839c       0x38 obj/default/lua/lbitlib.o
                0x000000000000839c                luaopen_bit32
 .text          0x00000000000083d4     0x3364 obj/default/lua/lcode.o
                0x00000000000084d8                luaK_nil
                0x00000000000087c8                luaK_concat
                0x0000000000008870                luaK_jump
                0x00000000000088e4                luaK_ret
                0x0000000000008990                luaK_getlabel
                0x0000000000008c98                luaK_patchtohere
                0x0000000000008ce8                luaK_patchlist
                0x0000000000008d58                luaK_patchclose
                0x0000000000008f8c                luaK_codeABC
                0x0000000000008ff4                luaK_codeABx
                0x0000000000009094                luaK_codek
                0x0000000000009114                luaK_checkstack
                0x00000000000091a8                luaK_reserveregs
                0x0000000000009620                luaK_stringK
                0x00000000000096bc                luaK_intK
                0x000000000000992c                luaK_setreturns
                0x0000000000009a80                luaK_setoneret
                0x0000000000009b70                luaK_dischargevars
                0x000000000000a1d4                luaK_exp2nextreg
                0x000000000000a248                luaK_exp2anyreg
                0x000000000000a300                luaK_exp2anyregup
                0x000000000000a360                luaK_exp2val
                0x000000000000a3c0                luaK_exp2RK
                0x000000000000a518                luaK_storevar
                0x000000000000a644                luaK_self
                0x000000000000a888                luaK_goiftrue
                0x000000000000a968                luaK_goiffalse
                0x000000000000aba0                luaK_indexed
                0x000000000000b14c                luaK_prefix
                0x000000000000b1fc                luaK_infix
                0x000000000000b310                luaK_posfix
                0x000000000000b5dc                luaK_fixline
                0x000000000000b63c                luaK_setlist
 .text          0x000000000000b738      0x5c0 obj/default/lua/lcorolib.o
                0x000000000000bc94                luaopen_coroutine
 .text          0x000000000000bcf8        0x0 obj/default/lua/lctype.o
 .text          0x000000000000bcf8     0x13f8 obj/default/lua/ldblib.o
                0x000000000000d08c                luaopen_debug
 .text          0x000000000000d0f0     0x2160 obj/default/lua/ldebug.o
                0x000000000000d23c                lua_sethook
                0x000000000000d2e8                lua_gethook
                0x000000000000d310                lua_gethookmask
                0x000000000000d338                lua_gethookcount
                0x000000000000d360                lua_getstack
                0x000000000000d674                lua_getlocal
                0x000000000000d794                lua_setlocal
                0x000000000000de88                lua_getinfo
                0x000000000000eb7c                luaG_typeerror
                0x000000000000ebd0                luaG_concaterror
                0x000000000000ec30                luaG_opinterror
                0x000000000000eca4                luaG_tointerror
                0x000000000000ed28                luaG_ordererror
                0x000000000000eda0                luaG_addinfo
                0x000000000000ee24                luaG_errormsg
                0x000000000000ef38                luaG_runerror
                0x000000000000efec                luaG_traceexec
 .text          0x000000000000f250     0x2424 obj/default/lua/ldo.o
                0x000000000000f3d4                luaD_throw
                0x000000000000f528                luaD_rawrunprotected
                0x000000000000f768                luaD_reallocstack
                0x000000000000f88c                luaD_growstack
                0x000000000000fa10                luaD_shrinkstack
                0x000000000000fadc                luaD_inctop
                0x000000000000fb48                luaD_hook
                0x0000000000010368                luaD_poscall
                0x0000000000010458                luaD_precall
                0x000000000001090c                luaD_call
                0x00000000000109a8                luaD_callnoyield
                0x0000000000010f0c                lua_resume
                0x00000000000110f8                lua_isyieldable
                0x000000000001112c                lua_yieldk
                0x0000000000011244                luaD_pcall
                0x000000000001150c                luaD_protectedparser
 .text          0x0000000000011674      0x9e4 obj/default/lua/ldump.o
                0x0000000000011fd0                luaU_dump
 .text          0x0000000000012058      0x6fc obj/default/lua/lfunc.o
                0x0000000000012058                luaF_newCclosure
                0x00000000000120c4                luaF_newLclosure
                0x000000000001216c                luaF_initupvals
                0x0000000000012238                luaF_findupval
                0x000000000001234c                luaF_close
                0x0000000000012470                luaF_newproto
                0x0000000000012550                luaF_freeproto
                0x0000000000012690                luaF_getlocalname
 .text          0x0000000000012754     0x3394 obj/default/lua/lgc.o
                0x0000000000012864                luaC_barrier_
                0x00000000000128fc                luaC_barrierback_
                0x0000000000012968                luaC_upvalbarrier_
                0x00000000000129ec                luaC_fix
                0x0000000000012a68                luaC_newobj
                0x00000000000144d0                luaC_upvdeccount
                0x0000000000014fd4                luaC_checkfinalizer
                0x0000000000015280                luaC_freeallobjects
                0x0000000000015848                luaC_runtilstate
                0x0000000000015950                luaC_step
                0x0000000000015a3c                luaC_fullgc
 .text          0x0000000000015ae8       0x84 obj/default/lua/linit.o
                0x0000000000015ae8                luaL_openlibs
 .text          0x0000000000015b6c     0x1d48 obj/default/lua/liolib.o
                0x00000000000177e0                luaopen_io
 .text          0x00000000000178b4     0x27f0 obj/default/lua/llex.o
                0x00000000000179ac                luaX_init
                0x0000000000017a70                luaX_token2str
                0x0000000000017c34                luaX_syntaxerror
                0x0000000000017c64                luaX_newstring
                0x0000000000017f18                luaX_setinput
                0x0000000000019fc0                luaX_next
                0x000000000001a054                luaX_lookahead
 .text          0x000000000001a0a4      0xe2c obj/default/lua/lmathlib.o
                0x000000000001ade4                luaopen_math
 .text          0x000000000001aed0      0x24c obj/default/lua/lmem.o
                0x000000000001aed0                luaM_growaux_
                0x000000000001afe8                luaM_toobig
                0x000000000001b00c                luaM_realloc_
 .text          0x000000000001b11c     0x1318 obj/default/lua/loadlib.o
                0x000000000001c2c4                luaopen_package
 .text          0x000000000001c434     0x198c obj/default/lua/lobject.o
                0x000000000001c434                luaO_int2fb
                0x000000000001c4d8                luaO_fb2int
                0x000000000001c528                luaO_ceillog2
                0x000000000001c88c                luaO_arith
                0x000000000001cc0c                luaO_hexavalue
                0x000000000001d1a8                luaO_str2num
                0x000000000001d2ac                luaO_utf8esc
                0x000000000001d394                luaO_tostring
                0x000000000001d5c4                luaO_pushvfstring
                0x000000000001db14                luaO_pushfstring
                0x000000000001db6c                luaO_chunkid
 .text          0x000000000001ddc0        0x0 obj/default/lua/lopcodes.o
 .text          0x000000000001ddc0      0xccc obj/default/lua/loslib.o
                0x000000000001ea28                luaopen_os
 .text          0x000000000001ea8c     0x4d20 obj/default/lua/lparser.o
                0x00000000000235b4                luaY_parser
 .text          0x00000000000237ac      0xd74 obj/default/lua/lstate.o
                0x00000000000238d4                luaE_setdebt
                0x0000000000023960                luaE_extendCI
                0x00000000000239e4                luaE_freeCI
                0x0000000000023a7c                luaE_shrinkCI
                0x0000000000024070                lua_newthread
                0x00000000000241f0                luaE_freethread
                0x000000000002425c                lua_newstate
                0x00000000000244dc                lua_close
 .text          0x0000000000024520      0xbf0 obj/default/lua/lstring.o
                0x0000000000024520                luaS_eqlngstr
                0x00000000000245a4                luaS_hash
                0x000000000002464c                luaS_hashlongstr
                0x00000000000246cc                luaS_resize
                0x0000000000024918                luaS_clearcache
                0x00000000000249e4                luaS_init
                0x0000000000024b54                luaS_createlngstrobj
                0x0000000000024bb4                luaS_remove
                0x0000000000024e6c                luaS_newlstr
                0x0000000000024f00                luaS_new
                0x000000000002505c                luaS_newudata
 .text          0x0000000000025110     0x4e48 obj/default/lua/lstrlib.o
                0x0000000000029eec                luaopen_string
 .text          0x0000000000029f58     0x1e3c obj/default/lua/ltable.o
                0x000000000002a4ac                luaH_next
                0x000000000002ad74                luaH_resize
                0x000000000002afec                luaH_resizearray
                0x000000000002b17c                luaH_new
                0x000000000002b1f8                luaH_free
                0x000000000002b31c                luaH_newkey
                0x000000000002b67c                luaH_getint
                0x000000000002b770                luaH_getshortstr
                0x000000000002b8cc                luaH_getstr
                0x000000000002b984                luaH_get
                0x000000000002ba54                luaH_set
                0x000000000002bab8                luaH_setint
                0x000000000002bc9c                luaH_getn
 .text          0x000000000002bd94     0x10c0 obj/default/lua/ltablib.o
                0x000000000002cdf0                luaopen_table
 .text          0x000000000002ce54        0x0 obj/default/lua/ltests.o
 .text          0x000000000002ce54      0x7fc obj/default/lua/ltm.o
                0x000000000002ce54                luaT_init
                0x000000000002cf20                luaT_gettm
                0x000000000002cfa0                luaT_gettmbyobj
                0x000000000002d080                luaT_objtypename
                0x000000000002d168                luaT_callTM
                0x000000000002d3d4                luaT_callbinTM
                0x000000000002d478                luaT_trybinTM
                0x000000000002d5ac                luaT_callorderTM
 .text          0x000000000002d650     0x16f8 obj/default/lua/lua.o
                0x000000000002ec34                main
 .text          0x000000000002ed48     0x119c obj/default/lua/lundump.o
                0x000000000002fd28                luaU_undump
 .text          0x000000000002fee4      0xad4 obj/default/lua/lutf8lib.o
                0x000000000003092c                luaopen_utf8
 .text          0x00000000000309b8     0x6bd4 obj/default/lua/lvm.o
                0x00000000000309b8                luaV_tonumber_
                0x0000000000030ac4                luaV_tointeger
                0x0000000000030d58                luaV_finishget
                0x0000000000030f58                luaV_finishset
                0x00000000000316e4                luaV_lessthan
                0x00000000000317d4                luaV_lessequal
                0x000000000003192c                luaV_equalobj
                0x0000000000031f60                luaV_concat
                0x00000000000323d4                luaV_objlen
                0x00000000000325e4                luaV_div
                0x000000000003268c                luaV_mod
                0x000000000003272c                luaV_shiftl
                0x0000000000032a94                luaV_finishOp
                0x0000000000032ef0                luaV_execute
 .text          0x000000000003758c      0x21c obj/default/lua/lzio.o
                0x000000000003758c                luaZ_fill
                0x0000000000037638                luaZ_init
                0x000000000003769c                luaZ_read
 .text          0x00000000000377a8      0x1cc obj/default/lua/testes/libs/lib1.o
                0x00000000000377d8                lib1_export
                0x0000000000037814                onefunction
                0x000000000003786c                anotherfunc
                0x00000000000378f0                luaopen_lib1_sub
 .text          0x0000000000037974       0x30 obj/default/lua/testes/libs/lib11.o
                0x0000000000037974                luaopen_lib11
 .text          0x00000000000379a4       0xc0 obj/default/lua/testes/libs/lib2.o
                0x00000000000379d4                luaopen_lib2
 .text          0x0000000000037a64       0x30 obj/default/lua/testes/libs/lib21.o
                0x0000000000037a64                luaopen_lib21
 .text          0x0000000000037a94        0x0 /home/kris/intelFPGA/18.1/nios2eds/bin/gnu/H-x86_64-pc-linux-gnu/bin/../lib/gcc/nios2-elf/5.3.0/../../../../../H-x86_64-pc-linux-gnu/nios2-elf/lib/libm.a(lib_a-sf_ceil.o)
 .text.ceilf    0x0000000000037a94      0x100 /home/kris/intelFPGA/18.1/nios2eds/bin/gnu/H-x86_64-pc-linux-gnu/bin/../lib/gcc/nios2-elf/5.3.0/../../../../../H-x86_64-pc-linux-gnu/nios2-elf/lib/libm.a(lib_a-sf_ceil.o)
                0x0000000000037a94                ceilf
 .text          0x0000000000037b94        0x0 /home/kris/intelFPGA/18.1/nios2eds/bin/gnu/H-x86_64-pc-linux-gnu/bin/../lib/gcc/nios2-elf/5.3.0/../../../../../H-x86_64-pc-linux-gnu/nios2-elf/lib/libm.a(lib_a-sf_cos.o)
 .text.cosf     0x0000000000037b94       0xb0 /home/kris/intelFPGA/18.1/nios2eds/bin/gnu/H-x86_64-pc-linux-gnu/bin/../lib/gcc/nios2-elf/5.3.0/../../../../../H-x86_64-pc-linux-gnu/nios2-elf/lib/libm.a(lib_a-sf_cos.o)
                0x0000000000037b94                cosf
 .text          0x0000000000037c44        0x0 /home/kris/intelFPGA/18.1/nios2eds/bin/gnu/H-x86_64-pc-linux-gnu/bin/../lib/gcc/nios2-elf/5.3.0/../../../../../H-x86_64-pc-linux-gnu/nios2-elf/lib/libm.a(lib_a-sf_floor.o)
 .text.floorf   0x0000000000037c44      0x104 /home/kris/intelFPGA/18.1/nios2eds/bin/gnu/H-x86_64-pc-linux-gnu/bin/../lib/gcc/nios2-elf/5.3.0/../../../../../H-x86_64-pc-linux-gnu/nios2-elf/lib/libm.a(lib_a-sf_floor.o)
                0x0000000000037c44                floorf
 .text          0x0000000000037d48        0x0 /home/kris/intelFPGA/18.1/nios2eds/bin/gnu/H-x86_64-pc-linux-gnu/bin/../lib/gcc/nios2-elf/5.3.0/../../../../../H-x86_64-pc-linux-gnu/nios2-elf/lib/libm.a(lib_a-sf_frexp.o)
 .text.frexpf   0x0000000000037d48       0x98 /home/kris/intelFPGA/18.1/nios2eds/bin/gnu/H-x86_64-pc-linux-gnu/bin/../lib/gcc/nios2-elf/5.3.0/../../../../../H-x86_64-pc-linux-gnu/nios2-elf/lib/libm.a(lib_a-sf_frexp.o)
                0x0000000000037d48                frexpf
 .text          0x0000000000037de0        0x0 /home/kris/intelFPGA/18.1/nios2eds/bin/gnu/H-x86_64-pc-linux-gnu/bin/../lib/gcc/nios2-elf/5.3.0/../../../../../H-x86_64-pc-linux-gnu/nios2-elf/lib/libm.a(lib_a-sf_log2.o)
 .text.log2f    0x0000000000037de0       0x28 /home/kris/intelFPGA/18.1/nios2eds/bin/gnu/H-x86_64-pc-linux-gnu/bin/../lib/gcc/nios2-elf/5.3.0/../../../../../H-x86_64-pc-linux-gnu/nios2-elf/lib/libm.a(lib_a-sf_log2.o)
                0x0000000000037de0                log2f
 .text          0x0000000000037e08        0x0 /home/kris/intelFPGA/18.1/nios2eds/bin/gnu/H-x86_64-pc-linux-gnu/bin/../lib/gcc/nios2-elf/5.3.0/../../../../../H-x86_64-pc-linux-gnu/nios2-elf/lib/libm.a(lib_a-sf_sin.o)
 .text.sinf     0x0000000000037e08       0xb0 /home/kris/intelFPGA/18.1/nios2eds/bin/gnu/H-x86_64-pc-linux-gnu/bin/../lib/gcc/nios2-elf/5.3.0/../../../../../H-x86_64-pc-linux-gnu/nios2-elf/lib/libm.a(lib_a-sf_sin.o)
                0x0000000000037e08                sinf
 .text          0x0000000000037eb8        0x0 /home/kris/intelFPGA/18.1/nios2eds/bin/gnu/H-x86_64-pc-linux-gnu/bin/../lib/gcc/nios2-elf/5.3.0/../../../../../H-x86_64-pc-linux-gnu/nios2-elf/lib/libm.a(lib_a-sf_tan.o)
 .text.tanf     0x0000000000037eb8       0x88 /home/kris/intelFPGA/18.1/nios2eds/bin/gnu/H-x86_64-pc-linux-gnu/bin/../lib/gcc/nios2-elf/5.3.0/../../../../../H-x86_64-pc-linux-gnu/nios2-elf/lib/libm.a(lib_a-sf_tan.o)
                0x0000000000037eb8                tanf
 .text          0x0000000000037f40        0x0 /home/kris/intelFPGA/18.1/nios2eds/bin/gnu/H-x86_64-pc-linux-gnu/bin/../lib/gcc/nios2-elf/5.3.0/../../../../../H-x86_64-pc-linux-gnu/nios2-elf/lib/libm.a(lib_a-wf_acos.o)
 .text.acosf    0x0000000000037f40      0x108 /home/kris/intelFPGA/18.1/nios2eds/bin/gnu/H-x86_64-pc-linux-gnu/bin/../lib/gcc/nios2-elf/5.3.0/../../../../../H-x86_64-pc-linux-gnu/nios2-elf/lib/libm.a(lib_a-wf_acos.o)
                0x0000000000037f40                acosf
 .text          0x0000000000038048        0x0 /home/kris/intelFPGA/18.1/nios2eds/bin/gnu/H-x86_64-pc-linux-gnu/bin/../lib/gcc/nios2-elf/5.3.0/../../../../../H-x86_64-pc-linux-gnu/nios2-elf/lib/libm.a(lib_a-wf_asin.o)
 .text.asinf    0x0000000000038048      0x108 /home/kris/intelFPGA/18.1/nios2eds/bin/gnu/H-x86_64-pc-linux-gnu/bin/../lib/gcc/nios2-elf/5.3.0/../../../../../H-x86_64-pc-linux-gnu/nios2-elf/lib/libm.a(lib_a-wf_asin.o)
                0x0000000000038048                asinf
 .text          0x0000000000038150        0x0 /home/kris/intelFPGA/18.1/nios2eds/bin/gnu/H-x86_64-pc-linux-gnu/bin/../lib/gcc/nios2-elf/5.3.0/../../../../../H-x86_64-pc-linux-gnu/nios2-elf/lib/libm.a(lib_a-wf_atan2.o)
 .text.atan2f   0x0000000000038150        0x4 /home/kris/intelFPGA/18.1/nios2eds/bin/gnu/H-x86_64-pc-linux-gnu/bin/../lib/gcc/nios2-elf/5.3.0/../../../../../H-x86_64-pc-linux-gnu/nios2-elf/lib/libm.a(lib_a-wf_atan2.o)
                0x0000000000038150                atan2f
 .text          0x0000000000038154        0x0 /home/kris/intelFPGA/18.1/nios2eds/bin/gnu/H-x86_64-pc-linux-gnu/bin/../lib/gcc/nios2-elf/5.3.0/../../../../../H-x86_64-pc-linux-gnu/nios2-elf/lib/libm.a(lib_a-wf_exp.o)
 .text.expf     0x0000000000038154      0x16c /home/kris/intelFPGA/18.1/nios2eds/bin/gnu/H-x86_64-pc-linux-gnu/bin/../lib/gcc/nios2-elf/5.3.0/../../../../../H-x86_64-pc-linux-gnu/nios2-elf/lib/libm.a(lib_a-wf_exp.o)
                0x0000000000038154                expf
 .text          0x00000000000382c0        0x0 /home/kris/intelFPGA/18.1/nios2eds/bin/gnu/H-x86_64-pc-linux-gnu/bin/../lib/gcc/nios2-elf/5.3.0/../../../../../H-x86_64-pc-linux-gnu/nios2-elf/lib/libm.a(lib_a-wf_fmod.o)
 .text.fmodf    0x00000000000382c0      0x144 /home/kris/intelFPGA/18.1/nios2eds/bin/gnu/H-x86_64-pc-linux-gnu/bin/../lib/gcc/nios2-elf/5.3.0/../../../../../H-x86_64-pc-linux-gnu/nios2-elf/lib/libm.a(lib_a-wf_fmod.o)
                0x00000000000382c0                fmodf
 .text          0x0000000000038404        0x0 /home/kris/intelFPGA/18.1/nios2eds/bin/gnu/H-x86_64-pc-linux-gnu/bin/../lib/gcc/nios2-elf/5.3.0/../../../../../H-x86_64-pc-linux-gnu/nios2-elf/lib/libm.a(lib_a-wf_log.o)
 .text.logf     0x0000000000038404      0x178 /home/kris/intelFPGA/18.1/nios2eds/bin/gnu/H-x86_64-pc-linux-gnu/bin/../lib/gcc/nios2-elf/5.3.0/../../../../../H-x86_64-pc-linux-gnu/nios2-elf/lib/libm.a(lib_a-wf_log.o)
                0x0000000000038404                logf
 .text          0x000000000003857c        0x0 /home/kris/intelFPGA/18.1/nios2eds/bin/gnu/H-x86_64-pc-linux-gnu/bin/../lib/gcc/nios2-elf/5.3.0/../../../../../H-x86_64-pc-linux-gnu/nios2-elf/lib/libm.a(lib_a-wf_log10.o)
 .text.log10f   0x000000000003857c      0x178 /home/kris/intelFPGA/18.1/nios2eds/bin/gnu/H-x86_64-pc-linux-gnu/bin/../lib/gcc/nios2-elf/5.3.0/../../../../../H-x86_64-pc-linux-gnu/nios2-elf/lib/libm.a(lib_a-wf_log10.o)
                0x000000000003857c                log10f
 .text          0x00000000000386f4        0x0 /home/kris/intelFPGA/18.1/nios2eds/bin/gnu/H-x86_64-pc-linux-gnu/bin/../lib/gcc/nios2-elf/5.3.0/../../../../../H-x86_64-pc-linux-gnu/nios2-elf/lib/libm.a(lib_a-wf_pow.o)
 .text.powf     0x00000000000386f4      0x4a4 /home/kris/intelFPGA/18.1/nios2eds/bin/gnu/H-x86_64-pc-linux-gnu/bin/../lib/gcc/nios2-elf/5.3.0/../../../../../H-x86_64-pc-linux-gnu/nios2-elf/lib/libm.a(lib_a-wf_pow.o)
                0x00000000000386f4                powf
 .text          0x0000000000038b98        0x0 /home/kris/intelFPGA/18.1/nios2eds/bin/gnu/H-x86_64-pc-linux-gnu/bin/../lib/gcc/nios2-elf/5.3.0/../../../../../H-x86_64-pc-linux-gnu/nios2-elf/lib/libm.a(lib_a-wf_sqrt.o)
 .text.sqrtf    0x0000000000038b98      0x114 /home/kris/intelFPGA/18.1/nios2eds/bin/gnu/H-x86_64-pc-linux-gnu/bin/../lib/gcc/nios2-elf/5.3.0/../../../../../H-x86_64-pc-linux-gnu/nios2-elf/lib/libm.a(lib_a-wf_sqrt.o)
                0x0000000000038b98                sqrtf
 .text          0x0000000000038cac        0x0 /home/kris/intelFPGA/18.1/nios2eds/bin/gnu/H-x86_64-pc-linux-gnu/bin/../lib/gcc/nios2-elf/5.3.0/../../../../../H-x86_64-pc-linux-gnu/nios2-elf/lib/libm.a(lib_a-ef_acos.o)
 .text.__ieee754_acosf
                0x0000000000038cac      0x54c /home/kris/intelFPGA/18.1/nios2eds/bin/gnu/H-x86_64-pc-linux-gnu/bin/../lib/gcc/nios2-elf/5.3.0/../../../../../H-x86_64-pc-linux-gnu/nios2-elf/lib/libm.a(lib_a-ef_acos.o)
                0x0000000000038cac                __ieee754_acosf
 .text          0x00000000000391f8        0x0 /home/kris/intelFPGA/18.1/nios2eds/bin/gnu/H-x86_64-pc-linux-gnu/bin/../lib/gcc/nios2-elf/5.3.0/../../../../../H-x86_64-pc-linux-gnu/nios2-elf/lib/libm.a(lib_a-ef_asin.o)
 .text.__ieee754_asinf
                0x00000000000391f8      0x49c /home/kris/intelFPGA/18.1/nios2eds/bin/gnu/H-x86_64-pc-linux-gnu/bin/../lib/gcc/nios2-elf/5.3.0/../../../../../H-x86_64-pc-linux-gnu/nios2-elf/lib/libm.a(lib_a-ef_asin.o)
                0x00000000000391f8                __ieee754_asinf
 .text          0x0000000000039694        0x0 /home/kris/intelFPGA/18.1/nios2eds/bin/gnu/H-x86_64-pc-linux-gnu/bin/../lib/gcc/nios2-elf/5.3.0/../../../../../H-x86_64-pc-linux-gnu/nios2-elf/lib/libm.a(lib_a-ef_atan2.o)
 .text.__ieee754_atan2f
                0x0000000000039694      0x1f0 /home/kris/intelFPGA/18.1/nios2eds/bin/gnu/H-x86_64-pc-linux-gnu/bin/../lib/gcc/nios2-elf/5.3.0/../../../../../H-x86_64-pc-linux-gnu/nios2-elf/lib/libm.a(lib_a-ef_atan2.o)
                0x0000000000039694                __ieee754_atan2f
 .text          0x0000000000039884        0x0 /home/kris/intelFPGA/18.1/nios2eds/bin/gnu/H-x86_64-pc-linux-gnu/bin/../lib/gcc/nios2-elf/5.3.0/../../../../../H-x86_64-pc-linux-gnu/nios2-elf/lib/libm.a(lib_a-ef_exp.o)
 .text.__ieee754_expf
                0x0000000000039884      0x330 /home/kris/intelFPGA/18.1/nios2eds/bin/gnu/H-x86_64-pc-linux-gnu/bin/../lib/gcc/nios2-elf/5.3.0/../../../../../H-x86_64-pc-linux-gnu/nios2-elf/lib/libm.a(lib_a-ef_exp.o)
                0x0000000000039884                __ieee754_expf
 .text          0x0000000000039bb4        0x0 /home/kris/intelFPGA/18.1/nios2eds/bin/gnu/H-x86_64-pc-linux-gnu/bin/../lib/gcc/nios2-elf/5.3.0/../../../../../H-x86_64-pc-linux-gnu/nios2-elf/lib/libm.a(lib_a-ef_fmod.o)
 .text.__ieee754_fmodf
                0x0000000000039bb4      0x1a8 /home/kris/intelFPGA/18.1/nios2eds/bin/gnu/H-x86_64-pc-linux-gnu/bin/../lib/gcc/nios2-elf/5.3.0/../../../../../H-x86_64-pc-linux-gnu/nios2-elf/lib/libm.a(lib_a-ef_fmod.o)
                0x0000000000039bb4                __ieee754_fmodf
 .text          0x0000000000039d5c        0x0 /home/kris/intelFPGA/18.1/nios2eds/bin/gnu/H-x86_64-pc-linux-gnu/bin/../lib/gcc/nios2-elf/5.3.0/../../../../../H-x86_64-pc-linux-gnu/nios2-elf/lib/libm.a(lib_a-ef_log.o)
 .text.__ieee754_logf
                0x0000000000039d5c      0x498 /home/kris/intelFPGA/18.1/nios2eds/bin/gnu/H-x86_64-pc-linux-gnu/bin/../lib/gcc/nios2-elf/5.3.0/../../../../../H-x86_64-pc-linux-gnu/nios2-elf/lib/libm.a(lib_a-ef_log.o)
                0x0000000000039d5c                __ieee754_logf
 .text          0x000000000003a1f4        0x0 /home/kris/intelFPGA/18.1/nios2eds/bin/gnu/H-x86_64-pc-linux-gnu/bin/../lib/gcc/nios2-elf/5.3.0/../../../../../H-x86_64-pc-linux-gnu/nios2-elf/lib/libm.a(lib_a-ef_log10.o)
 .text.__ieee754_log10f
                0x000000000003a1f4      0x128 /home/kris/intelFPGA/18.1/nios2eds/bin/gnu/H-x86_64-pc-linux-gnu/bin/../lib/gcc/nios2-elf/5.3.0/../../../../../H-x86_64-pc-linux-gnu/nios2-elf/lib/libm.a(lib_a-ef_log10.o)
                0x000000000003a1f4                __ieee754_log10f
 .text          0x000000000003a31c        0x0 /home/kris/intelFPGA/18.1/nios2eds/bin/gnu/H-x86_64-pc-linux-gnu/bin/../lib/gcc/nios2-elf/5.3.0/../../../../../H-x86_64-pc-linux-gnu/nios2-elf/lib/libm.a(lib_a-ef_pow.o)
 .text.__ieee754_powf
                0x000000000003a31c      0xb24 /home/kris/intelFPGA/18.1/nios2eds/bin/gnu/H-x86_64-pc-linux-gnu/bin/../lib/gcc/nios2-elf/5.3.0/../../../../../H-x86_64-pc-linux-gnu/nios2-elf/lib/libm.a(lib_a-ef_pow.o)
                0x000000000003a31c                __ieee754_powf
 .text          0x000000000003ae40        0x0 /home/kris/intelFPGA/18.1/nios2eds/bin/gnu/H-x86_64-pc-linux-gnu/bin/../lib/gcc/nios2-elf/5.3.0/../../../../../H-x86_64-pc-linux-gnu/nios2-elf/lib/libm.a(lib_a-ef_rem_pio2.o)
 .text.__ieee754_rem_pio2f
                0x000000000003ae40      0x524 /home/kris/intelFPGA/18.1/nios2eds/bin/gnu/H-x86_64-pc-linux-gnu/bin/../lib/gcc/nios2-elf/5.3.0/../../../../../H-x86_64-pc-linux-gnu/nios2-elf/lib/libm.a(lib_a-ef_rem_pio2.o)
                0x000000000003ae40                __ieee754_rem_pio2f
 .text          0x000000000003b364        0x0 /home/kris/intelFPGA/18.1/nios2eds/bin/gnu/H-x86_64-pc-linux-gnu/bin/../lib/gcc/nios2-elf/5.3.0/../../../../../H-x86_64-pc-linux-gnu/nios2-elf/lib/libm.a(lib_a-ef_sqrt.o)
 .text.__ieee754_sqrtf
                0x000000000003b364      0x154 /home/kris/intelFPGA/18.1/nios2eds/bin/gnu/H-x86_64-pc-linux-gnu/bin/../lib/gcc/nios2-elf/5.3.0/../../../../../H-x86_64-pc-linux-gnu/nios2-elf/lib/libm.a(lib_a-ef_sqrt.o)
                0x000000000003b364                __ieee754_sqrtf
 .text          0x000000000003b4b8        0x0 /home/kris/intelFPGA/18.1/nios2eds/bin/gnu/H-x86_64-pc-linux-gnu/bin/../lib/gcc/nios2-elf/5.3.0/../../../../../H-x86_64-pc-linux-gnu/nios2-elf/lib/libm.a(lib_a-kf_cos.o)
 .text.__kernel_cosf
                0x000000000003b4b8      0x2cc /home/kris/intelFPGA/18.1/nios2eds/bin/gnu/H-x86_64-pc-linux-gnu/bin/../lib/gcc/nios2-elf/5.3.0/../../../../../H-x86_64-pc-linux-gnu/nios2-elf/lib/libm.a(lib_a-kf_cos.o)
                0x000000000003b4b8                __kernel_cosf
 .text          0x000000000003b784        0x0 /home/kris/intelFPGA/18.1/nios2eds/bin/gnu/H-x86_64-pc-linux-gnu/bin/../lib/gcc/nios2-elf/5.3.0/../../../../../H-x86_64-pc-linux-gnu/nios2-elf/lib/libm.a(lib_a-kf_rem_pio2.o)
 .text.__kernel_rem_pio2f
                0x000000000003b784      0xb04 /home/kris/intelFPGA/18.1/nios2eds/bin/gnu/H-x86_64-pc-linux-gnu/bin/../lib/gcc/nios2-elf/5.3.0/../../../../../H-x86_64-pc-linux-gnu/nios2-elf/lib/libm.a(lib_a-kf_rem_pio2.o)
                0x000000000003b784                __kernel_rem_pio2f
 .text          0x000000000003c288        0x0 /home/kris/intelFPGA/18.1/nios2eds/bin/gnu/H-x86_64-pc-linux-gnu/bin/../lib/gcc/nios2-elf/5.3.0/../../../../../H-x86_64-pc-linux-gnu/nios2-elf/lib/libm.a(lib_a-kf_sin.o)
 .text.__kernel_sinf
                0x000000000003c288      0x1b8 /home/kris/intelFPGA/18.1/nios2eds/bin/gnu/H-x86_64-pc-linux-gnu/bin/../lib/gcc/nios2-elf/5.3.0/../../../../../H-x86_64-pc-linux-gnu/nios2-elf/lib/libm.a(lib_a-kf_sin.o)
                0x000000000003c288                __kernel_sinf
 .text          0x000000000003c440        0x0 /home/kris/intelFPGA/18.1/nios2eds/bin/gnu/H-x86_64-pc-linux-gnu/bin/../lib/gcc/nios2-elf/5.3.0/../../../../../H-x86_64-pc-linux-gnu/nios2-elf/lib/libm.a(lib_a-kf_tan.o)
 .text.__kernel_tanf
                0x000000000003c440      0x41c /home/kris/intelFPGA/18.1/nios2eds/bin/gnu/H-x86_64-pc-linux-gnu/bin/../lib/gcc/nios2-elf/5.3.0/../../../../../H-x86_64-pc-linux-gnu/nios2-elf/lib/libm.a(lib_a-kf_tan.o)
                0x000000000003c440                __kernel_tanf
 .text          0x000000000003c85c        0x0 /home/kris/intelFPGA/18.1/nios2eds/bin/gnu/H-x86_64-pc-linux-gnu/bin/../lib/gcc/nios2-elf/5.3.0/../../../../../H-x86_64-pc-linux-gnu/nios2-elf/lib/libm.a(lib_a-s_lib_ver.o)
 .text          0x000000000003c85c        0x0 /home/kris/intelFPGA/18.1/nios2eds/bin/gnu/H-x86_64-pc-linux-gnu/bin/../lib/gcc/nios2-elf/5.3.0/../../../../../H-x86_64-pc-linux-gnu/nios2-elf/lib/libm.a(lib_a-s_matherr.o)
 .text.matherr  0x000000000003c85c        0x8 /home/kris/intelFPGA/18.1/nios2eds/bin/gnu/H-x86_64-pc-linux-gnu/bin/../lib/gcc/nios2-elf/5.3.0/../../../../../H-x86_64-pc-linux-gnu/nios2-elf/lib/libm.a(lib_a-s_matherr.o)
                0x000000000003c85c                matherr
 .text          0x000000000003c864        0x0 /home/kris/intelFPGA/18.1/nios2eds/bin/gnu/H-x86_64-pc-linux-gnu/bin/../lib/gcc/nios2-elf/5.3.0/../../../../../H-x86_64-pc-linux-gnu/nios2-elf/lib/libm.a(lib_a-s_nan.o)
 .text.nan      0x000000000003c864        0xc /home/kris/intelFPGA/18.1/nios2eds/bin/gnu/H-x86_64-pc-linux-gnu/bin/../lib/gcc/nios2-elf/5.3.0/../../../../../H-x86_64-pc-linux-gnu/nios2-elf/lib/libm.a(lib_a-s_nan.o)
                0x000000000003c864                nan
 .text          0x000000000003c870        0x0 /home/kris/intelFPGA/18.1/nios2eds/bin/gnu/H-x86_64-pc-linux-gnu/bin/../lib/gcc/nios2-elf/5.3.0/../../../../../H-x86_64-pc-linux-gnu/nios2-elf/lib/libm.a(lib_a-s_rint.o)
 .text.rint     0x000000000003c870      0x1ec /home/kris/intelFPGA/18.1/nios2eds/bin/gnu/H-x86_64-pc-linux-gnu/bin/../lib/gcc/nios2-elf/5.3.0/../../../../../H-x86_64-pc-linux-gnu/nios2-elf/lib/libm.a(lib_a-s_rint.o)
                0x000000000003c870                rint
 .text          0x000000000003ca5c        0x0 /home/kris/intelFPGA/18.1/nios2eds/bin/gnu/H-x86_64-pc-linux-gnu/bin/../lib/gcc/nios2-elf/5.3.0/../../../../../H-x86_64-pc-linux-gnu/nios2-elf/lib/libm.a(lib_a-sf_atan.o)
 .text.atanf    0x000000000003ca5c      0x398 /home/kris/intelFPGA/18.1/nios2eds/bin/gnu/H-x86_64-pc-linux-gnu/bin/../lib/gcc/nios2-elf/5.3.0/../../../../../H-x86_64-pc-linux-gnu/nios2-elf/lib/libm.a(lib_a-sf_atan.o)
                0x000000000003ca5c                atanf
 .text          0x000000000003cdf4        0x0 /home/kris/intelFPGA/18.1/nios2eds/bin/gnu/H-x86_64-pc-linux-gnu/bin/../lib/gcc/nios2-elf/5.3.0/../../../../../H-x86_64-pc-linux-gnu/nios2-elf/lib/libm.a(lib_a-sf_fabs.o)
 .text.fabsf    0x000000000003cdf4       0x10 /home/kris/intelFPGA/18.1/nios2eds/bin/gnu/H-x86_64-pc-linux-gnu/bin/../lib/gcc/nios2-elf/5.3.0/../../../../../H-x86_64-pc-linux-gnu/nios2-elf/lib/libm.a(lib_a-sf_fabs.o)
                0x000000000003cdf4                fabsf
 .text          0x000000000003ce04        0x0 /home/kris/intelFPGA/18.1/nios2eds/bin/gnu/H-x86_64-pc-linux-gnu/bin/../lib/gcc/nios2-elf/5.3.0/../../../../../H-x86_64-pc-linux-gnu/nios2-elf/lib/libm.a(lib_a-sf_finite.o)
 .text.finitef  0x000000000003ce04       0x18 /home/kris/intelFPGA/18.1/nios2eds/bin/gnu/H-x86_64-pc-linux-gnu/bin/../lib/gcc/nios2-elf/5.3.0/../../../../../H-x86_64-pc-linux-gnu/nios2-elf/lib/libm.a(lib_a-sf_finite.o)
                0x000000000003ce04                finitef
 .text          0x000000000003ce1c        0x0 /home/kris/intelFPGA/18.1/nios2eds/bin/gnu/H-x86_64-pc-linux-gnu/bin/../lib/gcc/nios2-elf/5.3.0/../../../../../H-x86_64-pc-linux-gnu/nios2-elf/lib/libm.a(lib_a-sf_fpclassify.o)
 .text.__fpclassifyf
                0x000000000003ce1c       0x58 /home/kris/intelFPGA/18.1/nios2eds/bin/gnu/H-x86_64-pc-linux-gnu/bin/../lib/gcc/nios2-elf/5.3.0/../../../../../H-x86_64-pc-linux-gnu/nios2-elf/lib/libm.a(lib_a-sf_fpclassify.o)
                0x000000000003ce1c                __fpclassifyf
 .text          0x000000000003ce74        0x0 /home/kris/intelFPGA/18.1/nios2eds/bin/gnu/H-x86_64-pc-linux-gnu/bin/../lib/gcc/nios2-elf/5.3.0/../../../../../H-x86_64-pc-linux-gnu/nios2-elf/lib/libm.a(lib_a-sf_nan.o)
 .text.nanf     0x000000000003ce74        0x8 /home/kris/intelFPGA/18.1/nios2eds/bin/gnu/H-x86_64-pc-linux-gnu/bin/../lib/gcc/nios2-elf/5.3.0/../../../../../H-x86_64-pc-linux-gnu/nios2-elf/lib/libm.a(lib_a-sf_nan.o)
                0x000000000003ce74                nanf
 .text          0x000000000003ce7c        0x0 /home/kris/intelFPGA/18.1/nios2eds/bin/gnu/H-x86_64-pc-linux-gnu/bin/../lib/gcc/nios2-elf/5.3.0/../../../../../H-x86_64-pc-linux-gnu/nios2-elf/lib/libm.a(lib_a-sf_scalbn.o)
 .text.scalbnf  0x000000000003ce7c      0x144 /home/kris/intelFPGA/18.1/nios2eds/bin/gnu/H-x86_64-pc-linux-gnu/bin/../lib/gcc/nios2-elf/5.3.0/../../../../../H-x86_64-pc-linux-gnu/nios2-elf/lib/libm.a(lib_a-sf_scalbn.o)
                0x000000000003ce7c                scalbnf
 .text          0x000000000003cfc0        0x0 /home/kris/intelFPGA/18.1/nios2eds/bin/gnu/H-x86_64-pc-linux-gnu/bin/../lib/gcc/nios2-elf/5.3.0/../../../../../H-x86_64-pc-linux-gnu/nios2-elf/lib/libm.a(lib_a-sf_copysign.o)
 .text.copysignf
                0x000000000003cfc0       0x18 /home/kris/intelFPGA/18.1/nios2eds/bin/gnu/H-x86_64-pc-linux-gnu/bin/../lib/gcc/nios2-elf/5.3.0/../../../../../H-x86_64-pc-linux-gnu/nios2-elf/lib/libm.a(lib_a-sf_copysign.o)
                0x000000000003cfc0                copysignf
 .text          0x000000000003cfd8      0x1b4 /home/kris/intelFPGA/18.1/nios2eds/bin/gnu/H-x86_64-pc-linux-gnu/bin/../lib/gcc/nios2-elf/5.3.0/libgcc.a(lib2-divmod.o)
                0x000000000003cfd8                __divsi3
                0x000000000003d05c                __modsi3
                0x000000000003d0d0                __udivsi3
                0x000000000003d134                __umodsi3
 .text          0x000000000003d18c      0x4c8 /home/kris/intelFPGA/18.1/nios2eds/bin/gnu/H-x86_64-pc-linux-gnu/bin/../lib/gcc/nios2-elf/5.3.0/libgcc.a(addsf3.o)
                0x000000000003d18c                __addsf3
 .text          0x000000000003d654      0x440 /home/kris/intelFPGA/18.1/nios2eds/bin/gnu/H-x86_64-pc-linux-gnu/bin/../lib/gcc/nios2-elf/5.3.0/libgcc.a(divsf3.o)
                0x000000000003d654                __divsf3
 .text          0x000000000003da94       0x78 /home/kris/intelFPGA/18.1/nios2eds/bin/gnu/H-x86_64-pc-linux-gnu/bin/../lib/gcc/nios2-elf/5.3.0/libgcc.a(eqsf2.o)
                0x000000000003da94                __nesf2
                0x000000000003da94                __eqsf2
 .text          0x000000000003db0c       0xbc /home/kris/intelFPGA/18.1/nios2eds/bin/gnu/H-x86_64-pc-linux-gnu/bin/../lib/gcc/nios2-elf/5.3.0/libgcc.a(gesf2.o)
                0x000000000003db0c                __gtsf2
                0x000000000003db0c                __gesf2
 .text          0x000000000003dbc8       0xc8 /home/kris/intelFPGA/18.1/nios2eds/bin/gnu/H-x86_64-pc-linux-gnu/bin/../lib/gcc/nios2-elf/5.3.0/libgcc.a(lesf2.o)
                0x000000000003dbc8                __lesf2
                0x000000000003dbc8                __ltsf2
 .text          0x000000000003dc90      0x3fc /home/kris/intelFPGA/18.1/nios2eds/bin/gnu/H-x86_64-pc-linux-gnu/bin/../lib/gcc/nios2-elf/5.3.0/libgcc.a(mulsf3.o)
                0x000000000003dc90                __mulsf3
 .text          0x000000000003e08c      0x4e4 /home/kris/intelFPGA/18.1/nios2eds/bin/gnu/H-x86_64-pc-linux-gnu/bin/../lib/gcc/nios2-elf/5.3.0/libgcc.a(subsf3.o)
                0x000000000003e08c                __subsf3
 .text          0x000000000003e570       0x70 /home/kris/intelFPGA/18.1/nios2eds/bin/gnu/H-x86_64-pc-linux-gnu/bin/../lib/gcc/nios2-elf/5.3.0/libgcc.a(fixsfsi.o)
                0x000000000003e570                __fixsfsi
 .text          0x000000000003e5e0      0x124 /home/kris/intelFPGA/18.1/nios2eds/bin/gnu/H-x86_64-pc-linux-gnu/bin/../lib/gcc/nios2-elf/5.3.0/libgcc.a(floatsisf.o)
                0x000000000003e5e0                __floatsisf
 .text          0x000000000003e704       0xf0 /home/kris/intelFPGA/18.1/nios2eds/bin/gnu/H-x86_64-pc-linux-gnu/bin/../lib/gcc/nios2-elf/5.3.0/libgcc.a(floatunsisf.o)
                0x000000000003e704                __floatunsisf
 .text          0x000000000003e7f4      0x8ac /home/kris/intelFPGA/18.1/nios2eds/bin/gnu/H-x86_64-pc-linux-gnu/bin/../lib/gcc/nios2-elf/5.3.0/libgcc.a(adddf3.o)
                0x000000000003e7f4                __adddf3
 .text          0x000000000003f0a0      0x8e8 /home/kris/intelFPGA/18.1/nios2eds/bin/gnu/H-x86_64-pc-linux-gnu/bin/../lib/gcc/nios2-elf/5.3.0/libgcc.a(divdf3.o)
                0x000000000003f0a0                __divdf3
 .text          0x000000000003f988       0x88 /home/kris/intelFPGA/18.1/nios2eds/bin/gnu/H-x86_64-pc-linux-gnu/bin/../lib/gcc/nios2-elf/5.3.0/libgcc.a(eqdf2.o)
                0x000000000003f988                __eqdf2
                0x000000000003f988                __nedf2
 .text          0x000000000003fa10      0x718 /home/kris/intelFPGA/18.1/nios2eds/bin/gnu/H-x86_64-pc-linux-gnu/bin/../lib/gcc/nios2-elf/5.3.0/libgcc.a(muldf3.o)
                0x000000000003fa10                __muldf3
 .text          0x0000000000040128      0x8fc /home/kris/intelFPGA/18.1/nios2eds/bin/gnu/H-x86_64-pc-linux-gnu/bin/../lib/gcc/nios2-elf/5.3.0/libgcc.a(subdf3.o)
                0x0000000000040128                __subdf3
 .text          0x0000000000040a24       0x80 /home/kris/intelFPGA/18.1/nios2eds/bin/gnu/H-x86_64-pc-linux-gnu/bin/../lib/gcc/nios2-elf/5.3.0/libgcc.a(fixdfsi.o)
                0x0000000000040a24                __fixdfsi
 .text          0x0000000000040aa4       0xdc /home/kris/intelFPGA/18.1/nios2eds/bin/gnu/H-x86_64-pc-linux-gnu/bin/../lib/gcc/nios2-elf/5.3.0/libgcc.a(floatsidf.o)
                0x0000000000040aa4                __floatsidf
 .text          0x0000000000040b80      0x110 /home/kris/intelFPGA/18.1/nios2eds/bin/gnu/H-x86_64-pc-linux-gnu/bin/../lib/gcc/nios2-elf/5.3.0/libgcc.a(extendsfdf2.o)
                0x0000000000040b80                __extendsfdf2
 .text          0x0000000000040c90      0x1a8 /home/kris/intelFPGA/18.1/nios2eds/bin/gnu/H-x86_64-pc-linux-gnu/bin/../lib/gcc/nios2-elf/5.3.0/libgcc.a(truncdfsf2.o)
                0x0000000000040c90                __truncdfsf2
 .text          0x0000000000040e38       0x64 /home/kris/intelFPGA/18.1/nios2eds/bin/gnu/H-x86_64-pc-linux-gnu/bin/../lib/gcc/nios2-elf/5.3.0/libgcc.a(_clzsi2.o)
                0x0000000000040e38                __clzsi2
 .text          0x0000000000040e9c        0x0 /home/kris/intelFPGA/18.1/nios2eds/bin/gnu/H-x86_64-pc-linux-gnu/bin/../lib/gcc/nios2-elf/5.3.0/libgcc.a(_clz.o)
 .text          0x0000000000040e9c        0x0 /home/kris/intelFPGA/18.1/nios2eds/bin/gnu/H-x86_64-pc-linux-gnu/bin/../lib/gcc/nios2-elf/5.3.0/../../../../../H-x86_64-pc-linux-gnu/nios2-elf/lib/libc.a(lib_a-abort.o)
 .text.abort    0x0000000000040e9c       0x18 /home/kris/intelFPGA/18.1/nios2eds/bin/gnu/H-x86_64-pc-linux-gnu/bin/../lib/gcc/nios2-elf/5.3.0/../../../../../H-x86_64-pc-linux-gnu/nios2-elf/lib/libc.a(lib_a-abort.o)
                0x0000000000040e9c                abort
 .text          0x0000000000040eb4        0x0 /home/kris/intelFPGA/18.1/nios2eds/bin/gnu/H-x86_64-pc-linux-gnu/bin/../lib/gcc/nios2-elf/5.3.0/../../../../../H-x86_64-pc-linux-gnu/nios2-elf/lib/libc.a(lib_a-clock.o)
 .text.clock    0x0000000000040eb4       0x4c /home/kris/intelFPGA/18.1/nios2eds/bin/gnu/H-x86_64-pc-linux-gnu/bin/../lib/gcc/nios2-elf/5.3.0/../../../../../H-x86_64-pc-linux-gnu/nios2-elf/lib/libc.a(lib_a-clock.o)
                0x0000000000040eb4                clock
 .text          0x0000000000040f00        0x0 /home/kris/intelFPGA/18.1/nios2eds/bin/gnu/H-x86_64-pc-linux-gnu/bin/../lib/gcc/nios2-elf/5.3.0/../../../../../H-x86_64-pc-linux-gnu/nios2-elf/lib/libc.a(lib_a-ctype_.o)
 .text          0x0000000000040f00        0x0 /home/kris/intelFPGA/18.1/nios2eds/bin/gnu/H-x86_64-pc-linux-gnu/bin/../lib/gcc/nios2-elf/5.3.0/../../../../../H-x86_64-pc-linux-gnu/nios2-elf/lib/libc.a(lib_a-difftime.o)
 .text.difftime
                0x0000000000040f00       0x1c /home/kris/intelFPGA/18.1/nios2eds/bin/gnu/H-x86_64-pc-linux-gnu/bin/../lib/gcc/nios2-elf/5.3.0/../../../../../H-x86_64-pc-linux-gnu/nios2-elf/lib/libc.a(lib_a-difftime.o)
                0x0000000000040f00                difftime
 .text          0x0000000000040f1c        0x0 /home/kris/intelFPGA/18.1/nios2eds/bin/gnu/H-x86_64-pc-linux-gnu/bin/../lib/gcc/nios2-elf/5.3.0/../../../../../H-x86_64-pc-linux-gnu/nios2-elf/lib/libc.a(lib_a-errno.o)
 .text.__errno  0x0000000000040f1c       0x10 /home/kris/intelFPGA/18.1/nios2eds/bin/gnu/H-x86_64-pc-linux-gnu/bin/../lib/gcc/nios2-elf/5.3.0/../../../../../H-x86_64-pc-linux-gnu/nios2-elf/lib/libc.a(lib_a-errno.o)
                0x0000000000040f1c                __errno
 .text          0x0000000000040f2c        0x0 /home/kris/intelFPGA/18.1/nios2eds/bin/gnu/H-x86_64-pc-linux-gnu/bin/../lib/gcc/nios2-elf/5.3.0/../../../../../H-x86_64-pc-linux-gnu/nios2-elf/lib/libc.a(lib_a-exit.o)
 .text.exit     0x0000000000040f2c       0x38 /home/kris/intelFPGA/18.1/nios2eds/bin/gnu/H-x86_64-pc-linux-gnu/bin/../lib/gcc/nios2-elf/5.3.0/../../../../../H-x86_64-pc-linux-gnu/nios2-elf/lib/libc.a(lib_a-exit.o)
                0x0000000000040f2c                exit
 .text          0x0000000000040f64        0x0 /home/kris/intelFPGA/18.1/nios2eds/bin/gnu/H-x86_64-pc-linux-gnu/bin/../lib/gcc/nios2-elf/5.3.0/../../../../../H-x86_64-pc-linux-gnu/nios2-elf/lib/libc.a(lib_a-fclose.o)
 .text._fclose_r
                0x0000000000040f64       0xf0 /home/kris/intelFPGA/18.1/nios2eds/bin/gnu/H-x86_64-pc-linux-gnu/bin/../lib/gcc/nios2-elf/5.3.0/../../../../../H-x86_64-pc-linux-gnu/nios2-elf/lib/libc.a(lib_a-fclose.o)
                0x0000000000040f64                _fclose_r
 .text.fclose   0x0000000000041054       0x14 /home/kris/intelFPGA/18.1/nios2eds/bin/gnu/H-x86_64-pc-linux-gnu/bin/../lib/gcc/nios2-elf/5.3.0/../../../../../H-x86_64-pc-linux-gnu/nios2-elf/lib/libc.a(lib_a-fclose.o)
                0x0000000000041054                fclose
 .text          0x0000000000041068        0x0 /home/kris/intelFPGA/18.1/nios2eds/bin/gnu/H-x86_64-pc-linux-gnu/bin/../lib/gcc/nios2-elf/5.3.0/../../../../../H-x86_64-pc-linux-gnu/nios2-elf/lib/libc.a(lib_a-fflush.o)
 .text.__sflush_r
                0x0000000000041068      0x21c /home/kris/intelFPGA/18.1/nios2eds/bin/gnu/H-x86_64-pc-linux-gnu/bin/../lib/gcc/nios2-elf/5.3.0/../../../../../H-x86_64-pc-linux-gnu/nios2-elf/lib/libc.a(lib_a-fflush.o)
                0x0000000000041068                __sflush_r
 .text._fflush_r
                0x0000000000041284       0x5c /home/kris/intelFPGA/18.1/nios2eds/bin/gnu/H-x86_64-pc-linux-gnu/bin/../lib/gcc/nios2-elf/5.3.0/../../../../../H-x86_64-pc-linux-gnu/nios2-elf/lib/libc.a(lib_a-fflush.o)
                0x0000000000041284                _fflush_r
 .text.fflush   0x00000000000412e0       0x30 /home/kris/intelFPGA/18.1/nios2eds/bin/gnu/H-x86_64-pc-linux-gnu/bin/../lib/gcc/nios2-elf/5.3.0/../../../../../H-x86_64-pc-linux-gnu/nios2-elf/lib/libc.a(lib_a-fflush.o)
                0x00000000000412e0                fflush
 .text          0x0000000000041310        0x0 /home/kris/intelFPGA/18.1/nios2eds/bin/gnu/H-x86_64-pc-linux-gnu/bin/../lib/gcc/nios2-elf/5.3.0/../../../../../H-x86_64-pc-linux-gnu/nios2-elf/lib/libc.a(lib_a-fgets.o)
 .text._fgets_r
                0x0000000000041310      0x144 /home/kris/intelFPGA/18.1/nios2eds/bin/gnu/H-x86_64-pc-linux-gnu/bin/../lib/gcc/nios2-elf/5.3.0/../../../../../H-x86_64-pc-linux-gnu/nios2-elf/lib/libc.a(lib_a-fgets.o)
                0x0000000000041310                _fgets_r
 .text.fgets    0x0000000000041454       0x1c /home/kris/intelFPGA/18.1/nios2eds/bin/gnu/H-x86_64-pc-linux-gnu/bin/../lib/gcc/nios2-elf/5.3.0/../../../../../H-x86_64-pc-linux-gnu/nios2-elf/lib/libc.a(lib_a-fgets.o)
                0x0000000000041454                fgets
 .text          0x0000000000041470        0x0 /home/kris/intelFPGA/18.1/nios2eds/bin/gnu/H-x86_64-pc-linux-gnu/bin/../lib/gcc/nios2-elf/5.3.0/../../../../../H-x86_64-pc-linux-gnu/nios2-elf/lib/libc.a(lib_a-findfp.o)
 .text.__fp_unlock
                0x0000000000041470        0x8 /home/kris/intelFPGA/18.1/nios2eds/bin/gnu/H-x86_64-pc-linux-gnu/bin/../lib/gcc/nios2-elf/5.3.0/../../../../../H-x86_64-pc-linux-gnu/nios2-elf/lib/libc.a(lib_a-findfp.o)
 .text._cleanup_r
                0x0000000000041478        0xc /home/kris/intelFPGA/18.1/nios2eds/bin/gnu/H-x86_64-pc-linux-gnu/bin/../lib/gcc/nios2-elf/5.3.0/../../../../../H-x86_64-pc-linux-gnu/nios2-elf/lib/libc.a(lib_a-findfp.o)
                0x0000000000041478                _cleanup_r
 .text.__sinit.part.1
                0x0000000000041484      0x19c /home/kris/intelFPGA/18.1/nios2eds/bin/gnu/H-x86_64-pc-linux-gnu/bin/../lib/gcc/nios2-elf/5.3.0/../../../../../H-x86_64-pc-linux-gnu/nios2-elf/lib/libc.a(lib_a-findfp.o)
 .text.__fp_lock
                0x0000000000041620        0x8 /home/kris/intelFPGA/18.1/nios2eds/bin/gnu/H-x86_64-pc-linux-gnu/bin/../lib/gcc/nios2-elf/5.3.0/../../../../../H-x86_64-pc-linux-gnu/nios2-elf/lib/libc.a(lib_a-findfp.o)
 .text.__sfmoreglue
                0x0000000000041628       0x68 /home/kris/intelFPGA/18.1/nios2eds/bin/gnu/H-x86_64-pc-linux-gnu/bin/../lib/gcc/nios2-elf/5.3.0/../../../../../H-x86_64-pc-linux-gnu/nios2-elf/lib/libc.a(lib_a-findfp.o)
                0x0000000000041628                __sfmoreglue
 .text.__sfp    0x0000000000041690      0x118 /home/kris/intelFPGA/18.1/nios2eds/bin/gnu/H-x86_64-pc-linux-gnu/bin/../lib/gcc/nios2-elf/5.3.0/../../../../../H-x86_64-pc-linux-gnu/nios2-elf/lib/libc.a(lib_a-findfp.o)
                0x0000000000041690                __sfp
 .text._cleanup
                0x00000000000417a8       0x18 /home/kris/intelFPGA/18.1/nios2eds/bin/gnu/H-x86_64-pc-linux-gnu/bin/../lib/gcc/nios2-elf/5.3.0/../../../../../H-x86_64-pc-linux-gnu/nios2-elf/lib/libc.a(lib_a-findfp.o)
                0x00000000000417a8                _cleanup
 .text.__sinit  0x00000000000417c0       0x10 /home/kris/intelFPGA/18.1/nios2eds/bin/gnu/H-x86_64-pc-linux-gnu/bin/../lib/gcc/nios2-elf/5.3.0/../../../../../H-x86_64-pc-linux-gnu/nios2-elf/lib/libc.a(lib_a-findfp.o)
                0x00000000000417c0                __sinit
 .text.__sfp_lock_acquire
                0x00000000000417d0        0x4 /home/kris/intelFPGA/18.1/nios2eds/bin/gnu/H-x86_64-pc-linux-gnu/bin/../lib/gcc/nios2-elf/5.3.0/../../../../../H-x86_64-pc-linux-gnu/nios2-elf/lib/libc.a(lib_a-findfp.o)
                0x00000000000417d0                __sfp_lock_acquire
 .text.__sfp_lock_release
                0x00000000000417d4        0x4 /home/kris/intelFPGA/18.1/nios2eds/bin/gnu/H-x86_64-pc-linux-gnu/bin/../lib/gcc/nios2-elf/5.3.0/../../../../../H-x86_64-pc-linux-gnu/nios2-elf/lib/libc.a(lib_a-findfp.o)
                0x00000000000417d4                __sfp_lock_release
 .text.__sinit_lock_acquire
                0x00000000000417d8        0x4 /home/kris/intelFPGA/18.1/nios2eds/bin/gnu/H-x86_64-pc-linux-gnu/bin/../lib/gcc/nios2-elf/5.3.0/../../../../../H-x86_64-pc-linux-gnu/nios2-elf/lib/libc.a(lib_a-findfp.o)
                0x00000000000417d8                __sinit_lock_acquire
 .text.__sinit_lock_release
                0x00000000000417dc        0x4 /home/kris/intelFPGA/18.1/nios2eds/bin/gnu/H-x86_64-pc-linux-gnu/bin/../lib/gcc/nios2-elf/5.3.0/../../../../../H-x86_64-pc-linux-gnu/nios2-elf/lib/libc.a(lib_a-findfp.o)
                0x00000000000417dc                __sinit_lock_release
 .text.__fp_lock_all
                0x00000000000417e0       0x18 /home/kris/intelFPGA/18.1/nios2eds/bin/gnu/H-x86_64-pc-linux-gnu/bin/../lib/gcc/nios2-elf/5.3.0/../../../../../H-x86_64-pc-linux-gnu/nios2-elf/lib/libc.a(lib_a-findfp.o)
                0x00000000000417e0                __fp_lock_all
 .text.__fp_unlock_all
                0x00000000000417f8       0x18 /home/kris/intelFPGA/18.1/nios2eds/bin/gnu/H-x86_64-pc-linux-gnu/bin/../lib/gcc/nios2-elf/5.3.0/../../../../../H-x86_64-pc-linux-gnu/nios2-elf/lib/libc.a(lib_a-findfp.o)
                0x00000000000417f8                __fp_unlock_all
 .text          0x0000000000041810        0x0 /home/kris/intelFPGA/18.1/nios2eds/bin/gnu/H-x86_64-pc-linux-gnu/bin/../lib/gcc/nios2-elf/5.3.0/../../../../../H-x86_64-pc-linux-gnu/nios2-elf/lib/libc.a(lib_a-fopen.o)
 .text._fopen_r
                0x0000000000041810       0xf4 /home/kris/intelFPGA/18.1/nios2eds/bin/gnu/H-x86_64-pc-linux-gnu/bin/../lib/gcc/nios2-elf/5.3.0/../../../../../H-x86_64-pc-linux-gnu/nios2-elf/lib/libc.a(lib_a-fopen.o)
                0x0000000000041810                _fopen_r
 .text.fopen    0x0000000000041904       0x18 /home/kris/intelFPGA/18.1/nios2eds/bin/gnu/H-x86_64-pc-linux-gnu/bin/../lib/gcc/nios2-elf/5.3.0/../../../../../H-x86_64-pc-linux-gnu/nios2-elf/lib/libc.a(lib_a-fopen.o)
                0x0000000000041904                fopen
 .text          0x000000000004191c        0x0 /home/kris/intelFPGA/18.1/nios2eds/bin/gnu/H-x86_64-pc-linux-gnu/bin/../lib/gcc/nios2-elf/5.3.0/../../../../../H-x86_64-pc-linux-gnu/nios2-elf/lib/libc.a(lib_a-fprintf.o)
 .text._fprintf_r
                0x000000000004191c       0x28 /home/kris/intelFPGA/18.1/nios2eds/bin/gnu/H-x86_64-pc-linux-gnu/bin/../lib/gcc/nios2-elf/5.3.0/../../../../../H-x86_64-pc-linux-gnu/nios2-elf/lib/libc.a(lib_a-fprintf.o)
                0x000000000004191c                _fprintf_r
 .text.fprintf  0x0000000000041944       0x24 /home/kris/intelFPGA/18.1/nios2eds/bin/gnu/H-x86_64-pc-linux-gnu/bin/../lib/gcc/nios2-elf/5.3.0/../../../../../H-x86_64-pc-linux-gnu/nios2-elf/lib/libc.a(lib_a-fprintf.o)
                0x0000000000041944                fprintf
 .text          0x0000000000041968        0x0 /home/kris/intelFPGA/18.1/nios2eds/bin/gnu/H-x86_64-pc-linux-gnu/bin/../lib/gcc/nios2-elf/5.3.0/../../../../../H-x86_64-pc-linux-gnu/nios2-elf/lib/libc.a(lib_a-fputs.o)
 .text._fputs_r
                0x0000000000041968       0x9c /home/kris/intelFPGA/18.1/nios2eds/bin/gnu/H-x86_64-pc-linux-gnu/bin/../lib/gcc/nios2-elf/5.3.0/../../../../../H-x86_64-pc-linux-gnu/nios2-elf/lib/libc.a(lib_a-fputs.o)
                0x0000000000041968                _fputs_r
 .text.fputs    0x0000000000041a04       0x18 /home/kris/intelFPGA/18.1/nios2eds/bin/gnu/H-x86_64-pc-linux-gnu/bin/../lib/gcc/nios2-elf/5.3.0/../../../../../H-x86_64-pc-linux-gnu/nios2-elf/lib/libc.a(lib_a-fputs.o)
                0x0000000000041a04                fputs
 .text          0x0000000000041a1c        0x0 /home/kris/intelFPGA/18.1/nios2eds/bin/gnu/H-x86_64-pc-linux-gnu/bin/../lib/gcc/nios2-elf/5.3.0/../../../../../H-x86_64-pc-linux-gnu/nios2-elf/lib/libc.a(lib_a-fread.o)
 .text._fread_r
                0x0000000000041a1c      0x22c /home/kris/intelFPGA/18.1/nios2eds/bin/gnu/H-x86_64-pc-linux-gnu/bin/../lib/gcc/nios2-elf/5.3.0/../../../../../H-x86_64-pc-linux-gnu/nios2-elf/lib/libc.a(lib_a-fread.o)
                0x0000000000041a1c                _fread_r
 .text.fread    0x0000000000041c48       0x34 /home/kris/intelFPGA/18.1/nios2eds/bin/gnu/H-x86_64-pc-linux-gnu/bin/../lib/gcc/nios2-elf/5.3.0/../../../../../H-x86_64-pc-linux-gnu/nios2-elf/lib/libc.a(lib_a-fread.o)
                0x0000000000041c48                fread
 .text          0x0000000000041c7c        0x0 /home/kris/intelFPGA/18.1/nios2eds/bin/gnu/H-x86_64-pc-linux-gnu/bin/../lib/gcc/nios2-elf/5.3.0/../../../../../H-x86_64-pc-linux-gnu/nios2-elf/lib/libc.a(lib_a-freer.o)
 .text._malloc_trim_r
                0x0000000000041c7c      0x124 /home/kris/intelFPGA/18.1/nios2eds/bin/gnu/H-x86_64-pc-linux-gnu/bin/../lib/gcc/nios2-elf/5.3.0/../../../../../H-x86_64-pc-linux-gnu/nios2-elf/lib/libc.a(lib_a-freer.o)
                0x0000000000041c7c                _malloc_trim_r
 .text._free_r  0x0000000000041da0      0x310 /home/kris/intelFPGA/18.1/nios2eds/bin/gnu/H-x86_64-pc-linux-gnu/bin/../lib/gcc/nios2-elf/5.3.0/../../../../../H-x86_64-pc-linux-gnu/nios2-elf/lib/libc.a(lib_a-freer.o)
                0x0000000000041da0                _free_r
 .text          0x00000000000420b0        0x0 /home/kris/intelFPGA/18.1/nios2eds/bin/gnu/H-x86_64-pc-linux-gnu/bin/../lib/gcc/nios2-elf/5.3.0/../../../../../H-x86_64-pc-linux-gnu/nios2-elf/lib/libc.a(lib_a-freopen.o)
 .text._freopen_r
                0x00000000000420b0      0x234 /home/kris/intelFPGA/18.1/nios2eds/bin/gnu/H-x86_64-pc-linux-gnu/bin/../lib/gcc/nios2-elf/5.3.0/../../../../../H-x86_64-pc-linux-gnu/nios2-elf/lib/libc.a(lib_a-freopen.o)
                0x00000000000420b0                _freopen_r
 .text.freopen  0x00000000000422e4       0x1c /home/kris/intelFPGA/18.1/nios2eds/bin/gnu/H-x86_64-pc-linux-gnu/bin/../lib/gcc/nios2-elf/5.3.0/../../../../../H-x86_64-pc-linux-gnu/nios2-elf/lib/libc.a(lib_a-freopen.o)
                0x00000000000422e4                freopen
 .text          0x0000000000042300        0x0 /home/kris/intelFPGA/18.1/nios2eds/bin/gnu/H-x86_64-pc-linux-gnu/bin/../lib/gcc/nios2-elf/5.3.0/../../../../../H-x86_64-pc-linux-gnu/nios2-elf/lib/libc.a(lib_a-fseek.o)
 .text._fseek_r
                0x0000000000042300        0x4 /home/kris/intelFPGA/18.1/nios2eds/bin/gnu/H-x86_64-pc-linux-gnu/bin/../lib/gcc/nios2-elf/5.3.0/../../../../../H-x86_64-pc-linux-gnu/nios2-elf/lib/libc.a(lib_a-fseek.o)
                0x0000000000042300                _fseek_r
 .text.fseek    0x0000000000042304       0x1c /home/kris/intelFPGA/18.1/nios2eds/bin/gnu/H-x86_64-pc-linux-gnu/bin/../lib/gcc/nios2-elf/5.3.0/../../../../../H-x86_64-pc-linux-gnu/nios2-elf/lib/libc.a(lib_a-fseek.o)
                0x0000000000042304                fseek
 .text          0x0000000000042320        0x0 /home/kris/intelFPGA/18.1/nios2eds/bin/gnu/H-x86_64-pc-linux-gnu/bin/../lib/gcc/nios2-elf/5.3.0/../../../../../H-x86_64-pc-linux-gnu/nios2-elf/lib/libc.a(lib_a-fseeko.o)
 .text._fseeko_r
                0x0000000000042320      0x444 /home/kris/intelFPGA/18.1/nios2eds/bin/gnu/H-x86_64-pc-linux-gnu/bin/../lib/gcc/nios2-elf/5.3.0/../../../../../H-x86_64-pc-linux-gnu/nios2-elf/lib/libc.a(lib_a-fseeko.o)
                0x0000000000042320                _fseeko_r
 .text.fseeko   0x0000000000042764       0x1c /home/kris/intelFPGA/18.1/nios2eds/bin/gnu/H-x86_64-pc-linux-gnu/bin/../lib/gcc/nios2-elf/5.3.0/../../../../../H-x86_64-pc-linux-gnu/nios2-elf/lib/libc.a(lib_a-fseeko.o)
                0x0000000000042764                fseeko
 .text          0x0000000000042780        0x0 /home/kris/intelFPGA/18.1/nios2eds/bin/gnu/H-x86_64-pc-linux-gnu/bin/../lib/gcc/nios2-elf/5.3.0/../../../../../H-x86_64-pc-linux-gnu/nios2-elf/lib/libc.a(lib_a-fstatr.o)
 .text._fstat_r
                0x0000000000042780       0x5c /home/kris/intelFPGA/18.1/nios2eds/bin/gnu/H-x86_64-pc-linux-gnu/bin/../lib/gcc/nios2-elf/5.3.0/../../../../../H-x86_64-pc-linux-gnu/nios2-elf/lib/libc.a(lib_a-fstatr.o)
                0x0000000000042780                _fstat_r
 .text          0x00000000000427dc        0x0 /home/kris/intelFPGA/18.1/nios2eds/bin/gnu/H-x86_64-pc-linux-gnu/bin/../lib/gcc/nios2-elf/5.3.0/../../../../../H-x86_64-pc-linux-gnu/nios2-elf/lib/libc.a(lib_a-ftell.o)
 .text._ftell_r
                0x00000000000427dc        0x4 /home/kris/intelFPGA/18.1/nios2eds/bin/gnu/H-x86_64-pc-linux-gnu/bin/../lib/gcc/nios2-elf/5.3.0/../../../../../H-x86_64-pc-linux-gnu/nios2-elf/lib/libc.a(lib_a-ftell.o)
                0x00000000000427dc                _ftell_r
 .text.ftell    0x00000000000427e0       0x14 /home/kris/intelFPGA/18.1/nios2eds/bin/gnu/H-x86_64-pc-linux-gnu/bin/../lib/gcc/nios2-elf/5.3.0/../../../../../H-x86_64-pc-linux-gnu/nios2-elf/lib/libc.a(lib_a-ftell.o)
                0x00000000000427e0                ftell
 .text          0x00000000000427f4        0x0 /home/kris/intelFPGA/18.1/nios2eds/bin/gnu/H-x86_64-pc-linux-gnu/bin/../lib/gcc/nios2-elf/5.3.0/../../../../../H-x86_64-pc-linux-gnu/nios2-elf/lib/libc.a(lib_a-ftello.o)
 .text._ftello_r
                0x00000000000427f4       0xec /home/kris/intelFPGA/18.1/nios2eds/bin/gnu/H-x86_64-pc-linux-gnu/bin/../lib/gcc/nios2-elf/5.3.0/../../../../../H-x86_64-pc-linux-gnu/nios2-elf/lib/libc.a(lib_a-ftello.o)
                0x00000000000427f4                _ftello_r
 .text.ftello   0x00000000000428e0       0x14 /home/kris/intelFPGA/18.1/nios2eds/bin/gnu/H-x86_64-pc-linux-gnu/bin/../lib/gcc/nios2-elf/5.3.0/../../../../../H-x86_64-pc-linux-gnu/nios2-elf/lib/libc.a(lib_a-ftello.o)
                0x00000000000428e0                ftello
 .text          0x00000000000428f4        0x0 /home/kris/intelFPGA/18.1/nios2eds/bin/gnu/H-x86_64-pc-linux-gnu/bin/../lib/gcc/nios2-elf/5.3.0/../../../../../H-x86_64-pc-linux-gnu/nios2-elf/lib/libc.a(lib_a-fvwrite.o)
 .text.__sfvwrite_r
                0x00000000000428f4      0x4bc /home/kris/intelFPGA/18.1/nios2eds/bin/gnu/H-x86_64-pc-linux-gnu/bin/../lib/gcc/nios2-elf/5.3.0/../../../../../H-x86_64-pc-linux-gnu/nios2-elf/lib/libc.a(lib_a-fvwrite.o)
                0x00000000000428f4                __sfvwrite_r
 .text          0x0000000000042db0        0x0 /home/kris/intelFPGA/18.1/nios2eds/bin/gnu/H-x86_64-pc-linux-gnu/bin/../lib/gcc/nios2-elf/5.3.0/../../../../../H-x86_64-pc-linux-gnu/nios2-elf/lib/libc.a(lib_a-fwalk.o)
 .text._fwalk   0x0000000000042db0       0xc4 /home/kris/intelFPGA/18.1/nios2eds/bin/gnu/H-x86_64-pc-linux-gnu/bin/../lib/gcc/nios2-elf/5.3.0/../../../../../H-x86_64-pc-linux-gnu/nios2-elf/lib/libc.a(lib_a-fwalk.o)
                0x0000000000042db0                _fwalk
 .text._fwalk_reent
                0x0000000000042e74       0xc4 /home/kris/intelFPGA/18.1/nios2eds/bin/gnu/H-x86_64-pc-linux-gnu/bin/../lib/gcc/nios2-elf/5.3.0/../../../../../H-x86_64-pc-linux-gnu/nios2-elf/lib/libc.a(lib_a-fwalk.o)
                0x0000000000042e74                _fwalk_reent
 .text          0x0000000000042f38        0x0 /home/kris/intelFPGA/18.1/nios2eds/bin/gnu/H-x86_64-pc-linux-gnu/bin/../lib/gcc/nios2-elf/5.3.0/../../../../../H-x86_64-pc-linux-gnu/nios2-elf/lib/libc.a(lib_a-fwrite.o)
 .text._fwrite_r
                0x0000000000042f38       0xcc /home/kris/intelFPGA/18.1/nios2eds/bin/gnu/H-x86_64-pc-linux-gnu/bin/../lib/gcc/nios2-elf/5.3.0/../../../../../H-x86_64-pc-linux-gnu/nios2-elf/lib/libc.a(lib_a-fwrite.o)
                0x0000000000042f38                _fwrite_r
 .text.fwrite   0x0000000000043004       0x34 /home/kris/intelFPGA/18.1/nios2eds/bin/gnu/H-x86_64-pc-linux-gnu/bin/../lib/gcc/nios2-elf/5.3.0/../../../../../H-x86_64-pc-linux-gnu/nios2-elf/lib/libc.a(lib_a-fwrite.o)
                0x0000000000043004                fwrite
 .text          0x0000000000043038        0x0 /home/kris/intelFPGA/18.1/nios2eds/bin/gnu/H-x86_64-pc-linux-gnu/bin/../lib/gcc/nios2-elf/5.3.0/../../../../../H-x86_64-pc-linux-gnu/nios2-elf/lib/libc.a(lib_a-getc.o)
 .text._getc_r  0x0000000000043038       0x70 /home/kris/intelFPGA/18.1/nios2eds/bin/gnu/H-x86_64-pc-linux-gnu/bin/../lib/gcc/nios2-elf/5.3.0/../../../../../H-x86_64-pc-linux-gnu/nios2-elf/lib/libc.a(lib_a-getc.o)
                0x0000000000043038                _getc_r
 .text.getc     0x00000000000430a8       0x88 /home/kris/intelFPGA/18.1/nios2eds/bin/gnu/H-x86_64-pc-linux-gnu/bin/../lib/gcc/nios2-elf/5.3.0/../../../../../H-x86_64-pc-linux-gnu/nios2-elf/lib/libc.a(lib_a-getc.o)
                0x00000000000430a8                getc
 .text          0x0000000000043130        0x0 /home/kris/intelFPGA/18.1/nios2eds/bin/gnu/H-x86_64-pc-linux-gnu/bin/../lib/gcc/nios2-elf/5.3.0/../../../../../H-x86_64-pc-linux-gnu/nios2-elf/lib/libc.a(lib_a-getenv.o)
 .text._findenv
                0x0000000000043130       0x18 /home/kris/intelFPGA/18.1/nios2eds/bin/gnu/H-x86_64-pc-linux-gnu/bin/../lib/gcc/nios2-elf/5.3.0/../../../../../H-x86_64-pc-linux-gnu/nios2-elf/lib/libc.a(lib_a-getenv.o)
                0x0000000000043130                _findenv
 .text.getenv   0x0000000000043148       0x2c /home/kris/intelFPGA/18.1/nios2eds/bin/gnu/H-x86_64-pc-linux-gnu/bin/../lib/gcc/nios2-elf/5.3.0/../../../../../H-x86_64-pc-linux-gnu/nios2-elf/lib/libc.a(lib_a-getenv.o)
                0x0000000000043148                getenv
 .text          0x0000000000043174        0x0 /home/kris/intelFPGA/18.1/nios2eds/bin/gnu/H-x86_64-pc-linux-gnu/bin/../lib/gcc/nios2-elf/5.3.0/../../../../../H-x86_64-pc-linux-gnu/nios2-elf/lib/libc.a(lib_a-getenv_r.o)
 .text._findenv_r
                0x0000000000043174      0x104 /home/kris/intelFPGA/18.1/nios2eds/bin/gnu/H-x86_64-pc-linux-gnu/bin/../lib/gcc/nios2-elf/5.3.0/../../../../../H-x86_64-pc-linux-gnu/nios2-elf/lib/libc.a(lib_a-getenv_r.o)
                0x0000000000043174                _findenv_r
 .text._getenv_r
                0x0000000000043278       0x1c /home/kris/intelFPGA/18.1/nios2eds/bin/gnu/H-x86_64-pc-linux-gnu/bin/../lib/gcc/nios2-elf/5.3.0/../../../../../H-x86_64-pc-linux-gnu/nios2-elf/lib/libc.a(lib_a-getenv_r.o)
                0x0000000000043278                _getenv_r
 .text          0x0000000000043294        0x0 /home/kris/intelFPGA/18.1/nios2eds/bin/gnu/H-x86_64-pc-linux-gnu/bin/../lib/gcc/nios2-elf/5.3.0/../../../../../H-x86_64-pc-linux-gnu/nios2-elf/lib/libc.a(lib_a-gmtime.o)
 .text.gmtime   0x0000000000043294       0x14 /home/kris/intelFPGA/18.1/nios2eds/bin/gnu/H-x86_64-pc-linux-gnu/bin/../lib/gcc/nios2-elf/5.3.0/../../../../../H-x86_64-pc-linux-gnu/nios2-elf/lib/libc.a(lib_a-gmtime.o)
                0x0000000000043294                gmtime
 .text          0x00000000000432a8        0x0 /home/kris/intelFPGA/18.1/nios2eds/bin/gnu/H-x86_64-pc-linux-gnu/bin/../lib/gcc/nios2-elf/5.3.0/../../../../../H-x86_64-pc-linux-gnu/nios2-elf/lib/libc.a(lib_a-gmtime_r.o)
 .text.gmtime_r
                0x00000000000432a8      0x20c /home/kris/intelFPGA/18.1/nios2eds/bin/gnu/H-x86_64-pc-linux-gnu/bin/../lib/gcc/nios2-elf/5.3.0/../../../../../H-x86_64-pc-linux-gnu/nios2-elf/lib/libc.a(lib_a-gmtime_r.o)
                0x00000000000432a8                gmtime_r
 .text          0x00000000000434b4        0x0 /home/kris/intelFPGA/18.1/nios2eds/bin/gnu/H-x86_64-pc-linux-gnu/bin/../lib/gcc/nios2-elf/5.3.0/../../../../../H-x86_64-pc-linux-gnu/nios2-elf/lib/libc.a(lib_a-impure.o)
 .text          0x00000000000434b4        0x0 /home/kris/intelFPGA/18.1/nios2eds/bin/gnu/H-x86_64-pc-linux-gnu/bin/../lib/gcc/nios2-elf/5.3.0/../../../../../H-x86_64-pc-linux-gnu/nios2-elf/lib/libc.a(lib_a-int_errno.o)
 .text          0x00000000000434b4        0x0 /home/kris/intelFPGA/18.1/nios2eds/bin/gnu/H-x86_64-pc-linux-gnu/bin/../lib/gcc/nios2-elf/5.3.0/../../../../../H-x86_64-pc-linux-gnu/nios2-elf/lib/libc.a(lib_a-lcltime.o)
 .text.localtime
                0x00000000000434b4       0x14 /home/kris/intelFPGA/18.1/nios2eds/bin/gnu/H-x86_64-pc-linux-gnu/bin/../lib/gcc/nios2-elf/5.3.0/../../../../../H-x86_64-pc-linux-gnu/nios2-elf/lib/libc.a(lib_a-lcltime.o)
                0x00000000000434b4                localtime
 .text          0x00000000000434c8        0x0 /home/kris/intelFPGA/18.1/nios2eds/bin/gnu/H-x86_64-pc-linux-gnu/bin/../lib/gcc/nios2-elf/5.3.0/../../../../../H-x86_64-pc-linux-gnu/nios2-elf/lib/libc.a(lib_a-lcltime_r.o)
 .text.localtime_r
                0x00000000000434c8      0x340 /home/kris/intelFPGA/18.1/nios2eds/bin/gnu/H-x86_64-pc-linux-gnu/bin/../lib/gcc/nios2-elf/5.3.0/../../../../../H-x86_64-pc-linux-gnu/nios2-elf/lib/libc.a(lib_a-lcltime_r.o)
                0x00000000000434c8                localtime_r
 .text          0x0000000000043808        0x0 /home/kris/intelFPGA/18.1/nios2eds/bin/gnu/H-x86_64-pc-linux-gnu/bin/../lib/gcc/nios2-elf/5.3.0/../../../../../H-x86_64-pc-linux-gnu/nios2-elf/lib/libc.a(lib_a-locale.o)
 .text._setlocale_r
                0x0000000000043808       0x7c /home/kris/intelFPGA/18.1/nios2eds/bin/gnu/H-x86_64-pc-linux-gnu/bin/../lib/gcc/nios2-elf/5.3.0/../../../../../H-x86_64-pc-linux-gnu/nios2-elf/lib/libc.a(lib_a-locale.o)
                0x0000000000043808                _setlocale_r
 .text.__locale_charset
                0x0000000000043884        0xc /home/kris/intelFPGA/18.1/nios2eds/bin/gnu/H-x86_64-pc-linux-gnu/bin/../lib/gcc/nios2-elf/5.3.0/../../../../../H-x86_64-pc-linux-gnu/nios2-elf/lib/libc.a(lib_a-locale.o)
                0x0000000000043884                __locale_charset
 .text.__locale_mb_cur_max
                0x0000000000043890       0x10 /home/kris/intelFPGA/18.1/nios2eds/bin/gnu/H-x86_64-pc-linux-gnu/bin/../lib/gcc/nios2-elf/5.3.0/../../../../../H-x86_64-pc-linux-gnu/nios2-elf/lib/libc.a(lib_a-locale.o)
                0x0000000000043890                __locale_mb_cur_max
 .text.__locale_msgcharset
                0x00000000000438a0        0xc /home/kris/intelFPGA/18.1/nios2eds/bin/gnu/H-x86_64-pc-linux-gnu/bin/../lib/gcc/nios2-elf/5.3.0/../../../../../H-x86_64-pc-linux-gnu/nios2-elf/lib/libc.a(lib_a-locale.o)
                0x00000000000438a0                __locale_msgcharset
 .text.__locale_cjk_lang
                0x00000000000438ac        0x8 /home/kris/intelFPGA/18.1/nios2eds/bin/gnu/H-x86_64-pc-linux-gnu/bin/../lib/gcc/nios2-elf/5.3.0/../../../../../H-x86_64-pc-linux-gnu/nios2-elf/lib/libc.a(lib_a-locale.o)
                0x00000000000438ac                __locale_cjk_lang
 .text._localeconv_r
                0x00000000000438b4        0xc /home/kris/intelFPGA/18.1/nios2eds/bin/gnu/H-x86_64-pc-linux-gnu/bin/../lib/gcc/nios2-elf/5.3.0/../../../../../H-x86_64-pc-linux-gnu/nios2-elf/lib/libc.a(lib_a-locale.o)
                0x00000000000438b4                _localeconv_r
 .text.setlocale
                0x00000000000438c0       0x18 /home/kris/intelFPGA/18.1/nios2eds/bin/gnu/H-x86_64-pc-linux-gnu/bin/../lib/gcc/nios2-elf/5.3.0/../../../../../H-x86_64-pc-linux-gnu/nios2-elf/lib/libc.a(lib_a-locale.o)
                0x00000000000438c0                setlocale
 .text.localeconv
                0x00000000000438d8        0xc /home/kris/intelFPGA/18.1/nios2eds/bin/gnu/H-x86_64-pc-linux-gnu/bin/../lib/gcc/nios2-elf/5.3.0/../../../../../H-x86_64-pc-linux-gnu/nios2-elf/lib/libc.a(lib_a-locale.o)
                0x00000000000438d8                localeconv
 .text          0x00000000000438e4        0x0 /home/kris/intelFPGA/18.1/nios2eds/bin/gnu/H-x86_64-pc-linux-gnu/bin/../lib/gcc/nios2-elf/5.3.0/../../../../../H-x86_64-pc-linux-gnu/nios2-elf/lib/libc.a(lib_a-makebuf.o)
 .text.__smakebuf_r
                0x00000000000438e4      0x1bc /home/kris/intelFPGA/18.1/nios2eds/bin/gnu/H-x86_64-pc-linux-gnu/bin/../lib/gcc/nios2-elf/5.3.0/../../../../../H-x86_64-pc-linux-gnu/nios2-elf/lib/libc.a(lib_a-makebuf.o)
                0x00000000000438e4                __smakebuf_r
 .text          0x0000000000043aa0        0x0 /home/kris/intelFPGA/18.1/nios2eds/bin/gnu/H-x86_64-pc-linux-gnu/bin/../lib/gcc/nios2-elf/5.3.0/../../../../../H-x86_64-pc-linux-gnu/nios2-elf/lib/libc.a(lib_a-malloc.o)
 .text.malloc   0x0000000000043aa0       0x14 /home/kris/intelFPGA/18.1/nios2eds/bin/gnu/H-x86_64-pc-linux-gnu/bin/../lib/gcc/nios2-elf/5.3.0/../../../../../H-x86_64-pc-linux-gnu/nios2-elf/lib/libc.a(lib_a-malloc.o)
                0x0000000000043aa0                malloc
 .text.free     0x0000000000043ab4       0x14 /home/kris/intelFPGA/18.1/nios2eds/bin/gnu/H-x86_64-pc-linux-gnu/bin/../lib/gcc/nios2-elf/5.3.0/../../../../../H-x86_64-pc-linux-gnu/nios2-elf/lib/libc.a(lib_a-malloc.o)
                0x0000000000043ab4                free
 .text          0x0000000000043ac8        0x0 /home/kris/intelFPGA/18.1/nios2eds/bin/gnu/H-x86_64-pc-linux-gnu/bin/../lib/gcc/nios2-elf/5.3.0/../../../../../H-x86_64-pc-linux-gnu/nios2-elf/lib/libc.a(lib_a-mallocr.o)
 .text._malloc_r
                0x0000000000043ac8      0x80c /home/kris/intelFPGA/18.1/nios2eds/bin/gnu/H-x86_64-pc-linux-gnu/bin/../lib/gcc/nios2-elf/5.3.0/../../../../../H-x86_64-pc-linux-gnu/nios2-elf/lib/libc.a(lib_a-mallocr.o)
                0x0000000000043ac8                _malloc_r
 .text          0x00000000000442d4        0x0 /home/kris/intelFPGA/18.1/nios2eds/bin/gnu/H-x86_64-pc-linux-gnu/bin/../lib/gcc/nios2-elf/5.3.0/../../../../../H-x86_64-pc-linux-gnu/nios2-elf/lib/libc.a(lib_a-memchr.o)
 .text.memchr   0x00000000000442d4       0xe4 /home/kris/intelFPGA/18.1/nios2eds/bin/gnu/H-x86_64-pc-linux-gnu/bin/../lib/gcc/nios2-elf/5.3.0/../../../../../H-x86_64-pc-linux-gnu/nios2-elf/lib/libc.a(lib_a-memchr.o)
                0x00000000000442d4                memchr
 .text          0x00000000000443b8        0x0 /home/kris/intelFPGA/18.1/nios2eds/bin/gnu/H-x86_64-pc-linux-gnu/bin/../lib/gcc/nios2-elf/5.3.0/../../../../../H-x86_64-pc-linux-gnu/nios2-elf/lib/libc.a(lib_a-memcmp.o)
 .text.memcmp   0x00000000000443b8       0x7c /home/kris/intelFPGA/18.1/nios2eds/bin/gnu/H-x86_64-pc-linux-gnu/bin/../lib/gcc/nios2-elf/5.3.0/../../../../../H-x86_64-pc-linux-gnu/nios2-elf/lib/libc.a(lib_a-memcmp.o)
                0x00000000000443b8                memcmp
 .text          0x0000000000044434        0x0 /home/kris/intelFPGA/18.1/nios2eds/bin/gnu/H-x86_64-pc-linux-gnu/bin/../lib/gcc/nios2-elf/5.3.0/../../../../../H-x86_64-pc-linux-gnu/nios2-elf/lib/libc.a(lib_a-memcpy.o)
 .text.memcpy   0x0000000000044434      0x148 /home/kris/intelFPGA/18.1/nios2eds/bin/gnu/H-x86_64-pc-linux-gnu/bin/../lib/gcc/nios2-elf/5.3.0/../../../../../H-x86_64-pc-linux-gnu/nios2-elf/lib/libc.a(lib_a-memcpy.o)
                0x0000000000044434                memcpy
 .text          0x000000000004457c        0x0 /home/kris/intelFPGA/18.1/nios2eds/bin/gnu/H-x86_64-pc-linux-gnu/bin/../lib/gcc/nios2-elf/5.3.0/../../../../../H-x86_64-pc-linux-gnu/nios2-elf/lib/libc.a(lib_a-memmove.o)
 .text.memmove  0x000000000004457c      0x15c /home/kris/intelFPGA/18.1/nios2eds/bin/gnu/H-x86_64-pc-linux-gnu/bin/../lib/gcc/nios2-elf/5.3.0/../../../../../H-x86_64-pc-linux-gnu/nios2-elf/lib/libc.a(lib_a-memmove.o)
                0x000000000004457c                memmove
 .text          0x00000000000446d8        0x0 /home/kris/intelFPGA/18.1/nios2eds/bin/gnu/H-x86_64-pc-linux-gnu/bin/../lib/gcc/nios2-elf/5.3.0/../../../../../H-x86_64-pc-linux-gnu/nios2-elf/lib/libc.a(lib_a-memset.o)
 .text.memset   0x00000000000446d8      0x128 /home/kris/intelFPGA/18.1/nios2eds/bin/gnu/H-x86_64-pc-linux-gnu/bin/../lib/gcc/nios2-elf/5.3.0/../../../../../H-x86_64-pc-linux-gnu/nios2-elf/lib/libc.a(lib_a-memset.o)
                0x00000000000446d8                memset
 .text          0x0000000000044800        0x0 /home/kris/intelFPGA/18.1/nios2eds/bin/gnu/H-x86_64-pc-linux-gnu/bin/../lib/gcc/nios2-elf/5.3.0/../../../../../H-x86_64-pc-linux-gnu/nios2-elf/lib/libc.a(lib_a-mktime.o)
 .text.validate_structure
                0x0000000000044800      0x2f8 /home/kris/intelFPGA/18.1/nios2eds/bin/gnu/H-x86_64-pc-linux-gnu/bin/../lib/gcc/nios2-elf/5.3.0/../../../../../H-x86_64-pc-linux-gnu/nios2-elf/lib/libc.a(lib_a-mktime.o)
 .text.mktime   0x0000000000044af8      0x440 /home/kris/intelFPGA/18.1/nios2eds/bin/gnu/H-x86_64-pc-linux-gnu/bin/../lib/gcc/nios2-elf/5.3.0/../../../../../H-x86_64-pc-linux-gnu/nios2-elf/lib/libc.a(lib_a-mktime.o)
                0x0000000000044af8                mktime
 .text          0x0000000000044f38        0x0 /home/kris/intelFPGA/18.1/nios2eds/bin/gnu/H-x86_64-pc-linux-gnu/bin/../lib/gcc/nios2-elf/5.3.0/../../../../../H-x86_64-pc-linux-gnu/nios2-elf/lib/libc.a(lib_a-month_lengths.o)
 .text          0x0000000000044f38        0x0 /home/kris/intelFPGA/18.1/nios2eds/bin/gnu/H-x86_64-pc-linux-gnu/bin/../lib/gcc/nios2-elf/5.3.0/../../../../../H-x86_64-pc-linux-gnu/nios2-elf/lib/libc.a(lib_a-openr.o)
 .text._open_r  0x0000000000044f38       0x60 /home/kris/intelFPGA/18.1/nios2eds/bin/gnu/H-x86_64-pc-linux-gnu/bin/../lib/gcc/nios2-elf/5.3.0/../../../../../H-x86_64-pc-linux-gnu/nios2-elf/lib/libc.a(lib_a-openr.o)
                0x0000000000044f38                _open_r
 .text          0x0000000000044f98        0x0 /home/kris/intelFPGA/18.1/nios2eds/bin/gnu/H-x86_64-pc-linux-gnu/bin/../lib/gcc/nios2-elf/5.3.0/../../../../../H-x86_64-pc-linux-gnu/nios2-elf/lib/libc.a(lib_a-rand.o)
 .text.srand    0x0000000000044f98       0x18 /home/kris/intelFPGA/18.1/nios2eds/bin/gnu/H-x86_64-pc-linux-gnu/bin/../lib/gcc/nios2-elf/5.3.0/../../../../../H-x86_64-pc-linux-gnu/nios2-elf/lib/libc.a(lib_a-rand.o)
                0x0000000000044f98                srand
 .text.rand     0x0000000000044fb0       0x64 /home/kris/intelFPGA/18.1/nios2eds/bin/gnu/H-x86_64-pc-linux-gnu/bin/../lib/gcc/nios2-elf/5.3.0/../../../../../H-x86_64-pc-linux-gnu/nios2-elf/lib/libc.a(lib_a-rand.o)
                0x0000000000044fb0                rand
 .text          0x0000000000045014        0x0 /home/kris/intelFPGA/18.1/nios2eds/bin/gnu/H-x86_64-pc-linux-gnu/bin/../lib/gcc/nios2-elf/5.3.0/../../../../../H-x86_64-pc-linux-gnu/nios2-elf/lib/libc.a(lib_a-realloc.o)
 .text.realloc  0x0000000000045014       0x18 /home/kris/intelFPGA/18.1/nios2eds/bin/gnu/H-x86_64-pc-linux-gnu/bin/../lib/gcc/nios2-elf/5.3.0/../../../../../H-x86_64-pc-linux-gnu/nios2-elf/lib/libc.a(lib_a-realloc.o)
                0x0000000000045014                realloc
 .text          0x000000000004502c        0x0 /home/kris/intelFPGA/18.1/nios2eds/bin/gnu/H-x86_64-pc-linux-gnu/bin/../lib/gcc/nios2-elf/5.3.0/../../../../../H-x86_64-pc-linux-gnu/nios2-elf/lib/libc.a(lib_a-reallocr.o)
 .text._realloc_r
                0x000000000004502c      0x564 /home/kris/intelFPGA/18.1/nios2eds/bin/gnu/H-x86_64-pc-linux-gnu/bin/../lib/gcc/nios2-elf/5.3.0/../../../../../H-x86_64-pc-linux-gnu/nios2-elf/lib/libc.a(lib_a-reallocr.o)
                0x000000000004502c                _realloc_r
 .text          0x0000000000045590        0x0 /home/kris/intelFPGA/18.1/nios2eds/bin/gnu/H-x86_64-pc-linux-gnu/bin/../lib/gcc/nios2-elf/5.3.0/../../../../../H-x86_64-pc-linux-gnu/nios2-elf/lib/libc.a(lib_a-refill.o)
 .text.lflush   0x0000000000045590       0x1c /home/kris/intelFPGA/18.1/nios2eds/bin/gnu/H-x86_64-pc-linux-gnu/bin/../lib/gcc/nios2-elf/5.3.0/../../../../../H-x86_64-pc-linux-gnu/nios2-elf/lib/libc.a(lib_a-refill.o)
 .text.__srefill_r
                0x00000000000455ac      0x1d4 /home/kris/intelFPGA/18.1/nios2eds/bin/gnu/H-x86_64-pc-linux-gnu/bin/../lib/gcc/nios2-elf/5.3.0/../../../../../H-x86_64-pc-linux-gnu/nios2-elf/lib/libc.a(lib_a-refill.o)
                0x00000000000455ac                __srefill_r
 .text          0x0000000000045780        0x0 /home/kris/intelFPGA/18.1/nios2eds/bin/gnu/H-x86_64-pc-linux-gnu/bin/../lib/gcc/nios2-elf/5.3.0/../../../../../H-x86_64-pc-linux-gnu/nios2-elf/lib/libc.a(lib_a-remove.o)
 .text._remove_r
                0x0000000000045780       0x20 /home/kris/intelFPGA/18.1/nios2eds/bin/gnu/H-x86_64-pc-linux-gnu/bin/../lib/gcc/nios2-elf/5.3.0/../../../../../H-x86_64-pc-linux-gnu/nios2-elf/lib/libc.a(lib_a-remove.o)
                0x0000000000045780                _remove_r
 .text.remove   0x00000000000457a0       0x30 /home/kris/intelFPGA/18.1/nios2eds/bin/gnu/H-x86_64-pc-linux-gnu/bin/../lib/gcc/nios2-elf/5.3.0/../../../../../H-x86_64-pc-linux-gnu/nios2-elf/lib/libc.a(lib_a-remove.o)
                0x00000000000457a0                remove
 .text          0x00000000000457d0        0x0 /home/kris/intelFPGA/18.1/nios2eds/bin/gnu/H-x86_64-pc-linux-gnu/bin/../lib/gcc/nios2-elf/5.3.0/../../../../../H-x86_64-pc-linux-gnu/nios2-elf/lib/libc.a(lib_a-rename.o)
 .text.rename   0x00000000000457d0       0x18 /home/kris/intelFPGA/18.1/nios2eds/bin/gnu/H-x86_64-pc-linux-gnu/bin/../lib/gcc/nios2-elf/5.3.0/../../../../../H-x86_64-pc-linux-gnu/nios2-elf/lib/libc.a(lib_a-rename.o)
                0x00000000000457d0                rename
 .text          0x00000000000457e8        0x0 /home/kris/intelFPGA/18.1/nios2eds/bin/gnu/H-x86_64-pc-linux-gnu/bin/../lib/gcc/nios2-elf/5.3.0/../../../../../H-x86_64-pc-linux-gnu/nios2-elf/lib/libc.a(lib_a-renamer.o)
 .text._rename_r
                0x00000000000457e8       0x5c /home/kris/intelFPGA/18.1/nios2eds/bin/gnu/H-x86_64-pc-linux-gnu/bin/../lib/gcc/nios2-elf/5.3.0/../../../../../H-x86_64-pc-linux-gnu/nios2-elf/lib/libc.a(lib_a-renamer.o)
                0x00000000000457e8                _rename_r
 .text          0x0000000000045844        0x0 /home/kris/intelFPGA/18.1/nios2eds/bin/gnu/H-x86_64-pc-linux-gnu/bin/../lib/gcc/nios2-elf/5.3.0/../../../../../H-x86_64-pc-linux-gnu/nios2-elf/lib/libc.a(lib_a-rget.o)
 .text.__srget_r
                0x0000000000045844       0x74 /home/kris/intelFPGA/18.1/nios2eds/bin/gnu/H-x86_64-pc-linux-gnu/bin/../lib/gcc/nios2-elf/5.3.0/../../../../../H-x86_64-pc-linux-gnu/nios2-elf/lib/libc.a(lib_a-rget.o)
                0x0000000000045844                __srget_r
 .text.__srget  0x00000000000458b8       0x14 /home/kris/intelFPGA/18.1/nios2eds/bin/gnu/H-x86_64-pc-linux-gnu/bin/../lib/gcc/nios2-elf/5.3.0/../../../../../H-x86_64-pc-linux-gnu/nios2-elf/lib/libc.a(lib_a-rget.o)
                0x00000000000458b8                __srget
 .text          0x00000000000458cc        0x0 /home/kris/intelFPGA/18.1/nios2eds/bin/gnu/H-x86_64-pc-linux-gnu/bin/../lib/gcc/nios2-elf/5.3.0/../../../../../H-x86_64-pc-linux-gnu/nios2-elf/lib/libc.a(lib_a-sbrkr.o)
 .text._sbrk_r  0x00000000000458cc       0x54 /home/kris/intelFPGA/18.1/nios2eds/bin/gnu/H-x86_64-pc-linux-gnu/bin/../lib/gcc/nios2-elf/5.3.0/../../../../../H-x86_64-pc-linux-gnu/nios2-elf/lib/libc.a(lib_a-sbrkr.o)
                0x00000000000458cc                _sbrk_r
 .text          0x0000000000045920       0x78 /home/kris/intelFPGA/18.1/nios2eds/bin/gnu/H-x86_64-pc-linux-gnu/bin/../lib/gcc/nios2-elf/5.3.0/../../../../../H-x86_64-pc-linux-gnu/nios2-elf/lib/libc.a(lib_a-setjmp.o)
                0x0000000000045920                setjmp
                0x0000000000045958                longjmp
 .text          0x0000000000045998        0x0 /home/kris/intelFPGA/18.1/nios2eds/bin/gnu/H-x86_64-pc-linux-gnu/bin/../lib/gcc/nios2-elf/5.3.0/../../../../../H-x86_64-pc-linux-gnu/nios2-elf/lib/libc.a(lib_a-setvbuf.o)