Archive member included to satisfy reference by file (symbol)

/home/kris/intelFPGA/18.1/nios2eds/bin/gnu/H-x86_64-pc-linux-gnu/bin/../lib/gcc/nios2-elf/5.3.0/../../../../../H-x86_64-pc-linux-gnu/nios2-elf/lib/libm.a(lib_a-s_ceil.o)
                              obj/default/lua/lmathlib.o (ceil)
/home/kris/intelFPGA/18.1/nios2eds/bin/gnu/H-x86_64-pc-linux-gnu/bin/../lib/gcc/nios2-elf/5.3.0/../../../../../H-x86_64-pc-linux-gnu/nios2-elf/lib/libm.a(lib_a-s_cos.o)
                              obj/default/lua/lmathlib.o (cos)
/home/kris/intelFPGA/18.1/nios2eds/bin/gnu/H-x86_64-pc-linux-gnu/bin/../lib/gcc/nios2-elf/5.3.0/../../../../../H-x86_64-pc-linux-gnu/nios2-elf/lib/libm.a(lib_a-s_floor.o)
                              obj/default/lua/lmathlib.o (floor)
/home/kris/intelFPGA/18.1/nios2eds/bin/gnu/H-x86_64-pc-linux-gnu/bin/../lib/gcc/nios2-elf/5.3.0/../../../../../H-x86_64-pc-linux-gnu/nios2-elf/lib/libm.a(lib_a-s_frexp.o)
                              obj/default/lua/ltable.o (frexp)
/home/kris/intelFPGA/18.1/nios2eds/bin/gnu/H-x86_64-pc-linux-gnu/bin/../lib/gcc/nios2-elf/5.3.0/../../../../../H-x86_64-pc-linux-gnu/nios2-elf/lib/libm.a(lib_a-s_sin.o)
                              obj/default/lua/lmathlib.o (sin)
/home/kris/intelFPGA/18.1/nios2eds/bin/gnu/H-x86_64-pc-linux-gnu/bin/../lib/gcc/nios2-elf/5.3.0/../../../../../H-x86_64-pc-linux-gnu/nios2-elf/lib/libm.a(lib_a-s_tan.o)
                              obj/default/lua/lmathlib.o (tan)
/home/kris/intelFPGA/18.1/nios2eds/bin/gnu/H-x86_64-pc-linux-gnu/bin/../lib/gcc/nios2-elf/5.3.0/../../../../../H-x86_64-pc-linux-gnu/nios2-elf/lib/libm.a(lib_a-w_acos.o)
                              obj/default/lua/lmathlib.o (acos)
/home/kris/intelFPGA/18.1/nios2eds/bin/gnu/H-x86_64-pc-linux-gnu/bin/../lib/gcc/nios2-elf/5.3.0/../../../../../H-x86_64-pc-linux-gnu/nios2-elf/lib/libm.a(lib_a-w_asin.o)
                              obj/default/lua/lmathlib.o (asin)
/home/kris/intelFPGA/18.1/nios2eds/bin/gnu/H-x86_64-pc-linux-gnu/bin/../lib/gcc/nios2-elf/5.3.0/../../../../../H-x86_64-pc-linux-gnu/nios2-elf/lib/libm.a(lib_a-w_atan2.o)
                              obj/default/lua/lmathlib.o (atan2)
/home/kris/intelFPGA/18.1/nios2eds/bin/gnu/H-x86_64-pc-linux-gnu/bin/../lib/gcc/nios2-elf/5.3.0/../../../../../H-x86_64-pc-linux-gnu/nios2-elf/lib/libm.a(lib_a-w_exp.o)
                              obj/default/lua/lmathlib.o (exp)
/home/kris/intelFPGA/18.1/nios2eds/bin/gnu/H-x86_64-pc-linux-gnu/bin/../lib/gcc/nios2-elf/5.3.0/../../../../../H-x86_64-pc-linux-gnu/nios2-elf/lib/libm.a(lib_a-w_fmod.o)
                              obj/default/lua/lmathlib.o (fmod)
/home/kris/intelFPGA/18.1/nios2eds/bin/gnu/H-x86_64-pc-linux-gnu/bin/../lib/gcc/nios2-elf/5.3.0/../../../../../H-x86_64-pc-linux-gnu/nios2-elf/lib/libm.a(lib_a-w_log.o)
                              obj/default/lua/lmathlib.o (log)
/home/kris/intelFPGA/18.1/nios2eds/bin/gnu/H-x86_64-pc-linux-gnu/bin/../lib/gcc/nios2-elf/5.3.0/../../../../../H-x86_64-pc-linux-gnu/nios2-elf/lib/libm.a(lib_a-w_log10.o)
                              obj/default/lua/lmathlib.o (log10)
/home/kris/intelFPGA/18.1/nios2eds/bin/gnu/H-x86_64-pc-linux-gnu/bin/../lib/gcc/nios2-elf/5.3.0/../../../../../H-x86_64-pc-linux-gnu/nios2-elf/lib/libm.a(lib_a-w_pow.o)
                              obj/default/lua/lobject.o (pow)
/home/kris/intelFPGA/18.1/nios2eds/bin/gnu/H-x86_64-pc-linux-gnu/bin/../lib/gcc/nios2-elf/5.3.0/../../../../../H-x86_64-pc-linux-gnu/nios2-elf/lib/libm.a(lib_a-w_sqrt.o)
                              obj/default/lua/lmathlib.o (sqrt)
/home/kris/intelFPGA/18.1/nios2eds/bin/gnu/H-x86_64-pc-linux-gnu/bin/../lib/gcc/nios2-elf/5.3.0/../../../../../H-x86_64-pc-linux-gnu/nios2-elf/lib/libm.a(lib_a-e_acos.o)
                              /home/kris/intelFPGA/18.1/nios2eds/bin/gnu/H-x86_64-pc-linux-gnu/bin/../lib/gcc/nios2-elf/5.3.0/../../../../../H-x86_64-pc-linux-gnu/nios2-elf/lib/libm.a(lib_a-w_acos.o) (__ieee754_acos)
/home/kris/intelFPGA/18.1/nios2eds/bin/gnu/H-x86_64-pc-linux-gnu/bin/../lib/gcc/nios2-elf/5.3.0/../../../../../H-x86_64-pc-linux-gnu/nios2-elf/lib/libm.a(lib_a-e_asin.o)
                              /home/kris/intelFPGA/18.1/nios2eds/bin/gnu/H-x86_64-pc-linux-gnu/bin/../lib/gcc/nios2-elf/5.3.0/../../../../../H-x86_64-pc-linux-gnu/nios2-elf/lib/libm.a(lib_a-w_asin.o) (__ieee754_asin)
/home/kris/intelFPGA/18.1/nios2eds/bin/gnu/H-x86_64-pc-linux-gnu/bin/../lib/gcc/nios2-elf/5.3.0/../../../../../H-x86_64-pc-linux-gnu/nios2-elf/lib/libm.a(lib_a-e_atan2.o)
                              /home/kris/intelFPGA/18.1/nios2eds/bin/gnu/H-x86_64-pc-linux-gnu/bin/../lib/gcc/nios2-elf/5.3.0/../../../../../H-x86_64-pc-linux-gnu/nios2-elf/lib/libm.a(lib_a-w_atan2.o) (__ieee754_atan2)
/home/kris/intelFPGA/18.1/nios2eds/bin/gnu/H-x86_64-pc-linux-gnu/bin/../lib/gcc/nios2-elf/5.3.0/../../../../../H-x86_64-pc-linux-gnu/nios2-elf/lib/libm.a(lib_a-e_exp.o)
[...]
Memory Configuration

Name             Origin             Length             Attributes
reset            0x0000000000000000 0x0000000000000020
sdram_controller_0 0x0000000000000020 0x0000000003ffffe0
*default*        0x0000000000000000 0xffffffffffffffff

Linker script and memory map

LOAD /home/kris/luacpu/software/lua_on_nios2_bsp//obj/HAL/src/crt0.o
LOAD obj/default/lua/lapi.o
LOAD obj/default/lua/lauxlib.o
LOAD obj/default/lua/lbaselib.o
LOAD obj/default/lua/lbitlib.o
LOAD obj/default/lua/lcode.o
LOAD obj/default/lua/lcorolib.o
LOAD obj/default/lua/lctype.o
LOAD obj/default/lua/ldblib.o
LOAD obj/default/lua/ldebug.o
LOAD obj/default/lua/ldo.o
LOAD obj/default/lua/ldump.o
LOAD obj/default/lua/lfunc.o
LOAD obj/default/lua/lgc.o
LOAD obj/default/lua/linit.o
LOAD obj/default/lua/liolib.o
LOAD obj/default/lua/llex.o
LOAD obj/default/lua/lmathlib.o
LOAD obj/default/lua/lmem.o
LOAD obj/default/lua/loadlib.o
LOAD obj/default/lua/lobject.o
LOAD obj/default/lua/lopcodes.o
LOAD obj/default/lua/loslib.o
LOAD obj/default/lua/lparser.o
LOAD obj/default/lua/lstate.o
LOAD obj/default/lua/lstring.o
LOAD obj/default/lua/lstrlib.o
LOAD obj/default/lua/ltable.o
LOAD obj/default/lua/ltablib.o
LOAD obj/default/lua/ltests.o
LOAD obj/default/lua/ltm.o
LOAD obj/default/lua/lua.o
LOAD obj/default/lua/lundump.o
LOAD obj/default/lua/lutf8lib.o
LOAD obj/default/lua/lvm.o
LOAD obj/default/lua/lzio.o
LOAD obj/default/lua/testes/libs/lib1.o
LOAD obj/default/lua/testes/libs/lib11.o
LOAD obj/default/lua/testes/libs/lib2.o
LOAD obj/default/lua/testes/libs/lib21.o
LOAD /home/kris/intelFPGA/18.1/nios2eds/bin/gnu/H-x86_64-pc-linux-gnu/bin/../lib/gcc/nios2-elf/5.3.0/../../../../../H-x86_64-pc-linux-gnu/nios2-elf/lib/libstdc++.a
LOAD /home/kris/intelFPGA/18.1/nios2eds/bin/gnu/H-x86_64-pc-linux-gnu/bin/../lib/gcc/nios2-elf/5.3.0/../../../../../H-x86_64-pc-linux-gnu/nios2-elf/lib/libm.a
LOAD /home/kris/intelFPGA/18.1/nios2eds/bin/gnu/H-x86_64-pc-linux-gnu/bin/../lib/gcc/nios2-elf/5.3.0/libgcc.a
START GROUP
LOAD /home/kris/intelFPGA/18.1/nios2eds/bin/gnu/H-x86_64-pc-linux-gnu/bin/../lib/gcc/nios2-elf/5.3.0/../../../../../H-x86_64-pc-linux-gnu/nios2-elf/lib/libc.a
LOAD /home/kris/intelFPGA/18.1/nios2eds/bin/gnu/H-x86_64-pc-linux-gnu/bin/../lib/gcc/nios2-elf/5.3.0/libgcc.a
LOAD /home/kris/luacpu/software/lua_on_nios2_bsp//libhal_bsp.a
LOAD /home/kris/intelFPGA/18.1/nios2eds/bin/gnu/H-x86_64-pc-linux-gnu/bin/../lib/gcc/nios2-elf/5.3.0/../../../../../H-x86_64-pc-linux-gnu/nios2-elf/lib/libm.a
END GROUP
LOAD /home/kris/intelFPGA/18.1/nios2eds/bin/gnu/H-x86_64-pc-linux-gnu/bin/../lib/gcc/nios2-elf/5.3.0/libgcc.a
                0x0000000000000000                __alt_mem_sdram_controller_0 = 0x0

.entry          0x0000000000000000       0x20
 *(.entry)
 .entry         0x0000000000000000       0x20 /home/kris/luacpu/software/lua_on_nios2_bsp//obj/HAL/src/crt0.o
                0x0000000000000000                __reset

.exceptions     0x0000000000000020      0x224
                0x0000000000000020                PROVIDE (__ram_exceptions_start, ABSOLUTE (.))
                0x0000000000000020                . = ALIGN (0x20)
 *(.irq)
 *(.exceptions.entry.label)
 .exceptions.entry.label
                0x0000000000000020        0x0 /home/kris/luacpu/software/lua_on_nios2_bsp//libhal_bsp.a(alt_irq_entry.o)
                0x0000000000000020                alt_irq_entry
 .exceptions.entry.label
                0x0000000000000020        0x0 /home/kris/luacpu/software/lua_on_nios2_bsp//libhal_bsp.a(alt_exception_entry.o)
                0x0000000000000020                alt_exception
 *(.exceptions.entry.user)
 *(.exceptions.entry.ecc_fatal)
 *(.exceptions.entry)
 .exceptions.entry
                0x0000000000000020       0x54 /home/kris/luacpu/software/lua_on_nios2_bsp//libhal_bsp.a(alt_exception_entry.o)
 *(.exceptions.irqtest.user)
 *(.exceptions.irqtest)
 .exceptions.irqtest
                0x0000000000000074       0x10 /home/kris/luacpu/software/lua_on_nios2_bsp//libhal_bsp.a(alt_irq_entry.o)
 *(.exceptions.irqhandler.user)
 *(.exceptions.irqhandler)
 .exceptions.irqhandler
                0x0000000000000084        0x4 /home/kris/luacpu/software/lua_on_nios2_bsp//libhal_bsp.a(alt_irq_entry.o)
 *(.exceptions.irqreturn.user)
 *(.exceptions.irqreturn)
 .exceptions.irqreturn
                0x0000000000000088        0x4 /home/kris/luacpu/software/lua_on_nios2_bsp//libhal_bsp.a(alt_irq_entry.o)
 *(.exceptions.notirq.label)
 .exceptions.notirq.label
                0x000000000000008c        0x0 /home/kris/luacpu/software/lua_on_nios2_bsp//libhal_bsp.a(alt_irq_entry.o)
 *(.exceptions.notirq.user)
 *(.exceptions.notirq)
 .exceptions.notirq
                0x000000000000008c        0x8 /home/kris/luacpu/software/lua_on_nios2_bsp//libhal_bsp.a(alt_exception_entry.o)
 *(.exceptions.soft.user)
 *(.exceptions.soft)
 *(.exceptions.unknown.user)
 *(.exceptions.unknown)
 .exceptions.unknown
                0x0000000000000094       0x14 /home/kris/luacpu/software/lua_on_nios2_bsp//libhal_bsp.a(alt_exception_entry.o)
 *(.exceptions.exit.label)
 .exceptions.exit.label
                0x00000000000000a8        0x0 /home/kris/luacpu/software/lua_on_nios2_bsp//libhal_bsp.a(alt_irq_entry.o)
 .exceptions.exit.label
                0x00000000000000a8        0x0 /home/kris/luacpu/software/lua_on_nios2_bsp//libhal_bsp.a(alt_exception_entry.o)
 *(.exceptions.exit.user)
 *(.exceptions.exit)
 .exceptions.exit
                0x00000000000000a8       0x54 /home/kris/luacpu/software/lua_on_nios2_bsp//libhal_bsp.a(alt_exception_entry.o)
 *(.exceptions)
 .exceptions    0x00000000000000fc       0xd4 /home/kris/luacpu/software/lua_on_nios2_bsp//libhal_bsp.a(alt_irq_handler.o)
                0x00000000000000fc                alt_irq_handler
 .exceptions    0x00000000000001d0       0x74 /home/kris/luacpu/software/lua_on_nios2_bsp//libhal_bsp.a(alt_instruction_exception_entry.o)
                0x00000000000001d0                alt_instruction_exception_entry
                0x0000000000000244                PROVIDE (__ram_exceptions_end, ABSOLUTE (.))
                0x0000000000000020                PROVIDE (__flash_exceptions_start, LOADADDR (.exceptions))

.text           0x0000000000000248    0x5ddf4
                [!provide]                        PROVIDE (stext, ABSOLUTE (.))
 *(.interp)
 *(.hash)
 *(.dynsym)
 *(.dynstr)
 *(.gnu.version)
 *(.gnu.version_d)
 *(.gnu.version_r)
 *(.rel.init)
 *(.rela.init)
 *(.rel.text .rel.text.* .rel.gnu.linkonce.t.*)
 *(.rela.text .rela.text.* .rela.gnu.linkonce.t.*)
 *(.rel.fini)
 *(.rela.fini)
 *(.rel.rodata .rel.rodata.* .rel.gnu.linkonce.r.*)
 *(.rela.rodata .rela.rodata.* .rela.gnu.linkonce.r.*)
 *(.rel.data .rel.data.* .rel.gnu.linkonce.d.*)
 *(.rela.data .rela.data.* .rela.gnu.linkonce.d.*)
 *(.rel.tdata .rel.tdata.* .rel.gnu.linkonce.td.*)
 *(.rela.tdata .rela.tdata.* .rela.gnu.linkonce.td.*)
 *(.rel.tbss .rel.tbss.* .rel.gnu.linkonce.tb.*)
 *(.rela.tbss .rela.tbss.* .rela.gnu.linkonce.tb.*)
 *(.rel.ctors)
 *(.rela.ctors)
 *(.rel.dtors)
 *(.rela.dtors)
 *(.rel.got)
 *(.rela.got)
 *(.rel.sdata .rel.sdata.* .rel.gnu.linkonce.s.*)
 *(.rela.sdata .rela.sdata.* .rela.gnu.linkonce.s.*)
 *(.rel.sbss .rel.sbss.* .rel.gnu.linkonce.sb.*)
 *(.rela.sbss .rela.sbss.* .rela.gnu.linkonce.sb.*)
 *(.rel.sdata2 .rel.sdata2.* .rel.gnu.linkonce.s2.*)
 *(.rela.sdata2 .rela.sdata2.* .rela.gnu.linkonce.s2.*)
 *(.rel.sbss2 .rel.sbss2.* .rel.gnu.linkonce.sb2.*)
 *(.rela.sbss2 .rela.sbss2.* .rela.gnu.linkonce.sb2.*)
 *(.rel.bss .rel.bss.* .rel.gnu.linkonce.b.*)
 *(.rela.bss .rela.bss.* .rela.gnu.linkonce.b.*)
 *(.rel.plt)
 *(.rela.plt)
 *(.rel.dyn)
 *(.init)
 *(.plt)
 *(.text .stub .text.* .gnu.linkonce.t.*)
 .text          0x0000000000000248       0x3c /home/kris/luacpu/software/lua_on_nios2_bsp//obj/HAL/src/crt0.o
                0x0000000000000248                _start
 .text          0x0000000000000284     0x45e4 obj/default/lua/lapi.o
                0x0000000000000408                lua_checkstack
                0x000000000000053c                lua_xmove
                0x000000000000064c                lua_atpanic
                0x0000000000000694                lua_version
                0x00000000000006d0                lua_absindex
                0x000000000000074c                lua_gettop
                0x000000000000079c                lua_settop
                0x00000000000009a0                lua_rotate
                0x0000000000000a68                lua_copy
                0x0000000000000b8c                lua_pushvalue
                0x0000000000000c40                lua_type
                0x0000000000000ca0                lua_typename
                0x0000000000000ce4                lua_iscfunction
                0x0000000000000d4c                lua_isinteger
                0x0000000000000d98                lua_isnumber
                0x0000000000000e10                lua_isstring
                0x0000000000000e80                lua_isuserdata
                0x0000000000000ee8                lua_rawequal
                0x0000000000000f70                lua_arith
                0x0000000000001080                lua_compare
                0x000000000000115c                lua_stringtonumber
                0x00000000000011c0                lua_tonumberx
                0x000000000000127c                lua_tointegerx
                0x000000000000133c                lua_toboolean
                0x00000000000013ac                lua_tolstring
                0x00000000000014b4                lua_rawlen
                0x0000000000001584                lua_tocfunction
                0x0000000000001600                lua_touserdata
                0x0000000000001678                lua_tothread
                0x00000000000016d4                lua_topointer
                0x0000000000001834                lua_pushnil
                0x0000000000001888                lua_pushnumber
                0x0000000000001920                lua_pushinteger
                0x00000000000019a4                lua_pushlstring
                0x0000000000001a94                lua_pushstring
                0x0000000000001b90                lua_pushvfstring
                0x0000000000001bf0                lua_pushfstring
                0x0000000000001c60                lua_pushcclosure
                0x0000000000001e3c                lua_pushboolean
                0x0000000000001ec4                lua_pushlightuserdata
                0x0000000000001f3c                lua_pushthread
                0x0000000000002174                lua_getglobal
                0x00000000000021d0                lua_gettable
                0x0000000000002304                lua_getfield
                0x0000000000002350                lua_geti
                0x00000000000024e8                lua_rawget
                0x00000000000025f4                lua_rawgeti
                0x00000000000026f4                lua_rawgetp
                0x0000000000002834                lua_createtable
                0x0000000000002910                lua_getmetatable
                0x0000000000002a34                lua_getuservalue
                0x0000000000002ce0                lua_setglobal
                0x0000000000002d40                lua_settable
                0x0000000000002eb4                lua_setfield
                0x0000000000002f04                lua_seti
                0x00000000000030e4                lua_rawset
                0x00000000000031f8                lua_rawseti
                0x00000000000032e8                lua_rawsetp
                0x0000000000003424                lua_setmetatable
                0x0000000000003604                lua_setuservalue
                0x000000000000371c                lua_callk
                0x0000000000003860                lua_pcallk
                0x0000000000003a70                lua_load
                0x0000000000003bdc                lua_dump
                0x0000000000003c6c                lua_status
                0x0000000000003c98                lua_gc
                0x0000000000003ec4                lua_error
                0x0000000000003ee0                lua_next
                0x0000000000003f80                lua_concat
                0x000000000000406c                lua_len
                0x00000000000040d8                lua_getallocf
                0x000000000000412c                lua_setallocf
                0x0000000000004178                lua_newuserdata
                0x00000000000043c4                lua_getupvalue
                0x0000000000004498                lua_setupvalue
                0x00000000000046a0                lua_upvalueid
                0x0000000000004744                lua_upvaluejoin
 .text          0x0000000000004868     0x2a08 obj/default/lua/lauxlib.o
                0x0000000000004cd0                luaL_traceback
                0x0000000000004eb0                luaL_argerror
                0x00000000000050ec                luaL_where
                0x000000000000517c                luaL_error
                0x00000000000051ec                luaL_fileresult
                0x00000000000052c0                luaL_execresult
                0x0000000000005394                luaL_newmetatable
                0x0000000000005440                luaL_setmetatable
                0x0000000000005490                luaL_testudata
                0x000000000000552c                luaL_checkudata
                0x000000000000558c                luaL_checkoption
                0x0000000000005680                luaL_checkstack
                0x00000000000056f4                luaL_checktype
                0x0000000000005750                luaL_checkany
                0x00000000000057a8                luaL_checklstring
                0x0000000000005808                luaL_optlstring
                0x0000000000005890                luaL_checknumber
                0x0000000000005908                luaL_optnumber
                0x00000000000059e4                luaL_checkinteger
                0x0000000000005a58                luaL_optinteger
                0x0000000000005c7c                luaL_prepbuffsize
                0x0000000000005dcc                luaL_addlstring
                0x0000000000005e40                luaL_addstring
                0x0000000000005e88                luaL_pushresult
                0x0000000000005f20                luaL_pushresultsize
                0x0000000000005f70                luaL_addvalue
                0x0000000000006034                luaL_buffinit
                0x000000000000608c                luaL_buffinitsize
                0x00000000000060d4                luaL_ref
                0x0000000000006210                luaL_unref
                0x00000000000065c8                luaL_loadfilex
                0x0000000000006864                luaL_loadbufferx
                0x00000000000068c8                luaL_loadstring
                0x0000000000006914                luaL_getmetafield
                0x00000000000069b0                luaL_callmeta
                0x0000000000006a34                luaL_len
                0x0000000000006ac4                luaL_tolstring
                0x0000000000006ce8                luaL_setfuncs
                0x0000000000006dd0                luaL_getsubtable
                0x0000000000006e6c                luaL_requiref
                0x0000000000006f74                luaL_gsub
                0x0000000000007144                luaL_newstate
                0x0000000000007198                luaL_checkversion_
 .text          0x0000000000007270     0x168c obj/default/lua/lbaselib.o
                0x0000000000008860                luaopen_base
 .text          0x00000000000088fc       0x38 obj/default/lua/lbitlib.o
                0x00000000000088fc                luaopen_bit32
 .text          0x0000000000008934     0x3450 obj/default/lua/lcode.o
                0x0000000000008a64                luaK_nil
                0x0000000000008d54                luaK_concat
                0x0000000000008dfc                luaK_jump
                0x0000000000008e70                luaK_ret
                0x0000000000008f1c                luaK_getlabel
                0x0000000000009224                luaK_patchtohere
                0x0000000000009274                luaK_patchlist
                0x00000000000092e4                luaK_patchclose
                0x0000000000009518                luaK_codeABC
                0x0000000000009580                luaK_codeABx
                0x0000000000009620                luaK_codek
                0x00000000000096a0                luaK_checkstack
                0x0000000000009734                luaK_reserveregs
                0x0000000000009be4                luaK_stringK
                0x0000000000009c80                luaK_intK
                0x0000000000009ef0                luaK_setreturns
                0x000000000000a044                luaK_setoneret
                0x000000000000a134                luaK_dischargevars
                0x000000000000a7a8                luaK_exp2nextreg
                0x000000000000a81c                luaK_exp2anyreg
                0x000000000000a8d4                luaK_exp2anyregup
                0x000000000000a934                luaK_exp2val
                0x000000000000a994                luaK_exp2RK
                0x000000000000aafc                luaK_storevar
                0x000000000000ac28                luaK_self
                0x000000000000ae6c                luaK_goiftrue
                0x000000000000af4c                luaK_goiffalse
                0x000000000000b184                luaK_indexed
                0x000000000000b788                luaK_prefix
                0x000000000000b838                luaK_infix
                0x000000000000b94c                luaK_posfix
                0x000000000000bc28                luaK_fixline
                0x000000000000bc88                luaK_setlist
 .text          0x000000000000bd84      0x5c4 obj/default/lua/lcorolib.o
                0x000000000000c2e0                luaopen_coroutine
 .text          0x000000000000c348        0x0 obj/default/lua/lctype.o
 .text          0x000000000000c348     0x14b8 obj/default/lua/ldblib.o
                0x000000000000d798                luaopen_debug
 .text          0x000000000000d800     0x21f4 obj/default/lua/ldebug.o
                0x000000000000d94c                lua_sethook
                0x000000000000d9f8                lua_gethook
                0x000000000000da20                lua_gethookmask
                0x000000000000da48                lua_gethookcount
                0x000000000000da70                lua_getstack
                0x000000000000dd94                lua_getlocal
                0x000000000000dec0                lua_setlocal
                0x000000000000e5d4                lua_getinfo
                0x000000000000f2f8                luaG_typeerror
                0x000000000000f34c                luaG_concaterror
                0x000000000000f3ac                luaG_opinterror
                0x000000000000f428                luaG_tointerror
                0x000000000000f4b4                luaG_ordererror
                0x000000000000f52c                luaG_addinfo
                0x000000000000f5b0                luaG_errormsg
                0x000000000000f6dc                luaG_runerror
                0x000000000000f790                luaG_traceexec
 .text          0x000000000000f9f4     0x244c obj/default/lua/ldo.o
                0x000000000000fb84                luaD_throw
                0x000000000000fce4                luaD_rawrunprotected
                0x000000000000fed8                luaD_reallocstack
                0x0000000000010000                luaD_growstack
                0x000000000001019c                luaD_shrinkstack
                0x0000000000010268                luaD_inctop
                0x00000000000102d4                luaD_hook
                0x0000000000010b10                luaD_poscall
                0x0000000000010c00                luaD_precall
                0x00000000000110d4                luaD_call
                0x0000000000011170                luaD_callnoyield
                0x00000000000116d4                lua_resume
                0x00000000000118c0                lua_isyieldable
                0x00000000000118f4                lua_yieldk
                0x0000000000011a10                luaD_pcall
                0x0000000000011cd8                luaD_protectedparser
 .text          0x0000000000011e40      0xa04 obj/default/lua/ldump.o
                0x00000000000127bc                luaU_dump
 .text          0x0000000000012844      0x704 obj/default/lua/lfunc.o
                0x0000000000012844                luaF_newCclosure
                0x00000000000128b0                luaF_newLclosure
                0x0000000000012958                luaF_initupvals
                0x0000000000012a20                luaF_findupval
                0x0000000000012b34                luaF_close
                0x0000000000012c64                luaF_newproto
                0x0000000000012d44                luaF_freeproto
                0x0000000000012e84                luaF_getlocalname
 .text          0x0000000000012f48     0x33a0 obj/default/lua/lgc.o
                0x0000000000013058                luaC_barrier_
                0x00000000000130f0                luaC_barrierback_
                0x000000000001315c                luaC_upvalbarrier_
                0x00000000000131e0                luaC_fix
                0x000000000001325c                luaC_newobj
                0x0000000000014cb8                luaC_upvdeccount
                0x00000000000157d4                luaC_checkfinalizer
                0x0000000000015a80                luaC_freeallobjects
                0x0000000000016048                luaC_runtilstate
                0x0000000000016150                luaC_step
                0x000000000001623c                luaC_fullgc
 .text          0x00000000000162e8       0x84 obj/default/lua/linit.o
                0x00000000000162e8                luaL_openlibs
 .text          0x000000000001636c     0x1dd4 obj/default/lua/liolib.o
                0x0000000000018068                luaopen_io
 .text          0x0000000000018140     0x2800 obj/default/lua/llex.o
                0x0000000000018238                luaX_init
                0x00000000000182fc                luaX_token2str
                0x00000000000184c0                luaX_syntaxerror
                0x00000000000184f0                luaX_newstring
                0x000000000001879c                luaX_setinput
                0x000000000001a854                luaX_next
                0x000000000001a8f0                luaX_lookahead
 .text          0x000000000001a940     0x11c8 obj/default/lua/lmathlib.o
                0x000000000001ba04                luaopen_math
 .text          0x000000000001bb08      0x24c obj/default/lua/lmem.o
                0x000000000001bb08                luaM_growaux_
                0x000000000001bc20                luaM_toobig
                0x000000000001bc44                luaM_realloc_
 .text          0x000000000001bd54     0x13c8 obj/default/lua/loadlib.o
                0x000000000001cfa4                luaopen_package
 .text          0x000000000001d11c     0x1e8c obj/default/lua/lobject.o
                0x000000000001d11c                luaO_int2fb
                0x000000000001d1c0                luaO_fb2int
                0x000000000001d210                luaO_ceillog2
                0x000000000001d794                luaO_arith
                0x000000000001dc84                luaO_hexavalue
                0x000000000001e33c                luaO_str2num
                0x000000000001e45c                luaO_utf8esc
                0x000000000001e544                luaO_tostring
                0x000000000001e768                luaO_pushvfstring
                0x000000000001ecfc                luaO_pushfstring
                0x000000000001ed54                luaO_chunkid
 .text          0x000000000001efa8        0x0 obj/default/lua/lopcodes.o
 .text          0x000000000001efa8      0xdd8 obj/default/lua/loslib.o
                0x000000000001fd18                luaopen_os
 .text          0x000000000001fd80     0x4d38 obj/default/lua/lparser.o
                0x00000000000248c0                luaY_parser
 .text          0x0000000000024ab8      0xd7c obj/default/lua/lstate.o
                0x0000000000024be4                luaE_setdebt
                0x0000000000024c70                luaE_extendCI
                0x0000000000024cf4                luaE_freeCI
                0x0000000000024d8c                luaE_shrinkCI
                0x000000000002538c                lua_newthread
                0x000000000002550c                luaE_freethread
                0x0000000000025578                lua_newstate
                0x00000000000257f0                lua_close
 .text          0x0000000000025834      0xbf4 obj/default/lua/lstring.o
                0x0000000000025834                luaS_eqlngstr
                0x00000000000258b8                luaS_hash
                0x0000000000025960                luaS_hashlongstr
                0x00000000000259e0                luaS_resize
                0x0000000000025c2c                luaS_clearcache
                0x0000000000025cf8                luaS_init
                0x0000000000025e68                luaS_createlngstrobj
                0x0000000000025ec8                luaS_remove
                0x0000000000026180                luaS_newlstr
                0x0000000000026210                luaS_new
                0x000000000002636c                luaS_newudata
 .text          0x0000000000026428     0x5438 obj/default/lua/lstrlib.o
                0x000000000002b7f0                luaopen_string
 .text          0x000000000002b860     0x20fc obj/default/lua/ltable.o
                0x000000000002be28                luaH_next
                0x000000000002c72c                luaH_resize
                0x000000000002c9cc                luaH_resizearray
                0x000000000002cb5c                luaH_new
                0x000000000002cbd8                luaH_free
                0x000000000002ccfc                luaH_newkey
                0x000000000002d084                luaH_getint
                0x000000000002d1b8                luaH_getshortstr
                0x000000000002d31c                luaH_getstr
                0x000000000002d3d4                luaH_get
                0x000000000002d4b8                luaH_set
                0x000000000002d520                luaH_setint
                0x000000000002d83c                luaH_getn
 .text          0x000000000002d95c     0x1728 obj/default/lua/ltablib.o
                0x000000000002f01c                luaopen_table
 .text          0x000000000002f084        0x0 obj/default/lua/ltests.o
 .text          0x000000000002f084      0x84c obj/default/lua/ltm.o
                0x000000000002f084                luaT_init
                0x000000000002f150                luaT_gettm
                0x000000000002f1d0                luaT_gettmbyobj
                0x000000000002f2b4                luaT_objtypename
                0x000000000002f39c                luaT_callTM
                0x000000000002f644                luaT_callbinTM
                0x000000000002f6e8                luaT_trybinTM
                0x000000000002f82c                luaT_callorderTM
 .text          0x000000000002f8d0     0x1774 obj/default/lua/lua.o
                0x0000000000030f0c                main
 .text          0x0000000000031044     0x120c obj/default/lua/lundump.o
                0x0000000000032094                luaU_undump
 .text          0x0000000000032250     0x1014 obj/default/lua/lutf8lib.o
                0x00000000000331d4                luaopen_utf8
 .text          0x0000000000033264     0x7030 obj/default/lua/lvm.o
                0x0000000000033264                luaV_tonumber_
                0x0000000000033394                luaV_tointeger
                0x0000000000033694                luaV_finishget
                0x0000000000033898                luaV_finishset
                0x00000000000341a0                luaV_lessthan
                0x0000000000034290                luaV_lessequal
                0x00000000000343e8                luaV_equalobj
                0x0000000000034a5c                luaV_concat
                0x0000000000034eec                luaV_objlen
                0x0000000000035138                luaV_div
                0x00000000000352cc                luaV_mod
                0x0000000000035414                luaV_shiftl
                0x0000000000035834                luaV_finishOp
                0x0000000000035c74                luaV_execute
 .text          0x000000000003a294      0x21c obj/default/lua/lzio.o
                0x000000000003a294                luaZ_fill
                0x000000000003a340                luaZ_init
                0x000000000003a3a4                luaZ_read
 .text          0x000000000003a4b0      0x1ec obj/default/lua/testes/libs/lib1.o
                0x000000000003a4e0                lib1_export
                0x000000000003a51c                onefunction
                0x000000000003a578                anotherfunc
                0x000000000003a614                luaopen_lib1_sub
 .text          0x000000000003a69c       0x30 obj/default/lua/testes/libs/lib11.o
                0x000000000003a69c                luaopen_lib11
 .text          0x000000000003a6cc       0xc4 obj/default/lua/testes/libs/lib2.o
                0x000000000003a6fc                luaopen_lib2
 .text          0x000000000003a790       0x30 obj/default/lua/testes/libs/lib21.o
                0x000000000003a790                luaopen_lib21
 .text          0x000000000003a7c0        0x0 /home/kris/intelFPGA/18.1/nios2eds/bin/gnu/H-x86_64-pc-linux-gnu/bin/../lib/gcc/nios2-elf/5.3.0/../../../../../H-x86_64-pc-linux-gnu/nios2-elf/lib/libm.a(lib_a-s_ceil.o)
 .text.ceil     0x000000000003a7c0      0x1e0 /home/kris/intelFPGA/18.1/nios2eds/bin/gnu/H-x86_64-pc-linux-gnu/bin/../lib/gcc/nios2-elf/5.3.0/../../../../../H-x86_64-pc-linux-gnu/nios2-elf/lib/libm.a(lib_a-s_ceil.o)
                0x000000000003a7c0                ceil
 .text          0x000000000003a9a0        0x0 /home/kris/intelFPGA/18.1/nios2eds/bin/gnu/H-x86_64-pc-linux-gnu/bin/../lib/gcc/nios2-elf/5.3.0/../../../../../H-x86_64-pc-linux-gnu/nios2-elf/lib/libm.a(lib_a-s_cos.o)
 .text.cos      0x000000000003a9a0       0xec /home/kris/intelFPGA/18.1/nios2eds/bin/gnu/H-x86_64-pc-linux-gnu/bin/../lib/gcc/nios2-elf/5.3.0/../../../../../H-x86_64-pc-linux-gnu/nios2-elf/lib/libm.a(lib_a-s_cos.o)
                0x000000000003a9a0                cos
 .text          0x000000000003aa8c        0x0 /home/kris/intelFPGA/18.1/nios2eds/bin/gnu/H-x86_64-pc-linux-gnu/bin/../lib/gcc/nios2-elf/5.3.0/../../../../../H-x86_64-pc-linux-gnu/nios2-elf/lib/libm.a(lib_a-s_floor.o)
 .text.floor    0x000000000003aa8c      0x1ec /home/kris/intelFPGA/18.1/nios2eds/bin/gnu/H-x86_64-pc-linux-gnu/bin/../lib/gcc/nios2-elf/5.3.0/../../../../../H-x86_64-pc-linux-gnu/nios2-elf/lib/libm.a(lib_a-s_floor.o)
                0x000000000003aa8c                floor
 .text          0x000000000003ac78        0x0 /home/kris/intelFPGA/18.1/nios2eds/bin/gnu/H-x86_64-pc-linux-gnu/bin/../lib/gcc/nios2-elf/5.3.0/../../../../../H-x86_64-pc-linux-gnu/nios2-elf/lib/libm.a(lib_a-s_frexp.o)
 .text.frexp    0x000000000003ac78       0xa8 /home/kris/intelFPGA/18.1/nios2eds/bin/gnu/H-x86_64-pc-linux-gnu/bin/../lib/gcc/nios2-elf/5.3.0/../../../../../H-x86_64-pc-linux-gnu/nios2-elf/lib/libm.a(lib_a-s_frexp.o)
                0x000000000003ac78                frexp
 .text          0x000000000003ad20        0x0 /home/kris/intelFPGA/18.1/nios2eds/bin/gnu/H-x86_64-pc-linux-gnu/bin/../lib/gcc/nios2-elf/5.3.0/../../../../../H-x86_64-pc-linux-gnu/nios2-elf/lib/libm.a(lib_a-s_sin.o)
 .text.sin      0x000000000003ad20       0xf0 /home/kris/intelFPGA/18.1/nios2eds/bin/gnu/H-x86_64-pc-linux-gnu/bin/../lib/gcc/nios2-elf/5.3.0/../../../../../H-x86_64-pc-linux-gnu/nios2-elf/lib/libm.a(lib_a-s_sin.o)
                0x000000000003ad20                sin
 .text          0x000000000003ae10        0x0 /home/kris/intelFPGA/18.1/nios2eds/bin/gnu/H-x86_64-pc-linux-gnu/bin/../lib/gcc/nios2-elf/5.3.0/../../../../../H-x86_64-pc-linux-gnu/nios2-elf/lib/libm.a(lib_a-s_tan.o)
 .text.tan      0x000000000003ae10       0xa0 /home/kris/intelFPGA/18.1/nios2eds/bin/gnu/H-x86_64-pc-linux-gnu/bin/../lib/gcc/nios2-elf/5.3.0/../../../../../H-x86_64-pc-linux-gnu/nios2-elf/lib/libm.a(lib_a-s_tan.o)
                0x000000000003ae10                tan
 .text          0x000000000003aeb0        0x0 /home/kris/intelFPGA/18.1/nios2eds/bin/gnu/H-x86_64-pc-linux-gnu/bin/../lib/gcc/nios2-elf/5.3.0/../../../../../H-x86_64-pc-linux-gnu/nios2-elf/lib/libm.a(lib_a-w_acos.o)
 .text.acos     0x000000000003aeb0      0x128 /home/kris/intelFPGA/18.1/nios2eds/bin/gnu/H-x86_64-pc-linux-gnu/bin/../lib/gcc/nios2-elf/5.3.0/../../../../../H-x86_64-pc-linux-gnu/nios2-elf/lib/libm.a(lib_a-w_acos.o)
                0x000000000003aeb0                acos
 .text          0x000000000003afd8        0x0 /home/kris/intelFPGA/18.1/nios2eds/bin/gnu/H-x86_64-pc-linux-gnu/bin/../lib/gcc/nios2-elf/5.3.0/../../../../../H-x86_64-pc-linux-gnu/nios2-elf/lib/libm.a(lib_a-w_asin.o)
 .text.asin     0x000000000003afd8      0x128 /home/kris/intelFPGA/18.1/nios2eds/bin/gnu/H-x86_64-pc-linux-gnu/bin/../lib/gcc/nios2-elf/5.3.0/../../../../../H-x86_64-pc-linux-gnu/nios2-elf/lib/libm.a(lib_a-w_asin.o)
                0x000000000003afd8                asin
 .text          0x000000000003b100        0x0 /home/kris/intelFPGA/18.1/nios2eds/bin/gnu/H-x86_64-pc-linux-gnu/bin/../lib/gcc/nios2-elf/5.3.0/../../../../../H-x86_64-pc-linux-gnu/nios2-elf/lib/libm.a(lib_a-w_atan2.o)
 .text.atan2    0x000000000003b100        0x4 /home/kris/intelFPGA/18.1/nios2eds/bin/gnu/H-x86_64-pc-linux-gnu/bin/../lib/gcc/nios2-elf/5.3.0/../../../../../H-x86_64-pc-linux-gnu/nios2-elf/lib/libm.a(lib_a-w_atan2.o)
                0x000000000003b100                atan2
 .text          0x000000000003b104        0x0 /home/kris/intelFPGA/18.1/nios2eds/bin/gnu/H-x86_64-pc-linux-gnu/bin/../lib/gcc/nios2-elf/5.3.0/../../../../../H-x86_64-pc-linux-gnu/nios2-elf/lib/libm.a(lib_a-w_exp.o)
 .text.exp      0x000000000003b104      0x190 /home/kris/intelFPGA/18.1/nios2eds/bin/gnu/H-x86_64-pc-linux-gnu/bin/../lib/gcc/nios2-elf/5.3.0/../../../../../H-x86_64-pc-linux-gnu/nios2-elf/lib/libm.a(lib_a-w_exp.o)
                0x000000000003b104                exp
 .text          0x000000000003b294        0x0 /home/kris/intelFPGA/18.1/nios2eds/bin/gnu/H-x86_64-pc-linux-gnu/bin/../lib/gcc/nios2-elf/5.3.0/../../../../../H-x86_64-pc-linux-gnu/nios2-elf/lib/libm.a(lib_a-w_fmod.o)
 .text.fmod     0x000000000003b294      0x158 /home/kris/intelFPGA/18.1/nios2eds/bin/gnu/H-x86_64-pc-linux-gnu/bin/../lib/gcc/nios2-elf/5.3.0/../../../../../H-x86_64-pc-linux-gnu/nios2-elf/lib/libm.a(lib_a-w_fmod.o)
                0x000000000003b294                fmod
 .text          0x000000000003b3ec        0x0 /home/kris/intelFPGA/18.1/nios2eds/bin/gnu/H-x86_64-pc-linux-gnu/bin/../lib/gcc/nios2-elf/5.3.0/../../../../../H-x86_64-pc-linux-gnu/nios2-elf/lib/libm.a(lib_a-w_log.o)
 .text.log      0x000000000003b3ec      0x19c /home/kris/intelFPGA/18.1/nios2eds/bin/gnu/H-x86_64-pc-linux-gnu/bin/../lib/gcc/nios2-elf/5.3.0/../../../../../H-x86_64-pc-linux-gnu/nios2-elf/lib/libm.a(lib_a-w_log.o)
                0x000000000003b3ec                log
 .text          0x000000000003b588        0x0 /home/kris/intelFPGA/18.1/nios2eds/bin/gnu/H-x86_64-pc-linux-gnu/bin/../lib/gcc/nios2-elf/5.3.0/../../../../../H-x86_64-pc-linux-gnu/nios2-elf/lib/libm.a(lib_a-w_log10.o)
 .text.log10    0x000000000003b588      0x19c /home/kris/intelFPGA/18.1/nios2eds/bin/gnu/H-x86_64-pc-linux-gnu/bin/../lib/gcc/nios2-elf/5.3.0/../../../../../H-x86_64-pc-linux-gnu/nios2-elf/lib/libm.a(lib_a-w_log10.o)
                0x000000000003b588                log10
 .text          0x000000000003b724        0x0 /home/kris/intelFPGA/18.1/nios2eds/bin/gnu/H-x86_64-pc-linux-gnu/bin/../lib/gcc/nios2-elf/5.3.0/../../../../../H-x86_64-pc-linux-gnu/nios2-elf/lib/libm.a(lib_a-w_pow.o)
 .text.pow      0x000000000003b724      0x4c4 /home/kris/intelFPGA/18.1/nios2eds/bin/gnu/H-x86_64-pc-linux-gnu/bin/../lib/gcc/nios2-elf/5.3.0/../../../../../H-x86_64-pc-linux-gnu/nios2-elf/lib/libm.a(lib_a-w_pow.o)
                0x000000000003b724                pow
 .text          0x000000000003bbe8        0x0 /home/kris/intelFPGA/18.1/nios2eds/bin/gnu/H-x86_64-pc-linux-gnu/bin/../lib/gcc/nios2-elf/5.3.0/../../../../../H-x86_64-pc-linux-gnu/nios2-elf/lib/libm.a(lib_a-w_sqrt.o)
 .text.sqrt     0x000000000003bbe8      0x130 /home/kris/intelFPGA/18.1/nios2eds/bin/gnu/H-x86_64-pc-linux-gnu/bin/../lib/gcc/nios2-elf/5.3.0/../../../../../H-x86_64-pc-linux-gnu/nios2-elf/lib/libm.a(lib_a-w_sqrt.o)
                0x000000000003bbe8                sqrt
 .text          0x000000000003bd18        0x0 /home/kris/intelFPGA/18.1/nios2eds/bin/gnu/H-x86_64-pc-linux-gnu/bin/../lib/gcc/nios2-elf/5.3.0/../../../../../H-x86_64-pc-linux-gnu/nios2-elf/lib/libm.a(lib_a-e_acos.o)
 .text.__ieee754_acos
                0x000000000003bd18      0x8c0 /home/kris/intelFPGA/18.1/nios2eds/bin/gnu/H-x86_64-pc-linux-gnu/bin/../lib/gcc/nios2-elf/5.3.0/../../../../../H-x86_64-pc-linux-gnu/nios2-elf/lib/libm.a(lib_a-e_acos.o)
                0x000000000003bd18                __ieee754_acos
 .text          0x000000000003c5d8        0x0 /home/kris/intelFPGA/18.1/nios2eds/bin/gnu/H-x86_64-pc-linux-gnu/bin/../lib/gcc/nios2-elf/5.3.0/../../../../../H-x86_64-pc-linux-gnu/nios2-elf/lib/libm.a(lib_a-e_asin.o)
 .text.__ieee754_asin
                0x000000000003c5d8      0x784 /home/kris/intelFPGA/18.1/nios2eds/bin/gnu/H-x86_64-pc-linux-gnu/bin/../lib/gcc/nios2-elf/5.3.0/../../../../../H-x86_64-pc-linux-gnu/nios2-elf/lib/libm.a(lib_a-e_asin.o)
                0x000000000003c5d8                __ieee754_asin
 .text          0x000000000003cd5c        0x0 /home/kris/intelFPGA/18.1/nios2eds/bin/gnu/H-x86_64-pc-linux-gnu/bin/../lib/gcc/nios2-elf/5.3.0/../../../../../H-x86_64-pc-linux-gnu/nios2-elf/lib/libm.a(lib_a-e_atan2.o)
 .text.__ieee754_atan2
                0x000000000003cd5c      0x2c0 /home/kris/intelFPGA/18.1/nios2eds/bin/gnu/H-x86_64-pc-linux-gnu/bin/../lib/gcc/nios2-elf/5.3.0/../../../../../H-x86_64-pc-linux-gnu/nios2-elf/lib/libm.a(lib_a-e_atan2.o)
                0x000000000003cd5c                __ieee754_atan2
 .text          0x000000000003d01c        0x0 /home/kris/intelFPGA/18.1/nios2eds/bin/gnu/H-x86_64-pc-linux-gnu/bin/../lib/gcc/nios2-elf/5.3.0/../../../../../H-x86_64-pc-linux-gnu/nios2-elf/lib/libm.a(lib_a-e_exp.o)
 .text.__ieee754_exp
                0x000000000003d01c      0x4e8 /home/kris/intelFPGA/18.1/nios2eds/bin/gnu/H-x86_64-pc-linux-gnu/bin/../lib/gcc/nios2-elf/5.3.0/../../../../../H-x86_64-pc-linux-gnu/nios2-elf/lib/libm.a(lib_a-e_exp.o)
                0x000000000003d01c                __ieee754_exp
 .text          0x000000000003d504        0x0 /home/kris/intelFPGA/18.1/nios2eds/bin/gnu/H-x86_64-pc-linux-gnu/bin/../lib/gcc/nios2-elf/5.3.0/../../../../../H-x86_64-pc-linux-gnu/nios2-elf/lib/libm.a(lib_a-e_fmod.o)
 .text.__ieee754_fmod
                0x000000000003d504      0x340 /home/kris/intelFPGA/18.1/nios2eds/bin/gnu/H-x86_64-pc-linux-gnu/bin/../lib/gcc/nios2-elf/5.3.0/../../../../../H-x86_64-pc-linux-gnu/nios2-elf/lib/libm.a(lib_a-e_fmod.o)
                0x000000000003d504                __ieee754_fmod
 .text          0x000000000003d844        0x0 /home/kris/intelFPGA/18.1/nios2eds/bin/gnu/H-x86_64-pc-linux-gnu/bin/../lib/gcc/nios2-elf/5.3.0/../../../../../H-x86_64-pc-linux-gnu/nios2-elf/lib/libm.a(lib_a-e_log.o)
 .text.__ieee754_log
                0x000000000003d844      0x71c /home/kris/intelFPGA/18.1/nios2eds/bin/gnu/H-x86_64-pc-linux-gnu/bin/../lib/gcc/nios2-elf/5.3.0/../../../../../H-x86_64-pc-linux-gnu/nios2-elf/lib/libm.a(lib_a-e_log.o)
                0x000000000003d844                __ieee754_log
 .text          0x000000000003df60        0x0 /home/kris/intelFPGA/18.1/nios2eds/bin/gnu/H-x86_64-pc-linux-gnu/bin/../lib/gcc/nios2-elf/5.3.0/../../../../../H-x86_64-pc-linux-gnu/nios2-elf/lib/libm.a(lib_a-e_log10.o)
 .text.__ieee754_log10
                0x000000000003df60      0x1d0 /home/kris/intelFPGA/18.1/nios2eds/bin/gnu/H-x86_64-pc-linux-gnu/bin/../lib/gcc/nios2-elf/5.3.0/../../../../../H-x86_64-pc-linux-gnu/nios2-elf/lib/libm.a(lib_a-e_log10.o)
                0x000000000003df60                __ieee754_log10
 .text          0x000000000003e130        0x0 /home/kris/intelFPGA/18.1/nios2eds/bin/gnu/H-x86_64-pc-linux-gnu/bin/../lib/gcc/nios2-elf/5.3.0/../../../../../H-x86_64-pc-linux-gnu/nios2-elf/lib/libm.a(lib_a-e_pow.o)
 .text.__ieee754_pow
                0x000000000003e130     0x10a4 /home/kris/intelFPGA/18.1/nios2eds/bin/gnu/H-x86_64-pc-linux-gnu/bin/../lib/gcc/nios2-elf/5.3.0/../../../../../H-x86_64-pc-linux-gnu/nios2-elf/lib/libm.a(lib_a-e_pow.o)
                0x000000000003e130                __ieee754_pow
 .text          0x000000000003f1d4        0x0 /home/kris/intelFPGA/18.1/nios2eds/bin/gnu/H-x86_64-pc-linux-gnu/bin/../lib/gcc/nios2-elf/5.3.0/../../../../../H-x86_64-pc-linux-gnu/nios2-elf/lib/libm.a(lib_a-e_rem_pio2.o)
 .text.__ieee754_rem_pio2
                0x000000000003f1d4      0x76c /home/kris/intelFPGA/18.1/nios2eds/bin/gnu/H-x86_64-pc-linux-gnu/bin/../lib/gcc/nios2-elf/5.3.0/../../../../../H-x86_64-pc-linux-gnu/nios2-elf/lib/libm.a(lib_a-e_rem_pio2.o)
                0x000000000003f1d4                __ieee754_rem_pio2
 .text          0x000000000003f940        0x0 /home/kris/intelFPGA/18.1/nios2eds/bin/gnu/H-x86_64-pc-linux-gnu/bin/../lib/gcc/nios2-elf/5.3.0/../../../../../H-x86_64-pc-linux-gnu/nios2-elf/lib/libm.a(lib_a-e_sqrt.o)
 .text.__ieee754_sqrt
                0x000000000003f940      0x288 /home/kris/intelFPGA/18.1/nios2eds/bin/gnu/H-x86_64-pc-linux-gnu/bin/../lib/gcc/nios2-elf/5.3.0/../../../../../H-x86_64-pc-linux-gnu/nios2-elf/lib/libm.a(lib_a-e_sqrt.o)
                0x000000000003f940                __ieee754_sqrt
 .text          0x000000000003fbc8        0x0 /home/kris/intelFPGA/18.1/nios2eds/bin/gnu/H-x86_64-pc-linux-gnu/bin/../lib/gcc/nios2-elf/5.3.0/../../../../../H-x86_64-pc-linux-gnu/nios2-elf/lib/libm.a(lib_a-k_cos.o)
 .text.__kernel_cos
                0x000000000003fbc8      0x4a4 /home/kris/intelFPGA/18.1/nios2eds/bin/gnu/H-x86_64-pc-linux-gnu/bin/../lib/gcc/nios2-elf/5.3.0/../../../../../H-x86_64-pc-linux-gnu/nios2-elf/lib/libm.a(lib_a-k_cos.o)
                0x000000000003fbc8                __kernel_cos
 .text          0x000000000004006c        0x0 /home/kris/intelFPGA/18.1/nios2eds/bin/gnu/H-x86_64-pc-linux-gnu/bin/../lib/gcc/nios2-elf/5.3.0/../../../../../H-x86_64-pc-linux-gnu/nios2-elf/lib/libm.a(lib_a-k_rem_pio2.o)
 .text.__kernel_rem_pio2
                0x000000000004006c      0xd90 /home/kris/intelFPGA/18.1/nios2eds/bin/gnu/H-x86_64-pc-linux-gnu/bin/../lib/gcc/nios2-elf/5.3.0/../../../../../H-x86_64-pc-linux-gnu/nios2-elf/lib/libm.a(lib_a-k_rem_pio2.o)
                0x000000000004006c                __kernel_rem_pio2
 .text          0x0000000000040dfc        0x0 /home/kris/intelFPGA/18.1/nios2eds/bin/gnu/H-x86_64-pc-linux-gnu/bin/../lib/gcc/nios2-elf/5.3.0/../../../../../H-x86_64-pc-linux-gnu/nios2-elf/lib/libm.a(lib_a-k_sin.o)
 .text.__kernel_sin
                0x0000000000040dfc      0x2cc /home/kris/intelFPGA/18.1/nios2eds/bin/gnu/H-x86_64-pc-linux-gnu/bin/../lib/gcc/nios2-elf/5.3.0/../../../../../H-x86_64-pc-linux-gnu/nios2-elf/lib/libm.a(lib_a-k_sin.o)
                0x0000000000040dfc                __kernel_sin
 .text          0x00000000000410c8        0x0 /home/kris/intelFPGA/18.1/nios2eds/bin/gnu/H-x86_64-pc-linux-gnu/bin/../lib/gcc/nios2-elf/5.3.0/../../../../../H-x86_64-pc-linux-gnu/nios2-elf/lib/libm.a(lib_a-k_tan.o)
 .text.__kernel_tan
                0x00000000000410c8      0x66c /home/kris/intelFPGA/18.1/nios2eds/bin/gnu/H-x86_64-pc-linux-gnu/bin/../lib/gcc/nios2-elf/5.3.0/../../../../../H-x86_64-pc-linux-gnu/nios2-elf/lib/libm.a(lib_a-k_tan.o)
                0x00000000000410c8                __kernel_tan
 .text          0x0000000000041734        0x0 /home/kris/intelFPGA/18.1/nios2eds/bin/gnu/H-x86_64-pc-linux-gnu/bin/../lib/gcc/nios2-elf/5.3.0/../../../../../H-x86_64-pc-linux-gnu/nios2-elf/lib/libm.a(lib_a-s_atan.o)
 .text.atan     0x0000000000041734      0x588 /home/kris/intelFPGA/18.1/nios2eds/bin/gnu/H-x86_64-pc-linux-gnu/bin/../lib/gcc/nios2-elf/5.3.0/../../../../../H-x86_64-pc-linux-gnu/nios2-elf/lib/libm.a(lib_a-s_atan.o)
                0x0000000000041734                atan
 .text          0x0000000000041cbc        0x0 /home/kris/intelFPGA/18.1/nios2eds/bin/gnu/H-x86_64-pc-linux-gnu/bin/../lib/gcc/nios2-elf/5.3.0/../../../../../H-x86_64-pc-linux-gnu/nios2-elf/lib/libm.a(lib_a-s_fabs.o)
 .text.fabs     0x0000000000041cbc       0x14 /home/kris/intelFPGA/18.1/nios2eds/bin/gnu/H-x86_64-pc-linux-gnu/bin/../lib/gcc/nios2-elf/5.3.0/../../../../../H-x86_64-pc-linux-gnu/nios2-elf/lib/libm.a(lib_a-s_fabs.o)
                0x0000000000041cbc                fabs
 .text          0x0000000000041cd0        0x0 /home/kris/intelFPGA/18.1/nios2eds/bin/gnu/H-x86_64-pc-linux-gnu/bin/../lib/gcc/nios2-elf/5.3.0/../../../../../H-x86_64-pc-linux-gnu/nios2-elf/lib/libm.a(lib_a-s_finite.o)
 .text.finite   0x0000000000041cd0       0x1c /home/kris/intelFPGA/18.1/nios2eds/bin/gnu/H-x86_64-pc-linux-gnu/bin/../lib/gcc/nios2-elf/5.3.0/../../../../../H-x86_64-pc-linux-gnu/nios2-elf/lib/libm.a(lib_a-s_finite.o)
                0x0000000000041cd0                finite
 .text          0x0000000000041cec        0x0 /home/kris/intelFPGA/18.1/nios2eds/bin/gnu/H-x86_64-pc-linux-gnu/bin/../lib/gcc/nios2-elf/5.3.0/../../../../../H-x86_64-pc-linux-gnu/nios2-elf/lib/libm.a(lib_a-s_fpclassify.o)
 .text.__fpclassifyd
                0x0000000000041cec       0x74 /home/kris/intelFPGA/18.1/nios2eds/bin/gnu/H-x86_64-pc-linux-gnu/bin/../lib/gcc/nios2-elf/5.3.0/../../../../../H-x86_64-pc-linux-gnu/nios2-elf/lib/libm.a(lib_a-s_fpclassify.o)
                0x0000000000041cec                __fpclassifyd
 .text          0x0000000000041d60        0x0 /home/kris/intelFPGA/18.1/nios2eds/bin/gnu/H-x86_64-pc-linux-gnu/bin/../lib/gcc/nios2-elf/5.3.0/../../../../../H-x86_64-pc-linux-gnu/nios2-elf/lib/libm.a(lib_a-s_lib_ver.o)
 .text          0x0000000000041d60        0x0 /home/kris/intelFPGA/18.1/nios2eds/bin/gnu/H-x86_64-pc-linux-gnu/bin/../lib/gcc/nios2-elf/5.3.0/../../../../../H-x86_64-pc-linux-gnu/nios2-elf/lib/libm.a(lib_a-s_matherr.o)
 .text.matherr  0x0000000000041d60        0x8 /home/kris/intelFPGA/18.1/nios2eds/bin/gnu/H-x86_64-pc-linux-gnu/bin/../lib/gcc/nios2-elf/5.3.0/../../../../../H-x86_64-pc-linux-gnu/nios2-elf/lib/libm.a(lib_a-s_matherr.o)
                0x0000000000041d60                matherr
 .text          0x0000000000041d68        0x0 /home/kris/intelFPGA/18.1/nios2eds/bin/gnu/H-x86_64-pc-linux-gnu/bin/../lib/gcc/nios2-elf/5.3.0/../../../../../H-x86_64-pc-linux-gnu/nios2-elf/lib/libm.a(lib_a-s_nan.o)
 .text.nan      0x0000000000041d68        0xc /home/kris/intelFPGA/18.1/nios2eds/bin/gnu/H-x86_64-pc-linux-gnu/bin/../lib/gcc/nios2-elf/5.3.0/../../../../../H-x86_64-pc-linux-gnu/nios2-elf/lib/libm.a(lib_a-s_nan.o)
                0x0000000000041d68                nan
 .text          0x0000000000041d74        0x0 /home/kris/intelFPGA/18.1/nios2eds/bin/gnu/H-x86_64-pc-linux-gnu/bin/../lib/gcc/nios2-elf/5.3.0/../../../../../H-x86_64-pc-linux-gnu/nios2-elf/lib/libm.a(lib_a-s_rint.o)
 .text.rint     0x0000000000041d74      0x1ec /home/kris/intelFPGA/18.1/nios2eds/bin/gnu/H-x86_64-pc-linux-gnu/bin/../lib/gcc/nios2-elf/5.3.0/../../../../../H-x86_64-pc-linux-gnu/nios2-elf/lib/libm.a(lib_a-s_rint.o)
                0x0000000000041d74                rint
 .text          0x0000000000041f60        0x0 /home/kris/intelFPGA/18.1/nios2eds/bin/gnu/H-x86_64-pc-linux-gnu/bin/../lib/gcc/nios2-elf/5.3.0/../../../../../H-x86_64-pc-linux-gnu/nios2-elf/lib/libm.a(lib_a-s_scalbn.o)
 .text.scalbn   0x0000000000041f60      0x19c /home/kris/intelFPGA/18.1/nios2eds/bin/gnu/H-x86_64-pc-linux-gnu/bin/../lib/gcc/nios2-elf/5.3.0/../../../../../H-x86_64-pc-linux-gnu/nios2-elf/lib/libm.a(lib_a-s_scalbn.o)
                0x0000000000041f60                scalbn
 .text          0x00000000000420fc        0x0 /home/kris/intelFPGA/18.1/nios2eds/bin/gnu/H-x86_64-pc-linux-gnu/bin/../lib/gcc/nios2-elf/5.3.0/../../../../../H-x86_64-pc-linux-gnu/nios2-elf/lib/libm.a(lib_a-s_copysign.o)
 .text.copysign
                0x00000000000420fc       0x1c /home/kris/intelFPGA/18.1/nios2eds/bin/gnu/H-x86_64-pc-linux-gnu/bin/../lib/gcc/nios2-elf/5.3.0/../../../../../H-x86_64-pc-linux-gnu/nios2-elf/lib/libm.a(lib_a-s_copysign.o)
                0x00000000000420fc                copysign
 .text          0x0000000000042118       0x60 /home/kris/intelFPGA/18.1/nios2eds/bin/gnu/H-x86_64-pc-linux-gnu/bin/../lib/gcc/nios2-elf/5.3.0/libgcc.a(_muldi3.o)
                0x0000000000042118                __muldi3
 .text          0x0000000000042178       0x74 /home/kris/intelFPGA/18.1/nios2eds/bin/gnu/H-x86_64-pc-linux-gnu/bin/../lib/gcc/nios2-elf/5.3.0/libgcc.a(_fixdfdi.o)
                0x0000000000042178                __fixdfdi
 .text          0x00000000000421ec       0x90 /home/kris/intelFPGA/18.1/nios2eds/bin/gnu/H-x86_64-pc-linux-gnu/bin/../lib/gcc/nios2-elf/5.3.0/libgcc.a(_fixunsdfdi.o)
                0x00000000000421ec                __fixunsdfdi
 .text          0x000000000004227c       0x70 /home/kris/intelFPGA/18.1/nios2eds/bin/gnu/H-x86_64-pc-linux-gnu/bin/../lib/gcc/nios2-elf/5.3.0/libgcc.a(_floatdidf.o)
                0x000000000004227c                __floatdidf
 .text          0x00000000000422ec      0x5c8 /home/kris/intelFPGA/18.1/nios2eds/bin/gnu/H-x86_64-pc-linux-gnu/bin/../lib/gcc/nios2-elf/5.3.0/libgcc.a(_divdi3.o)
                0x00000000000422ec                __divdi3
 .text          0x00000000000428b4      0x590 /home/kris/intelFPGA/18.1/nios2eds/bin/gnu/H-x86_64-pc-linux-gnu/bin/../lib/gcc/nios2-elf/5.3.0/libgcc.a(_moddi3.o)
                0x00000000000428b4                __moddi3
 .text          0x0000000000042e44      0x1b4 /home/kris/intelFPGA/18.1/nios2eds/bin/gnu/H-x86_64-pc-linux-gnu/bin/../lib/gcc/nios2-elf/5.3.0/libgcc.a(lib2-divmod.o)
                0x0000000000042e44                __divsi3
                0x0000000000042ec8                __modsi3
                0x0000000000042f3c                __udivsi3
                0x0000000000042fa0                __umodsi3
 .text          0x0000000000042ff8      0x8ac /home/kris/intelFPGA/18.1/nios2eds/bin/gnu/H-x86_64-pc-linux-gnu/bin/../lib/gcc/nios2-elf/5.3.0/libgcc.a(adddf3.o)
                0x0000000000042ff8                __adddf3
 .text          0x00000000000438a4      0x8e8 /home/kris/intelFPGA/18.1/nios2eds/bin/gnu/H-x86_64-pc-linux-gnu/bin/../lib/gcc/nios2-elf/5.3.0/libgcc.a(divdf3.o)
                0x00000000000438a4                __divdf3
 .text          0x000000000004418c       0x88 /home/kris/intelFPGA/18.1/nios2eds/bin/gnu/H-x86_64-pc-linux-gnu/bin/../lib/gcc/nios2-elf/5.3.0/libgcc.a(eqdf2.o)
                0x000000000004418c                __eqdf2
                0x000000000004418c                __nedf2
 .text          0x0000000000044214       0xdc /home/kris/intelFPGA/18.1/nios2eds/bin/gnu/H-x86_64-pc-linux-gnu/bin/../lib/gcc/nios2-elf/5.3.0/libgcc.a(gedf2.o)
                0x0000000000044214                __gtdf2
                0x0000000000044214                __gedf2
 .text          0x00000000000442f0       0xf4 /home/kris/intelFPGA/18.1/nios2eds/bin/gnu/H-x86_64-pc-linux-gnu/bin/../lib/gcc/nios2-elf/5.3.0/libgcc.a(ledf2.o)
                0x00000000000442f0                __ltdf2
                0x00000000000442f0                __ledf2
 .text          0x00000000000443e4      0x718 /home/kris/intelFPGA/18.1/nios2eds/bin/gnu/H-x86_64-pc-linux-gnu/bin/../lib/gcc/nios2-elf/5.3.0/libgcc.a(muldf3.o)
                0x00000000000443e4                __muldf3
 .text          0x0000000000044afc      0x8fc /home/kris/intelFPGA/18.1/nios2eds/bin/gnu/H-x86_64-pc-linux-gnu/bin/../lib/gcc/nios2-elf/5.3.0/libgcc.a(subdf3.o)
                0x0000000000044afc                __subdf3
 .text          0x00000000000453f8       0x80 /home/kris/intelFPGA/18.1/nios2eds/bin/gnu/H-x86_64-pc-linux-gnu/bin/../lib/gcc/nios2-elf/5.3.0/libgcc.a(fixdfsi.o)
                0x00000000000453f8                __fixdfsi
 .text          0x0000000000045478       0xdc /home/kris/intelFPGA/18.1/nios2eds/bin/gnu/H-x86_64-pc-linux-gnu/bin/../lib/gcc/nios2-elf/5.3.0/libgcc.a(floatsidf.o)
                0x0000000000045478                __floatsidf
 .text          0x0000000000045554       0xa8 /home/kris/intelFPGA/18.1/nios2eds/bin/gnu/H-x86_64-pc-linux-gnu/bin/../lib/gcc/nios2-elf/5.3.0/libgcc.a(floatunsidf.o)
                0x0000000000045554                __floatunsidf
 .text          0x00000000000455fc      0x110 /home/kris/intelFPGA/18.1/nios2eds/bin/gnu/H-x86_64-pc-linux-gnu/bin/../lib/gcc/nios2-elf/5.3.0/libgcc.a(extendsfdf2.o)
                0x00000000000455fc                __extendsfdf2
 .text          0x000000000004570c      0x1a8 /home/kris/intelFPGA/18.1/nios2eds/bin/gnu/H-x86_64-pc-linux-gnu/bin/../lib/gcc/nios2-elf/5.3.0/libgcc.a(truncdfsf2.o)
                0x000000000004570c                __truncdfsf2
 .text          0x00000000000458b4        0x0 /home/kris/intelFPGA/18.1/nios2eds/bin/gnu/H-x86_64-pc-linux-gnu/bin/../lib/gcc/nios2-elf/5.3.0/libgcc.a(_clz.o)
 .text          0x00000000000458b4       0x64 /home/kris/intelFPGA/18.1/nios2eds/bin/gnu/H-x86_64-pc-linux-gnu/bin/../lib/gcc/nios2-elf/5.3.0/libgcc.a(_clzsi2.o)
                0x00000000000458b4                __clzsi2
 .text          0x0000000000045918       0x74 /home/kris/intelFPGA/18.1/nios2eds/bin/gnu/H-x86_64-pc-linux-gnu/bin/../lib/gcc/nios2-elf/5.3.0/libgcc.a(_fixunsdfsi.o)
                0x0000000000045918                __fixunsdfsi
 .text          0x000000000004598c        0x0 /home/kris/intelFPGA/18.1/nios2eds/bin/gnu/H-x86_64-pc-linux-gnu/bin/../lib/gcc/nios2-elf/5.3.0/../../../../../H-x86_64-pc-linux-gnu/nios2-elf/lib/libc.a(lib_a-abort.o)
 .text.abort    0x000000000004598c       0x18 /home/kris/intelFPGA/18.1/nios2eds/bin/gnu/H-x86_64-pc-linux-gnu/bin/../lib/gcc/nios2-elf/5.3.0/../../../../../H-x86_64-pc-linux-gnu/nios2-elf/lib/libc.a(lib_a-abort.o)
                0x000000000004598c                abort
 .text          0x00000000000459a4        0x0 /home/kris/intelFPGA/18.1/nios2eds/bin/gnu/H-x86_64-pc-linux-gnu/bin/../lib/gcc/nios2-elf/5.3.0/../../../../../H-x86_64-pc-linux-gnu/nios2-elf/lib/libc.a(lib_a-clock.o)
 .text.clock    0x00000000000459a4       0x4c /home/kris/intelFPGA/18.1/nios2eds/bin/gnu/H-x86_64-pc-linux-gnu/bin/../lib/gcc/nios2-elf/5.3.0/../../../../../H-x86_64-pc-linux-gnu/nios2-elf/lib/libc.a(lib_a-clock.o)
                0x00000000000459a4                clock
 .text          0x00000000000459f0        0x0 /home/kris/intelFPGA/18.1/nios2eds/bin/gnu/H-x86_64-pc-linux-gnu/bin/../lib/gcc/nios2-elf/5.3.0/../../../../../H-x86_64-pc-linux-gnu/nios2-elf/lib/libc.a(lib_a-ctype_.o)
 .text          0x00000000000459f0        0x0 /home/kris/intelFPGA/18.1/nios2eds/bin/gnu/H-x86_64-pc-linux-gnu/bin/../lib/gcc/nios2-elf/5.3.0/../../../../../H-x86_64-pc-linux-gnu/nios2-elf/lib/libc.a(lib_a-difftime.o)
 .text.difftime
                0x00000000000459f0       0x1c /home/kris/intelFPGA/18.1/nios2eds/bin/gnu/H-x86_64-pc-linux-gnu/bin/../lib/gcc/nios2-elf/5.3.0/../../../../../H-x86_64-pc-linux-gnu/nios2-elf/lib/libc.a(lib_a-difftime.o)
                0x00000000000459f0                difftime
 .text          0x0000000000045a0c        0x0 /home/kris/intelFPGA/18.1/nios2eds/bin/gnu/H-x86_64-pc-linux-gnu/bin/../lib/gcc/nios2-elf/5.3.0/../../../../../H-x86_64-pc-linux-gnu/nios2-elf/lib/libc.a(lib_a-errno.o)
 .text.__errno  0x0000000000045a0c       0x10 /home/kris/intelFPGA/18.1/nios2eds/bin/gnu/H-x86_64-pc-linux-gnu/bin/../lib/gcc/nios2-elf/5.3.0/../../../../../H-x86_64-pc-linux-gnu/nios2-elf/lib/libc.a(lib_a-errno.o)
                0x0000000000045a0c                __errno
 .text          0x0000000000045a1c        0x0 /home/kris/intelFPGA/18.1/nios2eds/bin/gnu/H-x86_64-pc-linux-gnu/bin/../lib/gcc/nios2-elf/5.3.0/../../../../../H-x86_64-pc-linux-gnu/nios2-elf/lib/libc.a(lib_a-exit.o)
 .text.exit     0x0000000000045a1c       0x38 /home/kris/intelFPGA/18.1/nios2eds/bin/gnu/H-x86_64-pc-linux-gnu/bin/../lib/gcc/nios2-elf/5.3.0/../../../../../H-x86_64-pc-linux-gnu/nios2-elf/lib/libc.a(lib_a-exit.o)
                0x0000000000045a1c                exit
 .text          0x0000000000045a54        0x0 /home/kris/intelFPGA/18.1/nios2eds/bin/gnu/H-x86_64-pc-linux-gnu/bin/../lib/gcc/nios2-elf/5.3.0/../../../../../H-x86_64-pc-linux-gnu/nios2-elf/lib/libc.a(lib_a-fclose.o)
 .text._fclose_r
                0x0000000000045a54       0xf0 /home/kris/intelFPGA/18.1/nios2eds/bin/gnu/H-x86_64-pc-linux-gnu/bin/../lib/gcc/nios2-elf/5.3.0/../../../../../H-x86_64-pc-linux-gnu/nios2-elf/lib/libc.a(lib_a-fclose.o)
                0x0000000000045a54                _fclose_r
 .text.fclose   0x0000000000045b44       0x14 /home/kris/intelFPGA/18.1/nios2eds/bin/gnu/H-x86_64-pc-linux-gnu/bin/../lib/gcc/nios2-elf/5.3.0/../../../../../H-x86_64-pc-linux-gnu/nios2-elf/lib/libc.a(lib_a-fclose.o)
                0x0000000000045b44                fclose
 .text          0x0000000000045b58        0x0 /home/kris/intelFPGA/18.1/nios2eds/bin/gnu/H-x86_64-pc-linux-gnu/bin/../lib/gcc/nios2-elf/5.3.0/../../../../../H-x86_64-pc-linux-gnu/nios2-elf/lib/libc.a(lib_a-fflush.o)
 .text.__sflush_r
                0x0000000000045b58      0x21c /home/kris/intelFPGA/18.1/nios2eds/bin/gnu/H-x86_64-pc-linux-gnu/bin/../lib/gcc/nios2-elf/5.3.0/../../../../../H-x86_64-pc-linux-gnu/nios2-elf/lib/libc.a(lib_a-fflush.o)
                0x0000000000045b58                __sflush_r
 .text._fflush_r
                0x0000000000045d74       0x5c /home/kris/intelFPGA/18.1/nios2eds/bin/gnu/H-x86_64-pc-linux-gnu/bin/../lib/gcc/nios2-elf/5.3.0/../../../../../H-x86_64-pc-linux-gnu/nios2-elf/lib/libc.a(lib_a-fflush.o)
                0x0000000000045d74                _fflush_r
 .text.fflush   0x0000000000045dd0       0x30 /home/kris/intelFPGA/18.1/nios2eds/bin/gnu/H-x86_64-pc-linux-gnu/bin/../lib/gcc/nios2-elf/5.3.0/../../../../../H-x86_64-pc-linux-gnu/nios2-elf/lib/libc.a(lib_a-fflush.o)
                0x0000000000045dd0                fflush
 .text          0x0000000000045e00        0x0 /home/kris/intelFPGA/18.1/nios2eds/bin/gnu/H-x86_64-pc-linux-gnu/bin/../lib/gcc/nios2-elf/5.3.0/../../../../../H-x86_64-pc-linux-gnu/nios2-elf/lib/libc.a(lib_a-fgets.o)
 .text._fgets_r
                0x0000000000045e00      0x144 /home/kris/intelFPGA/18.1/nios2eds/bin/gnu/H-x86_64-pc-linux-gnu/bin/../lib/gcc/nios2-elf/5.3.0/../../../../../H-x86_64-pc-linux-gnu/nios2-elf/lib/libc.a(lib_a-fgets.o)
                0x0000000000045e00                _fgets_r
 .text.fgets    0x0000000000045f44       0x1c /home/kris/intelFPGA/18.1/nios2eds/bin/gnu/H-x86_64-pc-linux-gnu/bin/../lib/gcc/nios2-elf/5.3.0/../../../../../H-x86_64-pc-linux-gnu/nios2-elf/lib/libc.a(lib_a-fgets.o)
                0x0000000000045f44                fgets
 .text          0x0000000000045f60        0x0 /home/kris/intelFPGA/18.1/nios2eds/bin/gnu/H-x86_64-pc-linux-gnu/bin/../lib/gcc/nios2-elf/5.3.0/../../../../../H-x86_64-pc-linux-gnu/nios2-elf/lib/libc.a(lib_a-findfp.o)
 .text.__fp_unlock
                0x0000000000045f60        0x8 /home/kris/intelFPGA/18.1/nios2eds/bin/gnu/H-x86_64-pc-linux-gnu/bin/../lib/gcc/nios2-elf/5.3.0/../../../../../H-x86_64-pc-linux-gnu/nios2-elf/lib/libc.a(lib_a-findfp.o)
 .text._cleanup_r
                0x0000000000045f68        0xc /home/kris/intelFPGA/18.1/nios2eds/bin/gnu/H-x86_64-pc-linux-gnu/bin/../lib/gcc/nios2-elf/5.3.0/../../../../../H-x86_64-pc-linux-gnu/nios2-elf/lib/libc.a(lib_a-findfp.o)
                0x0000000000045f68                _cleanup_r
 .text.__sinit.part.1
                0x0000000000045f74      0x19c /home/kris/intelFPGA/18.1/nios2eds/bin/gnu/H-x86_64-pc-linux-gnu/bin/../lib/gcc/nios2-elf/5.3.0/../../../../../H-x86_64-pc-linux-gnu/nios2-elf/lib/libc.a(lib_a-findfp.o)
 .text.__fp_lock
                0x0000000000046110        0x8 /home/kris/intelFPGA/18.1/nios2eds/bin/gnu/H-x86_64-pc-linux-gnu/bin/../lib/gcc/nios2-elf/5.3.0/../../../../../H-x86_64-pc-linux-gnu/nios2-elf/lib/libc.a(lib_a-findfp.o)
 .text.__sfmoreglue
                0x0000000000046118       0x68 /home/kris/intelFPGA/18.1/nios2eds/bin/gnu/H-x86_64-pc-linux-gnu/bin/../lib/gcc/nios2-elf/5.3.0/../../../../../H-x86_64-pc-linux-gnu/nios2-elf/lib/libc.a(lib_a-findfp.o)
                0x0000000000046118                __sfmoreglue
 .text.__sfp    0x0000000000046180      0x118 /home/kris/intelFPGA/18.1/nios2eds/bin/gnu/H-x86_64-pc-linux-gnu/bin/../lib/gcc/nios2-elf/5.3.0/../../../../../H-x86_64-pc-linux-gnu/nios2-elf/lib/libc.a(lib_a-findfp.o)
                0x0000000000046180                __sfp
 .text._cleanup
                0x0000000000046298       0x18 /home/kris/intelFPGA/18.1/nios2eds/bin/gnu/H-x86_64-pc-linux-gnu/bin/../lib/gcc/nios2-elf/5.3.0/../../../../../H-x86_64-pc-linux-gnu/nios2-elf/lib/libc.a(lib_a-findfp.o)
                0x0000000000046298                _cleanup
 .text.__sinit  0x00000000000462b0       0x10 /home/kris/intelFPGA/18.1/nios2eds/bin/gnu/H-x86_64-pc-linux-gnu/bin/../lib/gcc/nios2-elf/5.3.0/../../../../../H-x86_64-pc-linux-gnu/nios2-elf/lib/libc.a(lib_a-findfp.o)
                0x00000000000462b0                __sinit
 .text.__sfp_lock_acquire
                0x00000000000462c0        0x4 /home/kris/intelFPGA/18.1/nios2eds/bin/gnu/H-x86_64-pc-linux-gnu/bin/../lib/gcc/nios2-elf/5.3.0/../../../../../H-x86_64-pc-linux-gnu/nios2-elf/lib/libc.a(lib_a-findfp.o)
                0x00000000000462c0                __sfp_lock_acquire
 .text.__sfp_lock_release
                0x00000000000462c4        0x4 /home/kris/intelFPGA/18.1/nios2eds/bin/gnu/H-x86_64-pc-linux-gnu/bin/../lib/gcc/nios2-elf/5.3.0/../../../../../H-x86_64-pc-linux-gnu/nios2-elf/lib/libc.a(lib_a-findfp.o)
                0x00000000000462c4                __sfp_lock_release
 .text.__sinit_lock_acquire
                0x00000000000462c8        0x4 /home/kris/intelFPGA/18.1/nios2eds/bin/gnu/H-x86_64-pc-linux-gnu/bin/../lib/gcc/nios2-elf/5.3.0/../../../../../H-x86_64-pc-linux-gnu/nios2-elf/lib/libc.a(lib_a-findfp.o)
                0x00000000000462c8                __sinit_lock_acquire
 .text.__sinit_lock_release
                0x00000000000462cc        0x4 /home/kris/intelFPGA/18.1/nios2eds/bin/gnu/H-x86_64-pc-linux-gnu/bin/../lib/gcc/nios2-elf/5.3.0/../../../../../H-x86_64-pc-linux-gnu/nios2-elf/lib/libc.a(lib_a-findfp.o)
                0x00000000000462cc                __sinit_lock_release
 .text.__fp_lock_all
                0x00000000000462d0       0x18 /home/kris/intelFPGA/18.1/nios2eds/bin/gnu/H-x86_64-pc-linux-gnu/bin/../lib/gcc/nios2-elf/5.3.0/../../../../../H-x86_64-pc-linux-gnu/nios2-elf/lib/libc.a(lib_a-findfp.o)
                0x00000000000462d0                __fp_lock_all
 .text.__fp_unlock_all
                0x00000000000462e8       0x18 /home/kris/intelFPGA/18.1/nios2eds/bin/gnu/H-x86_64-pc-linux-gnu/bin/../lib/gcc/nios2-elf/5.3.0/../../../../../H-x86_64-pc-linux-gnu/nios2-elf/lib/libc.a(lib_a-findfp.o)
                0x00000000000462e8                __fp_unlock_all
 .text          0x0000000000046300        0x0 /home/kris/intelFPGA/18.1/nios2eds/bin/gnu/H-x86_64-pc-linux-gnu/bin/../lib/gcc/nios2-elf/5.3.0/../../../../../H-x86_64-pc-linux-gnu/nios2-elf/lib/libc.a(lib_a-fopen.o)
 .text._fopen_r
                0x0000000000046300       0xf4 /home/kris/intelFPGA/18.1/nios2eds/bin/gnu/H-x86_64-pc-linux-gnu/bin/../lib/gcc/nios2-elf/5.3.0/../../../../../H-x86_64-pc-linux-gnu/nios2-elf/lib/libc.a(lib_a-fopen.o)
                0x0000000000046300                _fopen_r
 .text.fopen    0x00000000000463f4       0x18 /home/kris/intelFPGA/18.1/nios2eds/bin/gnu/H-x86_64-pc-linux-gnu/bin/../lib/gcc/nios2-elf/5.3.0/../../../../../H-x86_64-pc-linux-gnu/nios2-elf/lib/libc.a(lib_a-fopen.o)
                0x00000000000463f4                fopen
 .text          0x000000000004640c        0x0 /home/kris/intelFPGA/18.1/nios2eds/bin/gnu/H-x86_64-pc-linux-gnu/bin/../lib/gcc/nios2-elf/5.3.0/../../../../../H-x86_64-pc-linux-gnu/nios2-elf/lib/libc.a(lib_a-fprintf.o)
 .text._fprintf_r
                0x000000000004640c       0x28 /home/kris/intelFPGA/18.1/nios2eds/bin/gnu/H-x86_64-pc-linux-gnu/bin/../lib/gcc/nios2-elf/5.3.0/../../../../../H-x86_64-pc-linux-gnu/nios2-elf/lib/libc.a(lib_a-fprintf.o)
                0x000000000004640c                _fprintf_r
 .text.fprintf  0x0000000000046434       0x24 /home/kris/intelFPGA/18.1/nios2eds/bin/gnu/H-x86_64-pc-linux-gnu/bin/../lib/gcc/nios2-elf/5.3.0/../../../../../H-x86_64-pc-linux-gnu/nios2-elf/lib/libc.a(lib_a-fprintf.o)
                0x0000000000046434                fprintf
 .text          0x0000000000046458        0x0 /home/kris/intelFPGA/18.1/nios2eds/bin/gnu/H-x86_64-pc-linux-gnu/bin/../lib/gcc/nios2-elf/5.3.0/../../../../../H-x86_64-pc-linux-gnu/nios2-elf/lib/libc.a(lib_a-fputs.o)
 .text._fputs_r
                0x0000000000046458       0x9c /home/kris/intelFPGA/18.1/nios2eds/bin/gnu/H-x86_64-pc-linux-gnu/bin/../lib/gcc/nios2-elf/5.3.0/../../../../../H-x86_64-pc-linux-gnu/nios2-elf/lib/libc.a(lib_a-fputs.o)
                0x0000000000046458                _fputs_r
 .text.fputs    0x00000000000464f4       0x18 /home/kris/intelFPGA/18.1/nios2eds/bin/gnu/H-x86_64-pc-linux-gnu/bin/../lib/gcc/nios2-elf/5.3.0/../../../../../H-x86_64-pc-linux-gnu/nios2-elf/lib/libc.a(lib_a-fputs.o)
                0x00000000000464f4                fputs
 .text          0x000000000004650c        0x0 /home/kris/intelFPGA/18.1/nios2eds/bin/gnu/H-x86_64-pc-linux-gnu/bin/../lib/gcc/nios2-elf/5.3.0/../../../../../H-x86_64-pc-linux-gnu/nios2-elf/lib/libc.a(lib_a-fread.o)
 .text._fread_r
                0x000000000004650c      0x22c /home/kris/intelFPGA/18.1/nios2eds/bin/gnu/H-x86_64-pc-linux-gnu/bin/../lib/gcc/nios2-elf/5.3.0/../../../../../H-x86_64-pc-linux-gnu/nios2-elf/lib/libc.a(lib_a-fread.o)
                0x000000000004650c                _fread_r
 .text.fread    0x0000000000046738       0x34 /home/kris/intelFPGA/18.1/nios2eds/bin/gnu/H-x86_64-pc-linux-gnu/bin/../lib/gcc/nios2-elf/5.3.0/../../../../../H-x86_64-pc-linux-gnu/nios2-elf/lib/libc.a(lib_a-fread.o)
                0x0000000000046738                fread
 .text          0x000000000004676c        0x0 /home/kris/intelFPGA/18.1/nios2eds/bin/gnu/H-x86_64-pc-linux-gnu/bin/../lib/gcc/nios2-elf/5.3.0/../../../../../H-x86_64-pc-linux-gnu/nios2-elf/lib/libc.a(lib_a-freer.o)
 .text._malloc_trim_r
                0x000000000004676c      0x124 /home/kris/intelFPGA/18.1/nios2eds/bin/gnu/H-x86_64-pc-linux-gnu/bin/../lib/gcc/nios2-elf/5.3.0/../../../../../H-x86_64-pc-linux-gnu/nios2-elf/lib/libc.a(lib_a-freer.o)
                0x000000000004676c                _malloc_trim_r
 .text._free_r  0x0000000000046890      0x310 /home/kris/intelFPGA/18.1/nios2eds/bin/gnu/H-x86_64-pc-linux-gnu/bin/../lib/gcc/nios2-elf/5.3.0/../../../../../H-x86_64-pc-linux-gnu/nios2-elf/lib/libc.a(lib_a-freer.o)
                0x0000000000046890                _free_r
 .text          0x0000000000046ba0        0x0 /home/kris/intelFPGA/18.1/nios2eds/bin/gnu/H-x86_64-pc-linux-gnu/bin/../lib/gcc/nios2-elf/5.3.0/../../../../../H-x86_64-pc-linux-gnu/nios2-elf/lib/libc.a(lib_a-freopen.o)
 .text._freopen_r
                0x0000000000046ba0      0x234 /home/kris/intelFPGA/18.1/nios2eds/bin/gnu/H-x86_64-pc-linux-gnu/bin/../lib/gcc/nios2-elf/5.3.0/../../../../../H-x86_64-pc-linux-gnu/nios2-elf/lib/libc.a(lib_a-freopen.o)
                0x0000000000046ba0                _freopen_r
 .text.freopen  0x0000000000046dd4       0x1c /home/kris/intelFPGA/18.1/nios2eds/bin/gnu/H-x86_64-pc-linux-gnu/bin/../lib/gcc/nios2-elf/5.3.0/../../../../../H-x86_64-pc-linux-gnu/nios2-elf/lib/libc.a(lib_a-freopen.o)
                0x0000000000046dd4                freopen
 .text          0x0000000000046df0        0x0 /home/kris/intelFPGA/18.1/nios2eds/bin/gnu/H-x86_64-pc-linux-gnu/bin/../lib/gcc/nios2-elf/5.3.0/../../../../../H-x86_64-pc-linux-gnu/nios2-elf/lib/libc.a(lib_a-fseek.o)
 .text._fseek_r
                0x0000000000046df0        0x4 /home/kris/intelFPGA/18.1/nios2eds/bin/gnu/H-x86_64-pc-linux-gnu/bin/../lib/gcc/nios2-elf/5.3.0/../../../../../H-x86_64-pc-linux-gnu/nios2-elf/lib/libc.a(lib_a-fseek.o)
                0x0000000000046df0                _fseek_r
 .text.fseek    0x0000000000046df4       0x1c /home/kris/intelFPGA/18.1/nios2eds/bin/gnu/H-x86_64-pc-linux-gnu/bin/../lib/gcc/nios2-elf/5.3.0/../../../../../H-x86_64-pc-linux-gnu/nios2-elf/lib/libc.a(lib_a-fseek.o)
                0x0000000000046df4                fseek
 .text          0x0000000000046e10        0x0 /home/kris/intelFPGA/18.1/nios2eds/bin/gnu/H-x86_64-pc-linux-gnu/bin/../lib/gcc/nios2-elf/5.3.0/../../../../../H-x86_64-pc-linux-gnu/nios2-elf/lib/libc.a(lib_a-fseeko.o)
 .text._fseeko_r
                0x0000000000046e10      0x444 /home/kris/intelFPGA/18.1/nios2eds/bin/gnu/H-x86_64-pc-linux-gnu/bin/../lib/gcc/nios2-elf/5.3.0/../../../../../H-x86_64-pc-linux-gnu/nios2-elf/lib/libc.a(lib_a-fseeko.o)
                0x0000000000046e10                _fseeko_r
 .text.fseeko   0x0000000000047254       0x1c /home/kris/intelFPGA/18.1/nios2eds/bin/gnu/H-x86_64-pc-linux-gnu/bin/../lib/gcc/nios2-elf/5.3.0/../../../../../H-x86_64-pc-linux-gnu/nios2-elf/lib/libc.a(lib_a-fseeko.o)
                0x0000000000047254                fseeko
 .text          0x0000000000047270        0x0 /home/kris/intelFPGA/18.1/nios2eds/bin/gnu/H-x86_64-pc-linux-gnu/bin/../lib/gcc/nios2-elf/5.3.0/../../../../../H-x86_64-pc-linux-gnu/nios2-elf/lib/libc.a(lib_a-fstatr.o)
 .text._fstat_r
                0x0000000000047270       0x5c /home/kris/intelFPGA/18.1/nios2eds/bin/gnu/H-x86_64-pc-linux-gnu/bin/../lib/gcc/nios2-elf/5.3.0/../../../../../H-x86_64-pc-linux-gnu/nios2-elf/lib/libc.a(lib_a-fstatr.o)
                0x0000000000047270                _fstat_r
 .text          0x00000000000472cc        0x0 /home/kris/intelFPGA/18.1/nios2eds/bin/gnu/H-x86_64-pc-linux-gnu/bin/../lib/gcc/nios2-elf/5.3.0/../../../../../H-x86_64-pc-linux-gnu/nios2-elf/lib/libc.a(lib_a-ftell.o)
 .text._ftell_r
                0x00000000000472cc        0x4 /home/kris/intelFPGA/18.1/nios2eds/bin/gnu/H-x86_64-pc-linux-gnu/bin/../lib/gcc/nios2-elf/5.3.0/../../../../../H-x86_64-pc-linux-gnu/nios2-elf/lib/libc.a(lib_a-ftell.o)
                0x00000000000472cc                _ftell_r
 .text.ftell    0x00000000000472d0       0x14 /home/kris/intelFPGA/18.1/nios2eds/bin/gnu/H-x86_64-pc-linux-gnu/bin/../lib/gcc/nios2-elf/5.3.0/../../../../../H-x86_64-pc-linux-gnu/nios2-elf/lib/libc.a(lib_a-ftell.o)
                0x00000000000472d0                ftell
 .text          0x00000000000472e4        0x0 /home/kris/intelFPGA/18.1/nios2eds/bin/gnu/H-x86_64-pc-linux-gnu/bin/../lib/gcc/nios2-elf/5.3.0/../../../../../H-x86_64-pc-linux-gnu/nios2-elf/lib/libc.a(lib_a-ftello.o)
 .text._ftello_r
                0x00000000000472e4       0xec /home/kris/intelFPGA/18.1/nios2eds/bin/gnu/H-x86_64-pc-linux-gnu/bin/../lib/gcc/nios2-elf/5.3.0/../../../../../H-x86_64-pc-linux-gnu/nios2-elf/lib/libc.a(lib_a-ftello.o)
                0x00000000000472e4                _ftello_r
 .text.ftello   0x00000000000473d0       0x14 /home/kris/intelFPGA/18.1/nios2eds/bin/gnu/H-x86_64-pc-linux-gnu/bin/../lib/gcc/nios2-elf/5.3.0/../../../../../H-x86_64-pc-linux-gnu/nios2-elf/lib/libc.a(lib_a-ftello.o)
                0x00000000000473d0                ftello
 .text          0x00000000000473e4        0x0 /home/kris/intelFPGA/18.1/nios2eds/bin/gnu/H-x86_64-pc-linux-gnu/bin/../lib/gcc/nios2-elf/5.3.0/../../../../../H-x86_64-pc-linux-gnu/nios2-elf/lib/libc.a(lib_a-fvwrite.o)
 .text.__sfvwrite_r
                0x00000000000473e4      0x4bc /home/kris/intelFPGA/18.1/nios2eds/bin/gnu/H-x86_64-pc-linux-gnu/bin/../lib/gcc/nios2-elf/5.3.0/../../../../../H-x86_64-pc-linux-gnu/nios2-elf/lib/libc.a(lib_a-fvwrite.o)
                0x00000000000473e4                __sfvwrite_r
 .text          0x00000000000478a0        0x0 /home/kris/intelFPGA/18.1/nios2eds/bin/gnu/H-x86_64-pc-linux-gnu/bin/../lib/gcc/nios2-elf/5.3.0/../../../../../H-x86_64-pc-linux-gnu/nios2-elf/lib/libc.a(lib_a-fwalk.o)
 .text._fwalk   0x00000000000478a0       0xc4 /home/kris/intelFPGA/18.1/nios2eds/bin/gnu/H-x86_64-pc-linux-gnu/bin/../lib/gcc/nios2-elf/5.3.0/../../../../../H-x86_64-pc-linux-gnu/nios2-elf/lib/libc.a(lib_a-fwalk.o)
                0x00000000000478a0                _fwalk
 .text._fwalk_reent
                0x0000000000047964       0xc4 /home/kris/intelFPGA/18.1/nios2eds/bin/gnu/H-x86_64-pc-linux-gnu/bin/../lib/gcc/nios2-elf/5.3.0/../../../../../H-x86_64-pc-linux-gnu/nios2-elf/lib/libc.a(lib_a-fwalk.o)
                0x0000000000047964                _fwalk_reent
 .text          0x0000000000047a28        0x0 /home/kris/intelFPGA/18.1/nios2eds/bin/gnu/H-x86_64-pc-linux-gnu/bin/../lib/gcc/nios2-elf/5.3.0/../../../../../H-x86_64-pc-linux-gnu/nios2-elf/lib/libc.a(lib_a-fwrite.o)
 .text._fwrite_r
                0x0000000000047a28       0xcc /home/kris/intelFPGA/18.1/nios2eds/bin/gnu/H-x86_64-pc-linux-gnu/bin/../lib/gcc/nios2-elf/5.3.0/../../../../../H-x86_64-pc-linux-gnu/nios2-elf/lib/libc.a(lib_a-fwrite.o)
                0x0000000000047a28                _fwrite_r
 .text.fwrite   0x0000000000047af4       0x34 /home/kris/intelFPGA/18.1/nios2eds/bin/gnu/H-x86_64-pc-linux-gnu/bin/../lib/gcc/nios2-elf/5.3.0/../../../../../H-x86_64-pc-linux-gnu/nios2-elf/lib/libc.a(lib_a-fwrite.o)
                0x0000000000047af4                fwrite
 .text          0x0000000000047b28        0x0 /home/kris/intelFPGA/18.1/nios2eds/bin/gnu/H-x86_64-pc-linux-gnu/bin/../lib/gcc/nios2-elf/5.3.0/../../../../../H-x86_64-pc-linux-gnu/nios2-elf/lib/libc.a(lib_a-getc.o)
 .text._getc_r  0x0000000000047b28       0x70 /home/kris/intelFPGA/18.1/nios2eds/bin/gnu/H-x86_64-pc-linux-gnu/bin/../lib/gcc/nios2-elf/5.3.0/../../../../../H-x86_64-pc-linux-gnu/nios2-elf/lib/libc.a(lib_a-getc.o)
                0x0000000000047b28                _getc_r
 .text.getc     0x0000000000047b98       0x88 /home/kris/intelFPGA/18.1/nios2eds/bin/gnu/H-x86_64-pc-linux-gnu/bin/../lib/gcc/nios2-elf/5.3.0/../../../../../H-x86_64-pc-linux-gnu/nios2-elf/lib/libc.a(lib_a-getc.o)
                0x0000000000047b98                getc
 .text          0x0000000000047c20        0x0 /home/kris/intelFPGA/18.1/nios2eds/bin/gnu/H-x86_64-pc-linux-gnu/bin/../lib/gcc/nios2-elf/5.3.0/../../../../../H-x86_64-pc-linux-gnu/nios2-elf/lib/libc.a(lib_a-getenv.o)
 .text._findenv
                0x0000000000047c20       0x18 /home/kris/intelFPGA/18.1/nios2eds/bin/gnu/H-x86_64-pc-linux-gnu/bin/../lib/gcc/nios2-elf/5.3.0/../../../../../H-x86_64-pc-linux-gnu/nios2-elf/lib/libc.a(lib_a-getenv.o)
                0x0000000000047c20                _findenv
 .text.getenv   0x0000000000047c38       0x2c /home/kris/intelFPGA/18.1/nios2eds/bin/gnu/H-x86_64-pc-linux-gnu/bin/../lib/gcc/nios2-elf/5.3.0/../../../../../H-x86_64-pc-linux-gnu/nios2-elf/lib/libc.a(lib_a-getenv.o)
                0x0000000000047c38                getenv
 .text          0x0000000000047c64        0x0 /home/kris/intelFPGA/18.1/nios2eds/bin/gnu/H-x86_64-pc-linux-gnu/bin/../lib/gcc/nios2-elf/5.3.0/../../../../../H-x86_64-pc-linux-gnu/nios2-elf/lib/libc.a(lib_a-getenv_r.o)
 .text._findenv_r
                0x0000000000047c64      0x104 /home/kris/intelFPGA/18.1/nios2eds/bin/gnu/H-x86_64-pc-linux-gnu/bin/../lib/gcc/nios2-elf/5.3.0/../../../../../H-x86_64-pc-linux-gnu/nios2-elf/lib/libc.a(lib_a-getenv_r.o)
                0x0000000000047c64                _findenv_r
 .text._getenv_r
                0x0000000000047d68       0x1c /home/kris/intelFPGA/18.1/nios2eds/bin/gnu/H-x86_64-pc-linux-gnu/bin/../lib/gcc/nios2-elf/5.3.0/../../../../../H-x86_64-pc-linux-gnu/nios2-elf/lib/libc.a(lib_a-getenv_r.o)
                0x0000000000047d68                _getenv_r
 .text          0x0000000000047d84        0x0 /home/kris/intelFPGA/18.1/nios2eds/bin/gnu/H-x86_64-pc-linux-gnu/bin/../lib/gcc/nios2-elf/5.3.0/../../../../../H-x86_64-pc-linux-gnu/nios2-elf/lib/libc.a(lib_a-gmtime.o)
 .text.gmtime   0x0000000000047d84       0x14 /home/kris/intelFPGA/18.1/nios2eds/bin/gnu/H-x86_64-pc-linux-gnu/bin/../lib/gcc/nios2-elf/5.3.0/../../../../../H-x86_64-pc-linux-gnu/nios2-elf/lib/libc.a(lib_a-gmtime.o)
                0x0000000000047d84                gmtime
 .text          0x0000000000047d98        0x0 /home/kris/intelFPGA/18.1/nios2eds/bin/gnu/H-x86_64-pc-linux-gnu/bin/../lib/gcc/nios2-elf/5.3.0/../../../../../H-x86_64-pc-linux-gnu/nios2-elf/lib/libc.a(lib_a-gmtime_r.o)
 .text.gmtime_r
                0x0000000000047d98      0x20c /home/kris/intelFPGA/18.1/nios2eds/bin/gnu/H-x86_64-pc-linux-gnu/bin/../lib/gcc/nios2-elf/5.3.0/../../../../../H-x86_64-pc-linux-gnu/nios2-elf/lib/libc.a(lib_a-gmtime_r.o)
                0x0000000000047d98                gmtime_r
 .text          0x0000000000047fa4        0x0 /home/kris/intelFPGA/18.1/nios2eds/bin/gnu/H-x86_64-pc-linux-gnu/bin/../lib/gcc/nios2-elf/5.3.0/../../../../../H-x86_64-pc-linux-gnu/nios2-elf/lib/libc.a(lib_a-impure.o)
 .text          0x0000000000047fa4        0x0 /home/kris/intelFPGA/18.1/nios2eds/bin/gnu/H-x86_64-pc-linux-gnu/bin/../lib/gcc/nios2-elf/5.3.0/../../../../../H-x86_64-pc-linux-gnu/nios2-elf/lib/libc.a(lib_a-int_errno.o)
 .text          0x0000000000047fa4        0x0 /home/kris/intelFPGA/18.1/nios2eds/bin/gnu/H-x86_64-pc-linux-gnu/bin/../lib/gcc/nios2-elf/5.3.0/../../../../../H-x86_64-pc-linux-gnu/nios2-elf/lib/libc.a(lib_a-lcltime.o)
 .text.localtime
                0x0000000000047fa4       0x14 /home/kris/intelFPGA/18.1/nios2eds/bin/gnu/H-x86_64-pc-linux-gnu/bin/../lib/gcc/nios2-elf/5.3.0/../../../../../H-x86_64-pc-linux-gnu/nios2-elf/lib/libc.a(lib_a-lcltime.o)
                0x0000000000047fa4                localtime
 .text          0x0000000000047fb8        0x0 /home/kris/intelFPGA/18.1/nios2eds/bin/gnu/H-x86_64-pc-linux-gnu/bin/../lib/gcc/nios2-elf/5.3.0/../../../../../H-x86_64-pc-linux-gnu/nios2-elf/lib/libc.a(lib_a-lcltime_r.o)
 .text.localtime_r
                0x0000000000047fb8      0x340 /home/kris/intelFPGA/18.1/nios2eds/bin/gnu/H-x86_64-pc-linux-gnu/bin/../lib/gcc/nios2-elf/5.3.0/../../../../../H-x86_64-pc-linux-gnu/nios2-elf/lib/libc.a(lib_a-lcltime_r.o)
                0x0000000000047fb8                localtime_r
 .text          0x00000000000482f8        0x0 /home/kris/intelFPGA/18.1/nios2eds/bin/gnu/H-x86_64-pc-linux-gnu/bin/../lib/gcc/nios2-elf/5.3.0/../../../../../H-x86_64-pc-linux-gnu/nios2-elf/lib/libc.a(lib_a-locale.o)
 .text._setlocale_r
                0x00000000000482f8       0x7c /home/kris/intelFPGA/18.1/nios2eds/bin/gnu/H-x86_64-pc-linux-gnu/bin/../lib/gcc/nios2-elf/5.3.0/../../../../../H-x86_64-pc-linux-gnu/nios2-elf/lib/libc.a(lib_a-locale.o)
                0x00000000000482f8                _setlocale_r
 .text.__locale_charset
                0x0000000000048374        0xc /home/kris/intelFPGA/18.1/nios2eds/bin/gnu/H-x86_64-pc-linux-gnu/bin/../lib/gcc/nios2-elf/5.3.0/../../../../../H-x86_64-pc-linux-gnu/nios2-elf/lib/libc.a(lib_a-locale.o)
                0x0000000000048374                __locale_charset
 .text.__locale_mb_cur_max
                0x0000000000048380       0x10 /home/kris/intelFPGA/18.1/nios2eds/bin/gnu/H-x86_64-pc-linux-gnu/bin/../lib/gcc/nios2-elf/5.3.0/../../../../../H-x86_64-pc-linux-gnu/nios2-elf/lib/libc.a(lib_a-locale.o)
                0x0000000000048380                __locale_mb_cur_max
 .text.__locale_msgcharset
                0x0000000000048390        0xc /home/kris/intelFPGA/18.1/nios2eds/bin/gnu/H-x86_64-pc-linux-gnu/bin/../lib/gcc/nios2-elf/5.3.0/../../../../../H-x86_64-pc-linux-gnu/nios2-elf/lib/libc.a(lib_a-locale.o)
                0x0000000000048390                __locale_msgcharset
 .text.__locale_cjk_lang
                0x000000000004839c        0x8 /home/kris/intelFPGA/18.1/nios2eds/bin/gnu/H-x86_64-pc-linux-gnu/bin/../lib/gcc/nios2-elf/5.3.0/../../../../../H-x86_64-pc-linux-gnu/nios2-elf/lib/libc.a(lib_a-locale.o)
                0x000000000004839c                __locale_cjk_lang
 .text._localeconv_r
                0x00000000000483a4        0xc /home/kris/intelFPGA/18.1/nios2eds/bin/gnu/H-x86_64-pc-linux-gnu/bin/../lib/gcc/nios2-elf/5.3.0/../../../../../H-x86_64-pc-linux-gnu/nios2-elf/lib/libc.a(lib_a-locale.o)
                0x00000000000483a4                _localeconv_r
 .text.setlocale
                0x00000000000483b0       0x18 /home/kris/intelFPGA/18.1/nios2eds/bin/gnu/H-x86_64-pc-linux-gnu/bin/../lib/gcc/nios2-elf/5.3.0/../../../../../H-x86_64-pc-linux-gnu/nios2-elf/lib/libc.a(lib_a-locale.o)
                0x00000000000483b0                setlocale
 .text.localeconv
                0x00000000000483c8        0xc /home/kris/intelFPGA/18.1/nios2eds/bin/gnu/H-x86_64-pc-linux-gnu/bin/../lib/gcc/nios2-elf/5.3.0/../../../../../H-x86_64-pc-linux-gnu/nios2-elf/lib/libc.a(lib_a-locale.o)
                0x00000000000483c8                localeconv
 .text          0x00000000000483d4        0x0 /home/kris/intelFPGA/18.1/nios2eds/bin/gnu/H-x86_64-pc-linux-gnu/bin/../lib/gcc/nios2-elf/5.3.0/../../../../../H-x86_64-pc-linux-gnu/nios2-elf/lib/libc.a(lib_a-makebuf.o)
 .text.__smakebuf_r
                0x00000000000483d4      0x1bc /home/kris/intelFPGA/18.1/nios2eds/bin/gnu/H-x86_64-pc-linux-gnu/bin/../lib/gcc/nios2-elf/5.3.0/../../../../../H-x86_64-pc-linux-gnu/nios2-elf/lib/libc.a(lib_a-makebuf.o)
                0x00000000000483d4                __smakebuf_r
 .text          0x0000000000048590        0x0 /home/kris/intelFPGA/18.1/nios2eds/bin/gnu/H-x86_64-pc-linux-gnu/bin/../lib/gcc/nios2-elf/5.3.0/../../../../../H-x86_64-pc-linux-gnu/nios2-elf/lib/libc.a(lib_a-malloc.o)
 .text.malloc   0x0000000000048590       0x14 /home/kris/intelFPGA/18.1/nios2eds/bin/gnu/H-x86_64-pc-linux-gnu/bin/../lib/gcc/nios2-elf/5.3.0/../../../../../H-x86_64-pc-linux-gnu/nios2-elf/lib/libc.a(lib_a-malloc.o)
                0x0000000000048590                malloc
 .text.free     0x00000000000485a4       0x14 /home/kris/intelFPGA/18.1/nios2eds/bin/gnu/H-x86_64-pc-linux-gnu/bin/../lib/gcc/nios2-elf/5.3.0/../../../../../H-x86_64-pc-linux-gnu/nios2-elf/lib/libc.a(lib_a-malloc.o)
                0x00000000000485a4                free
 .text          0x00000000000485b8        0x0 /home/kris/intelFPGA/18.1/nios2eds/bin/gnu/H-x86_64-pc-linux-gnu/bin/../lib/gcc/nios2-elf/5.3.0/../../../../../H-x86_64-pc-linux-gnu/nios2-elf/lib/libc.a(lib_a-mallocr.o)
 .text._malloc_r
                0x00000000000485b8      0x80c /home/kris/intelFPGA/18.1/nios2eds/bin/gnu/H-x86_64-pc-linux-gnu/bin/../lib/gcc/nios2-elf/5.3.0/../../../../../H-x86_64-pc-linux-gnu/nios2-elf/lib/libc.a(lib_a-mallocr.o)
                0x00000000000485b8                _malloc_r
 .text          0x0000000000048dc4        0x0 /home/kris/intelFPGA/18.1/nios2eds/bin/gnu/H-x86_64-pc-linux-gnu/bin/../lib/gcc/nios2-elf/5.3.0/../../../../../H-x86_64-pc-linux-gnu/nios2-elf/lib/libc.a(lib_a-memchr.o)
 .text.memchr   0x0000000000048dc4       0xe4 /home/kris/intelFPGA/18.1/nios2eds/bin/gnu/H-x86_64-pc-linux-gnu/bin/../lib/gcc/nios2-elf/5.3.0/../../../../../H-x86_64-pc-linux-gnu/nios2-elf/lib/libc.a(lib_a-memchr.o)
                0x0000000000048dc4                memchr
 .text          0x0000000000048ea8        0x0 /home/kris/intelFPGA/18.1/nios2eds/bin/gnu/H-x86_64-pc-linux-gnu/bin/../lib/gcc/nios2-elf/5.3.0/../../../../../H-x86_64-pc-linux-gnu/nios2-elf/lib/libc.a(lib_a-memcmp.o)
 .text.memcmp   0x0000000000048ea8       0x7c /home/kris/intelFPGA/18.1/nios2eds/bin/gnu/H-x86_64-pc-linux-gnu/bin/../lib/gcc/nios2-elf/5.3.0/../../../../../H-x86_64-pc-linux-gnu/nios2-elf/lib/libc.a(lib_a-memcmp.o)
                0x0000000000048ea8                memcmp
 .text          0x0000000000048f24        0x0 /home/kris/intelFPGA/18.1/nios2eds/bin/gnu/H-x86_64-pc-linux-gnu/bin/../lib/gcc/nios2-elf/5.3.0/../../../../../H-x86_64-pc-linux-gnu/nios2-elf/lib/libc.a(lib_a-memcpy.o)
 .text.memcpy   0x0000000000048f24      0x148 /home/kris/intelFPGA/18.1/nios2eds/bin/gnu/H-x86_64-pc-linux-gnu/bin/../lib/gcc/nios2-elf/5.3.0/../../../../../H-x86_64-pc-linux-gnu/nios2-elf/lib/libc.a(lib_a-memcpy.o)
                0x0000000000048f24                memcpy
 .text          0x000000000004906c        0x0 /home/kris/intelFPGA/18.1/nios2eds/bin/gnu/H-x86_64-pc-linux-gnu/bin/../lib/gcc/nios2-elf/5.3.0/../../../../../H-x86_64-pc-linux-gnu/nios2-elf/lib/libc.a(lib_a-memmove.o)
 .text.memmove  0x000000000004906c      0x15c /home/kris/intelFPGA/18.1/nios2eds/bin/gnu/H-x86_64-pc-linux-gnu/bin/../lib/gcc/nios2-elf/5.3.0/../../../../../H-x86_64-pc-linux-gnu/nios2-elf/lib/libc.a(lib_a-memmove.o)
                0x000000000004906c                memmove
 .text          0x00000000000491c8        0x0 /home/kris/intelFPGA/18.1/nios2eds/bin/gnu/H-x86_64-pc-linux-gnu/bin/../lib/gcc/nios2-elf/5.3.0/../../../../../H-x86_64-pc-linux-gnu/nios2-elf/lib/libc.a(lib_a-memset.o)
 .text.memset   0x00000000000491c8      0x128 /home/kris/intelFPGA/18.1/nios2eds/bin/gnu/H-x86_64-pc-linux-gnu/bin/../lib/gcc/nios2-elf/5.3.0/../../../../../H-x86_64-pc-linux-gnu/nios2-elf/lib/libc.a(lib_a-memset.o)
                0x00000000000491c8                memset
 .text          0x00000000000492f0        0x0 /home/kris/intelFPGA/18.1/nios2eds/bin/gnu/H-x86_64-pc-linux-gnu/bin/../lib/gcc/nios2-elf/5.3.0/../../../../../H-x86_64-pc-linux-gnu/nios2-elf/lib/libc.a(lib_a-mktime.o)
 .text.validate_structure
                0x00000000000492f0      0x2f8 /home/kris/intelFPGA/18.1/nios2eds/bin/gnu/H-x86_64-pc-linux-gnu/bin/../lib/gcc/nios2-elf/5.3.0/../../../../../H-x86_64-pc-linux-gnu/nios2-elf/lib/libc.a(lib_a-mktime.o)
 .text.mktime   0x00000000000495e8      0x440 /home/kris/intelFPGA/18.1/nios2eds/bin/gnu/H-x86_64-pc-linux-gnu/bin/../lib/gcc/nios2-elf/5.3.0/../../../../../H-x86_64-pc-linux-gnu/nios2-elf/lib/libc.a(lib_a-mktime.o)
                0x00000000000495e8                mktime
 .text          0x0000000000049a28        0x0 /home/kris/intelFPGA/18.1/nios2eds/bin/gnu/H-x86_64-pc-linux-gnu/bin/../lib/gcc/nios2-elf/5.3.0/../../../../../H-x86_64-pc-linux-gnu/nios2-elf/lib/libc.a(lib_a-month_lengths.o)
 .text          0x0000000000049a28        0x0 /home/kris/intelFPGA/18.1/nios2eds/bin/gnu/H-x86_64-pc-linux-gnu/bin/../lib/gcc/nios2-elf/5.3.0/../../../../../H-x86_64-pc-linux-gnu/nios2-elf/lib/libc.a(lib_a-openr.o)
 .text._open_r  0x0000000000049a28       0x60 /home/kris/intelFPGA/18.1/nios2eds/bin/gnu/H-x86_64-pc-linux-gnu/bin/../lib/gcc/nios2-elf/5.3.0/../../../../../H-x86_64-pc-linux-gnu/nios2-elf/lib/libc.a(lib_a-openr.o)
                0x0000000000049a28                _open_r
 .text          0x0000000000049a88        0x0 /home/kris/intelFPGA/18.1/nios2eds/bin/gnu/H-x86_64-pc-linux-gnu/bin/../lib/gcc/nios2-elf/5.3.0/../../../../../H-x86_64-pc-linux-gnu/nios2-elf/lib/libc.a(lib_a-rand.o)
 .text.srand    0x0000000000049a88       0x18 /home/kris/intelFPGA/18.1/nios2eds/bin/gnu/H-x86_64-pc-linux-gnu/bin/../lib/gcc/nios2-elf/5.3.0/../../../../../H-x86_64-pc-linux-gnu/nios2-elf/lib/libc.a(lib_a-rand.o)
                0x0000000000049a88                srand
 .text.rand     0x0000000000049aa0       0x64 /home/kris/intelFPGA/18.1/nios2eds/bin/gnu/H-x86_64-pc-linux-gnu/bin/../lib/gcc/nios2-elf/5.3.0/../../../../../H-x86_64-pc-linux-gnu/nios2-elf/lib/libc.a(lib_a-rand.o)
                0x0000000000049aa0                rand
 .text          0x0000000000049b04        0x0 /home/kris/intelFPGA/18.1/nios2eds/bin/gnu/H-x86_64-pc-linux-gnu/bin/../lib/gcc/nios2-elf/5.3.0/../../../../../H-x86_64-pc-linux-gnu/nios2-elf/lib/libc.a(lib_a-realloc.o)
 .text.realloc  0x0000000000049b04       0x18 /home/kris/intelFPGA/18.1/nios2eds/bin/gnu/H-x86_64-pc-linux-gnu/bin/../lib/gcc/nios2-elf/5.3.0/../../../../../H-x86_64-pc-linux-gnu/nios2-elf/lib/libc.a(lib_a-realloc.o)
                0x0000000000049b04                realloc
 .text          0x0000000000049b1c        0x0 /home/kris/intelFPGA/18.1/nios2eds/bin/gnu/H-x86_64-pc-linux-gnu/bin/../lib/gcc/nios2-elf/5.3.0/../../../../../H-x86_64-pc-linux-gnu/nios2-elf/lib/libc.a(lib_a-reallocr.o)
 .text._realloc_r
                0x0000000000049b1c      0x564 /home/kris/intelFPGA/18.1/nios2eds/bin/gnu/H-x86_64-pc-linux-gnu/bin/../lib/gcc/nios2-elf/5.3.0/../../../../../H-x86_64-pc-linux-gnu/nios2-elf/lib/libc.a(lib_a-reallocr.o)
                0x0000000000049b1c                _realloc_r
 .text          0x000000000004a080        0x0 /home/kris/intelFPGA/18.1/nios2eds/bin/gnu/H-x86_64-pc-linux-gnu/bin/../lib/gcc/nios2-elf/5.3.0/../../../../../H-x86_64-pc-linux-gnu/nios2-elf/lib/libc.a(lib_a-refill.o)
 .text.lflush   0x000000000004a080       0x1c /home/kris/intelFPGA/18.1/nios2eds/bin/gnu/H-x86_64-pc-linux-gnu/bin/../lib/gcc/nios2-elf/5.3.0/../../../../../H-x86_64-pc-linux-gnu/nios2-elf/lib/libc.a(lib_a-refill.o)
 .text.__srefill_r
                0x000000000004a09c      0x1d4 /home/kris/intelFPGA/18.1/nios2eds/bin/gnu/H-x86_64-pc-linux-gnu/bin/../lib/gcc/nios2-elf/5.3.0/../../../../../H-x86_64-pc-linux-gnu/nios2-elf/lib/libc.a(lib_a-refill.o)
                0x000000000004a09c                __srefill_r
 .text          0x000000000004a270        0x0 /home/kris/intelFPGA/18.1/nios2eds/bin/gnu/H-x86_64-pc-linux-gnu/bin/../lib/gcc/nios2-elf/5.3.0/../../../../../H-x86_64-pc-linux-gnu/nios2-elf/lib/libc.a(lib_a-remove.o)
 .text._remove_r
                0x000000000004a270       0x20 /home/kris/intelFPGA/18.1/nios2eds/bin/gnu/H-x86_64-pc-linux-gnu/bin/../lib/gcc/nios2-elf/5.3.0/../../../../../H-x86_64-pc-linux-gnu/nios2-elf/lib/libc.a(lib_a-remove.o)
                0x000000000004a270                _remove_r
 .text.remove   0x000000000004a290       0x30 /home/kris/intelFPGA/18.1/nios2eds/bin/gnu/H-x86_64-pc-linux-gnu/bin/../lib/gcc/nios2-elf/5.3.0/../../../../../H-x86_64-pc-linux-gnu/nios2-elf/lib/libc.a(lib_a-remove.o)
                0x000000000004a290                remove
 .text          0x000000000004a2c0        0x0 /home/kris/intelFPGA/18.1/nios2eds/bin/gnu/H-x86_64-pc-linux-gnu/bin/../lib/gcc/nios2-elf/5.3.0/../../../../../H-x86_64-pc-linux-gnu/nios2-elf/lib/libc.a(lib_a-rename.o)
 .text.rename   0x000000000004a2c0       0x18 /home/kris/intelFPGA/18.1/nios2eds/bin/gnu/H-x86_64-pc-linux-gnu/bin/../lib/gcc/nios2-elf/5.3.0/../../../../../H-x86_64-pc-linux-gnu/nios2-elf/lib/libc.a(lib_a-rename.o)
                0x000000000004a2c0                rename
 .text          0x000000000004a2d8        0x0 /home/kris/intelFPGA/18.1/nios2eds/bin/gnu/H-x86_64-pc-linux-gnu/bin/../lib/gcc/nios2-elf/5.3.0/../../../../../H-x86_64-pc-linux-gnu/nios2-elf/lib/libc.a(lib_a-renamer.o)
 .text._rename_r
                0x000000000004a2d8       0x5c /home/kris/intelFPGA/18.1/nios2eds/bin/gnu/H-x86_64-pc-linux-gnu/bin/../lib/gcc/nios2-elf/5.3.0/../../../../../H-x86_64-pc-linux-gnu/nios2-elf/lib/libc.a(lib_a-renamer.o)
                0x000000000004a2d8                _rename_r
 .text          0x000000000004a334        0x0 /home/kris/intelFPGA/18.1/nios2eds/bin/gnu/H-x86_64-pc-linux-gnu/bin/../lib/gcc/nios2-elf/5.3.0/../../../../../H-x86_64-pc-linux-gnu/nios2-elf/lib/libc.a(lib_a-rget.o)
 .text.__srget_r
                0x000000000004a334       0x74 /home/kris/intelFPGA/18.1/nios2eds/bin/gnu/H-x86_64-pc-linux-gnu/bin/../lib/gcc/nios2-elf/5.3.0/../../../../../H-x86_64-pc-linux-gnu/nios2-elf/lib/libc.a(lib_a-rget.o)
                0x000000000004a334                __srget_r
 .text.__srget  0x000000000004a3a8       0x14 /home/kris/intelFPGA/18.1/nios2eds/bin/gnu/H-x86_64-pc-linux-gnu/bin/../lib/gcc/nios2-elf/5.3.0/../../../../../H-x86_64-pc-linux-gnu/nios2-elf/lib/libc.a(lib_a-rget.o)
                0x000000000004a3a8                __srget
 .text          0x000000000004a3bc        0x0 /home/kris/intelFPGA/18.1/nios2eds/bin/gnu/H-x86_64-pc-linux-gnu/bin/../lib/gcc/nios2-elf/5.3.0/../../../../../H-x86_64-pc-linux-gnu/nios2-elf/lib/libc.a(lib_a-sbrkr.o)
 .text._sbrk_r  0x000000000004a3bc       0x54 /home/kris/intelFPGA/18.1/nios2eds/bin/gnu/H-x86_64-pc-linux-gnu/bin/../lib/gcc/nios2-elf/5.3.0/../../../../../H-x86_64-pc-linux-gnu/nios2-elf/lib/libc.a(lib_a-sbrkr.o)
                0x000000000004a3bc                _sbrk_r
 .text          0x000000000004a410       0x78 /home/kris/intelFPGA/18.1/nios2eds/bin/gnu/H-x86_64-pc-linux-gnu/bin/../lib/gcc/nios2-elf/5.3.0/../../../../../H-x86_64-pc-linux-gnu/nios2-elf/lib/libc.a(lib_a-setjmp.o)
                0x000000000004a410                setjmp
                0x000000000004a448                longjmp
 .text          0x000000000004a488        0x0 /home/kris/intelFPGA/18.1/nios2eds/bin/gnu/H-x86_64-pc-linux-gnu/bin/../lib/gcc/nios2-elf/5.3.0/../../../../../H-x86_64-pc-linux-gnu/nios2-elf/lib/libc.a(lib_a-setvbuf.o)
 .text.setvbuf  0x000000000004a488      0x1bc /home/kris/intelFPGA/18.1/nios2eds/bin/gnu/H-x86_64-pc-linux-gnu/bin/../lib/gcc/nios2-elf/5.3.0/../../../../../H-x86_64-pc-linux-gnu/nios2-elf/lib/libc.a(lib_a-setvbuf.o)
                0x000000000004a488                setvbuf
 .text          0x000000000004a644        0x0 /home/kris/intelFPGA/18.1/nios2eds/bin/gnu/H-x86_64-pc-linux-gnu/bin/../lib/gcc/nios2-elf/5.3.0/../../../../../H-x86_64-pc-linux-gnu/nios2-elf/lib/libc.a(lib_a-signal.o)
 .text._init_signal_r
                0x000000000004a644       0x6c /home/kris/intelFPGA/18.1/nios2eds/bin/gnu/H-x86_64-pc-linux-gnu/bin/../lib/gcc/nios2-elf/5.3.0/../../../../../H-x86_64-pc-linux-gnu/nios2-elf/lib/libc.a(lib_a-signal.o)
                0x000000000004a644                _init_signal_r
 .text._signal_r
                0x000000000004a6b0       0x84 /home/kris/intelFPGA/18.1/nios2eds/bin/gnu/H-x86_64-pc-linux-gnu/bin/../lib/gcc/nios2-elf/5.3.0/../../../../../H-x86_64-pc-linux-gnu/nios2-elf/lib/libc.a(lib_a-signal.o)
                0x000000000004a6b0                _signal_r
 .text._raise_r