Archive member included to satisfy reference by file (symbol)

/home/kris/intelFPGA/18.1/nios2eds/bin/gnu/H-x86_64-pc-linux-gnu/bin/../lib/gcc/nios2-elf/5.3.0/../../../../../H-x86_64-pc-linux-gnu/nios2-elf/lib/libm.a(lib_a-s_ceil.o)
                              obj/default/lua/lmathlib.o (ceil)
/home/kris/intelFPGA/18.1/nios2eds/bin/gnu/H-x86_64-pc-linux-gnu/bin/../lib/gcc/nios2-elf/5.3.0/../../../../../H-x86_64-pc-linux-gnu/nios2-elf/lib/libm.a(lib_a-s_cos.o)
                              obj/default/lua/lmathlib.o (cos)
/home/kris/intelFPGA/18.1/nios2eds/bin/gnu/H-x86_64-pc-linux-gnu/bin/../lib/gcc/nios2-elf/5.3.0/../../../../../H-x86_64-pc-linux-gnu/nios2-elf/lib/libm.a(lib_a-s_floor.o)
                              obj/default/lua/lmathlib.o (floor)
/home/kris/intelFPGA/18.1/nios2eds/bin/gnu/H-x86_64-pc-linux-gnu/bin/../lib/gcc/nios2-elf/5.3.0/../../../../../H-x86_64-pc-linux-gnu/nios2-elf/lib/libm.a(lib_a-s_frexp.o)
                              obj/default/lua/ltable.o (frexp)
/home/kris/intelFPGA/18.1/nios2eds/bin/gnu/H-x86_64-pc-linux-gnu/bin/../lib/gcc/nios2-elf/5.3.0/../../../../../H-x86_64-pc-linux-gnu/nios2-elf/lib/libm.a(lib_a-s_sin.o)
                              obj/default/lua/lmathlib.o (sin)
/home/kris/intelFPGA/18.1/nios2eds/bin/gnu/H-x86_64-pc-linux-gnu/bin/../lib/gcc/nios2-elf/5.3.0/../../../../../H-x86_64-pc-linux-gnu/nios2-elf/lib/libm.a(lib_a-s_tan.o)
                              obj/default/lua/lmathlib.o (tan)
/home/kris/intelFPGA/18.1/nios2eds/bin/gnu/H-x86_64-pc-linux-gnu/bin/../lib/gcc/nios2-elf/5.3.0/../../../../../H-x86_64-pc-linux-gnu/nios2-elf/lib/libm.a(lib_a-w_acos.o)
                              obj/default/lua/lmathlib.o (acos)
/home/kris/intelFPGA/18.1/nios2eds/bin/gnu/H-x86_64-pc-linux-gnu/bin/../lib/gcc/nios2-elf/5.3.0/../../../../../H-x86_64-pc-linux-gnu/nios2-elf/lib/libm.a(lib_a-w_asin.o)
                              obj/default/lua/lmathlib.o (asin)
/home/kris/intelFPGA/18.1/nios2eds/bin/gnu/H-x86_64-pc-linux-gnu/bin/../lib/gcc/nios2-elf/5.3.0/../../../../../H-x86_64-pc-linux-gnu/nios2-elf/lib/libm.a(lib_a-w_atan2.o)
                              obj/default/lua/lmathlib.o (atan2)
/home/kris/intelFPGA/18.1/nios2eds/bin/gnu/H-x86_64-pc-linux-gnu/bin/../lib/gcc/nios2-elf/5.3.0/../../../../../H-x86_64-pc-linux-gnu/nios2-elf/lib/libm.a(lib_a-w_exp.o)
                              obj/default/lua/lmathlib.o (exp)
/home/kris/intelFPGA/18.1/nios2eds/bin/gnu/H-x86_64-pc-linux-gnu/bin/../lib/gcc/nios2-elf/5.3.0/../../../../../H-x86_64-pc-linux-gnu/nios2-elf/lib/libm.a(lib_a-w_fmod.o)
                              obj/default/lua/lmathlib.o (fmod)
/home/kris/intelFPGA/18.1/nios2eds/bin/gnu/H-x86_64-pc-linux-gnu/bin/../lib/gcc/nios2-elf/5.3.0/../../../../../H-x86_64-pc-linux-gnu/nios2-elf/lib/libm.a(lib_a-w_log.o)
                              obj/default/lua/lmathlib.o (log)
/home/kris/intelFPGA/18.1/nios2eds/bin/gnu/H-x86_64-pc-linux-gnu/bin/../lib/gcc/nios2-elf/5.3.0/../../../../../H-x86_64-pc-linux-gnu/nios2-elf/lib/libm.a(lib_a-w_log10.o)
                              obj/default/lua/lmathlib.o (log10)
/home/kris/intelFPGA/18.1/nios2eds/bin/gnu/H-x86_64-pc-linux-gnu/bin/../lib/gcc/nios2-elf/5.3.0/../../../../../H-x86_64-pc-linux-gnu/nios2-elf/lib/libm.a(lib_a-w_pow.o)
                              obj/default/lua/lobject.o (pow)
/home/kris/intelFPGA/18.1/nios2eds/bin/gnu/H-x86_64-pc-linux-gnu/bin/../lib/gcc/nios2-elf/5.3.0/../../../../../H-x86_64-pc-linux-gnu/nios2-elf/lib/libm.a(lib_a-w_sqrt.o)
                              obj/default/lua/lmathlib.o (sqrt)
/home/kris/intelFPGA/18.1/nios2eds/bin/gnu/H-x86_64-pc-linux-gnu/bin/../lib/gcc/nios2-elf/5.3.0/../../../../../H-x86_64-pc-linux-gnu/nios2-elf/lib/libm.a(lib_a-e_acos.o)
                              /home/kris/intelFPGA/18.1/nios2eds/bin/gnu/H-x86_64-pc-linux-gnu/bin/../lib/gcc/nios2-elf/5.3.0/../../../../../H-x86_64-pc-linux-gnu/nios2-elf/lib/libm.a(lib_a-w_acos.o) (__ieee754_acos)
/home/kris/intelFPGA/18.1/nios2eds/bin/gnu/H-x86_64-pc-linux-gnu/bin/../lib/gcc/nios2-elf/5.3.0/../../../../../H-x86_64-pc-linux-gnu/nios2-elf/lib/libm.a(lib_a-e_asin.o)
                              /home/kris/intelFPGA/18.1/nios2eds/bin/gnu/H-x86_64-pc-linux-gnu/bin/../lib/gcc/nios2-elf/5.3.0/../../../../../H-x86_64-pc-linux-gnu/nios2-elf/lib/libm.a(lib_a-w_asin.o) (__ieee754_asin)
/home/kris/intelFPGA/18.1/nios2eds/bin/gnu/H-x86_64-pc-linux-gnu/bin/../lib/gcc/nios2-elf/5.3.0/../../../../../H-x86_64-pc-linux-gnu/nios2-elf/lib/libm.a(lib_a-e_atan2.o)
                              /home/kris/intelFPGA/18.1/nios2eds/bin/gnu/H-x86_64-pc-linux-gnu/bin/../lib/gcc/nios2-elf/5.3.0/../../../../../H-x86_64-pc-linux-gnu/nios2-elf/lib/libm.a(lib_a-w_atan2.o) (__ieee754_atan2)
/home/kris/intelFPGA/18.1/nios2eds/bin/gnu/H-x86_64-pc-linux-gnu/bin/../lib/gcc/nios2-elf/5.3.0/../../../../../H-x86_64-pc-linux-gnu/nios2-elf/lib/libm.a(lib_a-e_exp.o)
[...]
Memory Configuration

Name             Origin             Length             Attributes
reset            0x0000000000000000 0x0000000000000020
sdram_controller_0 0x0000000000000020 0x0000000003ffffe0
*default*        0x0000000000000000 0xffffffffffffffff

Linker script and memory map

LOAD /home/kris/luacpu/software/lua_on_nios2_bsp//obj/HAL/src/crt0.o
LOAD obj/default/lua/lapi.o
LOAD obj/default/lua/lauxlib.o
LOAD obj/default/lua/lbaselib.o
LOAD obj/default/lua/lbitlib.o
LOAD obj/default/lua/lcode.o
LOAD obj/default/lua/lcorolib.o
LOAD obj/default/lua/lctype.o
LOAD obj/default/lua/ldblib.o
LOAD obj/default/lua/ldebug.o
LOAD obj/default/lua/ldo.o
LOAD obj/default/lua/ldump.o
LOAD obj/default/lua/lfunc.o
LOAD obj/default/lua/lgc.o
LOAD obj/default/lua/linit.o
LOAD obj/default/lua/liolib.o
LOAD obj/default/lua/llex.o
LOAD obj/default/lua/lmathlib.o
LOAD obj/default/lua/lmem.o
LOAD obj/default/lua/loadlib.o
LOAD obj/default/lua/lobject.o
LOAD obj/default/lua/lopcodes.o
LOAD obj/default/lua/loslib.o
LOAD obj/default/lua/lparser.o
LOAD obj/default/lua/lstate.o
LOAD obj/default/lua/lstring.o
LOAD obj/default/lua/lstrlib.o
LOAD obj/default/lua/ltable.o
LOAD obj/default/lua/ltablib.o
LOAD obj/default/lua/ltests.o
LOAD obj/default/lua/ltm.o
LOAD obj/default/lua/lua.o
LOAD obj/default/lua/lundump.o
LOAD obj/default/lua/lutf8lib.o
LOAD obj/default/lua/lvm.o
LOAD obj/default/lua/lzio.o
LOAD obj/default/lua/testes/libs/lib1.o
LOAD obj/default/lua/testes/libs/lib11.o
LOAD obj/default/lua/testes/libs/lib2.o
LOAD obj/default/lua/testes/libs/lib21.o
LOAD /home/kris/intelFPGA/18.1/nios2eds/bin/gnu/H-x86_64-pc-linux-gnu/bin/../lib/gcc/nios2-elf/5.3.0/../../../../../H-x86_64-pc-linux-gnu/nios2-elf/lib/libstdc++.a
LOAD /home/kris/intelFPGA/18.1/nios2eds/bin/gnu/H-x86_64-pc-linux-gnu/bin/../lib/gcc/nios2-elf/5.3.0/../../../../../H-x86_64-pc-linux-gnu/nios2-elf/lib/libm.a
LOAD /home/kris/intelFPGA/18.1/nios2eds/bin/gnu/H-x86_64-pc-linux-gnu/bin/../lib/gcc/nios2-elf/5.3.0/libgcc.a
START GROUP
LOAD /home/kris/intelFPGA/18.1/nios2eds/bin/gnu/H-x86_64-pc-linux-gnu/bin/../lib/gcc/nios2-elf/5.3.0/../../../../../H-x86_64-pc-linux-gnu/nios2-elf/lib/libc.a
LOAD /home/kris/intelFPGA/18.1/nios2eds/bin/gnu/H-x86_64-pc-linux-gnu/bin/../lib/gcc/nios2-elf/5.3.0/libgcc.a
LOAD /home/kris/luacpu/software/lua_on_nios2_bsp//libhal_bsp.a
LOAD /home/kris/intelFPGA/18.1/nios2eds/bin/gnu/H-x86_64-pc-linux-gnu/bin/../lib/gcc/nios2-elf/5.3.0/../../../../../H-x86_64-pc-linux-gnu/nios2-elf/lib/libm.a
END GROUP
LOAD /home/kris/intelFPGA/18.1/nios2eds/bin/gnu/H-x86_64-pc-linux-gnu/bin/../lib/gcc/nios2-elf/5.3.0/libgcc.a
                0x0000000000000000                __alt_mem_sdram_controller_0 = 0x0

.entry          0x0000000000000000       0x20
 *(.entry)
 .entry         0x0000000000000000       0x20 /home/kris/luacpu/software/lua_on_nios2_bsp//obj/HAL/src/crt0.o
                0x0000000000000000                __reset

.exceptions     0x0000000000000020      0x224
                0x0000000000000020                PROVIDE (__ram_exceptions_start, ABSOLUTE (.))
                0x0000000000000020                . = ALIGN (0x20)
 *(.irq)
 *(.exceptions.entry.label)
 .exceptions.entry.label
                0x0000000000000020        0x0 /home/kris/luacpu/software/lua_on_nios2_bsp//libhal_bsp.a(alt_irq_entry.o)
                0x0000000000000020                alt_irq_entry
 .exceptions.entry.label
                0x0000000000000020        0x0 /home/kris/luacpu/software/lua_on_nios2_bsp//libhal_bsp.a(alt_exception_entry.o)
                0x0000000000000020                alt_exception
 *(.exceptions.entry.user)
 *(.exceptions.entry.ecc_fatal)
 *(.exceptions.entry)
 .exceptions.entry
                0x0000000000000020       0x54 /home/kris/luacpu/software/lua_on_nios2_bsp//libhal_bsp.a(alt_exception_entry.o)
 *(.exceptions.irqtest.user)
 *(.exceptions.irqtest)
 .exceptions.irqtest
                0x0000000000000074       0x10 /home/kris/luacpu/software/lua_on_nios2_bsp//libhal_bsp.a(alt_irq_entry.o)
 *(.exceptions.irqhandler.user)
 *(.exceptions.irqhandler)
 .exceptions.irqhandler
                0x0000000000000084        0x4 /home/kris/luacpu/software/lua_on_nios2_bsp//libhal_bsp.a(alt_irq_entry.o)
 *(.exceptions.irqreturn.user)
 *(.exceptions.irqreturn)
 .exceptions.irqreturn
                0x0000000000000088        0x4 /home/kris/luacpu/software/lua_on_nios2_bsp//libhal_bsp.a(alt_irq_entry.o)
 *(.exceptions.notirq.label)
 .exceptions.notirq.label
                0x000000000000008c        0x0 /home/kris/luacpu/software/lua_on_nios2_bsp//libhal_bsp.a(alt_irq_entry.o)
 *(.exceptions.notirq.user)
 *(.exceptions.notirq)
 .exceptions.notirq
                0x000000000000008c        0x8 /home/kris/luacpu/software/lua_on_nios2_bsp//libhal_bsp.a(alt_exception_entry.o)
 *(.exceptions.soft.user)
 *(.exceptions.soft)
 *(.exceptions.unknown.user)
 *(.exceptions.unknown)
 .exceptions.unknown
                0x0000000000000094       0x14 /home/kris/luacpu/software/lua_on_nios2_bsp//libhal_bsp.a(alt_exception_entry.o)
 *(.exceptions.exit.label)
 .exceptions.exit.label
                0x00000000000000a8        0x0 /home/kris/luacpu/software/lua_on_nios2_bsp//libhal_bsp.a(alt_irq_entry.o)
 .exceptions.exit.label
                0x00000000000000a8        0x0 /home/kris/luacpu/software/lua_on_nios2_bsp//libhal_bsp.a(alt_exception_entry.o)
 *(.exceptions.exit.user)
 *(.exceptions.exit)
 .exceptions.exit
                0x00000000000000a8       0x54 /home/kris/luacpu/software/lua_on_nios2_bsp//libhal_bsp.a(alt_exception_entry.o)
 *(.exceptions)
 .exceptions    0x00000000000000fc       0xd4 /home/kris/luacpu/software/lua_on_nios2_bsp//libhal_bsp.a(alt_irq_handler.o)
                0x00000000000000fc                alt_irq_handler
 .exceptions    0x00000000000001d0       0x74 /home/kris/luacpu/software/lua_on_nios2_bsp//libhal_bsp.a(alt_instruction_exception_entry.o)
                0x00000000000001d0                alt_instruction_exception_entry
                0x0000000000000244                PROVIDE (__ram_exceptions_end, ABSOLUTE (.))
                0x0000000000000020                PROVIDE (__flash_exceptions_start, LOADADDR (.exceptions))

.text           0x0000000000000248    0x5be14
                [!provide]                        PROVIDE (stext, ABSOLUTE (.))
 *(.interp)
 *(.hash)
 *(.dynsym)
 *(.dynstr)
 *(.gnu.version)
 *(.gnu.version_d)
 *(.gnu.version_r)
 *(.rel.init)
 *(.rela.init)
 *(.rel.text .rel.text.* .rel.gnu.linkonce.t.*)
 *(.rela.text .rela.text.* .rela.gnu.linkonce.t.*)
 *(.rel.fini)
 *(.rela.fini)
 *(.rel.rodata .rel.rodata.* .rel.gnu.linkonce.r.*)
 *(.rela.rodata .rela.rodata.* .rela.gnu.linkonce.r.*)
 *(.rel.data .rel.data.* .rel.gnu.linkonce.d.*)
 *(.rela.data .rela.data.* .rela.gnu.linkonce.d.*)
 *(.rel.tdata .rel.tdata.* .rel.gnu.linkonce.td.*)
 *(.rela.tdata .rela.tdata.* .rela.gnu.linkonce.td.*)
 *(.rel.tbss .rel.tbss.* .rel.gnu.linkonce.tb.*)
 *(.rela.tbss .rela.tbss.* .rela.gnu.linkonce.tb.*)
 *(.rel.ctors)
 *(.rela.ctors)
 *(.rel.dtors)
 *(.rela.dtors)
 *(.rel.got)
 *(.rela.got)
 *(.rel.sdata .rel.sdata.* .rel.gnu.linkonce.s.*)
 *(.rela.sdata .rela.sdata.* .rela.gnu.linkonce.s.*)
 *(.rel.sbss .rel.sbss.* .rel.gnu.linkonce.sb.*)
 *(.rela.sbss .rela.sbss.* .rela.gnu.linkonce.sb.*)
 *(.rel.sdata2 .rel.sdata2.* .rel.gnu.linkonce.s2.*)
 *(.rela.sdata2 .rela.sdata2.* .rela.gnu.linkonce.s2.*)
 *(.rel.sbss2 .rel.sbss2.* .rel.gnu.linkonce.sb2.*)
 *(.rela.sbss2 .rela.sbss2.* .rela.gnu.linkonce.sb2.*)
 *(.rel.bss .rel.bss.* .rel.gnu.linkonce.b.*)
 *(.rela.bss .rela.bss.* .rela.gnu.linkonce.b.*)
 *(.rel.plt)
 *(.rela.plt)
 *(.rel.dyn)
 *(.init)
 *(.plt)
 *(.text .stub .text.* .gnu.linkonce.t.*)
 .text          0x0000000000000248       0x3c /home/kris/luacpu/software/lua_on_nios2_bsp//obj/HAL/src/crt0.o
                0x0000000000000248                _start
 .text          0x0000000000000284     0x4008 obj/default/lua/lapi.o
                0x0000000000000408                lua_checkstack
                0x000000000000053c                lua_xmove
                0x0000000000000608                lua_atpanic
                0x0000000000000650                lua_version
                0x000000000000068c                lua_absindex
                0x0000000000000708                lua_gettop
                0x0000000000000758                lua_settop
                0x00000000000008dc                lua_rotate
                0x00000000000009a4                lua_copy
                0x0000000000000aa4                lua_pushvalue
                0x0000000000000b20                lua_type
                0x0000000000000b80                lua_typename
                0x0000000000000bc4                lua_iscfunction
                0x0000000000000c2c                lua_isinteger
                0x0000000000000c78                lua_isnumber
                0x0000000000000cf0                lua_isstring
                0x0000000000000d60                lua_isuserdata
                0x0000000000000dc8                lua_rawequal
                0x0000000000000e50                lua_arith
                0x0000000000000f2c                lua_compare
                0x0000000000001008                lua_stringtonumber
                0x000000000000106c                lua_tonumberx
                0x0000000000001128                lua_tointegerx
                0x00000000000011e8                lua_toboolean
                0x0000000000001258                lua_tolstring
                0x0000000000001360                lua_rawlen
                0x0000000000001430                lua_tocfunction
                0x00000000000014ac                lua_touserdata
                0x0000000000001524                lua_tothread
                0x0000000000001580                lua_topointer
                0x00000000000016e0                lua_pushnil
                0x0000000000001724                lua_pushnumber
                0x0000000000001790                lua_pushinteger
                0x00000000000017fc                lua_pushlstring
                0x00000000000018c8                lua_pushstring
                0x0000000000001990                lua_pushvfstring
                0x00000000000019f0                lua_pushfstring
                0x0000000000001a60                lua_pushcclosure
                0x0000000000001bc8                lua_pushboolean
                0x0000000000001c30                lua_pushlightuserdata
                0x0000000000001c90                lua_pushthread
                0x0000000000001e68                lua_getglobal
                0x0000000000001ec4                lua_gettable
                0x0000000000001fd4                lua_getfield
                0x0000000000002020                lua_geti
                0x000000000000217c                lua_rawget
                0x0000000000002220                lua_rawgeti
                0x00000000000022d0                lua_rawgetp
                0x00000000000023a0                lua_createtable
                0x0000000000002464                lua_getmetatable
                0x0000000000002570                lua_getuservalue
                0x00000000000027e4                lua_setglobal
                0x0000000000002844                lua_settable
                0x00000000000029b8                lua_setfield
                0x0000000000002a08                lua_seti
                0x0000000000002bd0                lua_rawset
                0x0000000000002ce4                lua_rawseti
                0x0000000000002dd4                lua_rawsetp
                0x0000000000002ef8                lua_setmetatable
                0x00000000000030d8                lua_setuservalue
                0x00000000000031f0                lua_callk
                0x0000000000003334                lua_pcallk
                0x0000000000003544                lua_load
                0x000000000000368c                lua_dump
                0x000000000000371c                lua_status
                0x0000000000003748                lua_gc
                0x0000000000003974                lua_error
                0x0000000000003990                lua_next
                0x0000000000003a30                lua_concat
                0x0000000000003af8                lua_len
                0x0000000000003b64                lua_getallocf
                0x0000000000003bb8                lua_setallocf
                0x0000000000003c04                lua_newuserdata
                0x0000000000003e38                lua_getupvalue
                0x0000000000003ee8                lua_setupvalue
                0x00000000000040c4                lua_upvalueid
                0x0000000000004168                lua_upvaluejoin
 .text          0x000000000000428c     0x2a08 obj/default/lua/lauxlib.o
                0x00000000000046f4                luaL_traceback
                0x00000000000048d4                luaL_argerror
                0x0000000000004b10                luaL_where
                0x0000000000004ba0                luaL_error
                0x0000000000004c10                luaL_fileresult
                0x0000000000004ce4                luaL_execresult
                0x0000000000004db8                luaL_newmetatable
                0x0000000000004e64                luaL_setmetatable
                0x0000000000004eb4                luaL_testudata
                0x0000000000004f50                luaL_checkudata
                0x0000000000004fb0                luaL_checkoption
                0x00000000000050a4                luaL_checkstack
                0x0000000000005118                luaL_checktype
                0x0000000000005174                luaL_checkany
                0x00000000000051cc                luaL_checklstring
                0x000000000000522c                luaL_optlstring
                0x00000000000052b4                luaL_checknumber
                0x000000000000532c                luaL_optnumber
                0x0000000000005408                luaL_checkinteger
                0x000000000000547c                luaL_optinteger
                0x00000000000056a0                luaL_prepbuffsize
                0x00000000000057f0                luaL_addlstring
                0x0000000000005864                luaL_addstring
                0x00000000000058ac                luaL_pushresult
                0x0000000000005944                luaL_pushresultsize
                0x0000000000005994                luaL_addvalue
                0x0000000000005a58                luaL_buffinit
                0x0000000000005ab0                luaL_buffinitsize
                0x0000000000005af8                luaL_ref
                0x0000000000005c34                luaL_unref
                0x0000000000005fec                luaL_loadfilex
                0x0000000000006288                luaL_loadbufferx
                0x00000000000062ec                luaL_loadstring
                0x0000000000006338                luaL_getmetafield
                0x00000000000063d4                luaL_callmeta
                0x0000000000006458                luaL_len
                0x00000000000064e8                luaL_tolstring
                0x000000000000670c                luaL_setfuncs
                0x00000000000067f4                luaL_getsubtable
                0x0000000000006890                luaL_requiref
                0x0000000000006998                luaL_gsub
                0x0000000000006b68                luaL_newstate
                0x0000000000006bbc                luaL_checkversion_
 .text          0x0000000000006c94     0x168c obj/default/lua/lbaselib.o
                0x0000000000008284                luaopen_base
 .text          0x0000000000008320       0x38 obj/default/lua/lbitlib.o
                0x0000000000008320                luaopen_bit32
 .text          0x0000000000008358     0x32dc obj/default/lua/lcode.o
                0x000000000000842c                luaK_nil
                0x000000000000871c                luaK_concat
                0x00000000000087c4                luaK_jump
                0x0000000000008838                luaK_ret
                0x00000000000088e4                luaK_getlabel
                0x0000000000008bec                luaK_patchtohere
                0x0000000000008c3c                luaK_patchlist
                0x0000000000008cac                luaK_patchclose
                0x0000000000008ee0                luaK_codeABC
                0x0000000000008f48                luaK_codeABx
                0x0000000000008fe8                luaK_codek
                0x0000000000009068                luaK_checkstack
                0x00000000000090fc                luaK_reserveregs
                0x000000000000954c                luaK_stringK
                0x00000000000095c4                luaK_intK
                0x00000000000097a0                luaK_setreturns
                0x00000000000098f4                luaK_setoneret
                0x00000000000099e4                luaK_dischargevars
                0x000000000000a058                luaK_exp2nextreg
                0x000000000000a0cc                luaK_exp2anyreg
                0x000000000000a184                luaK_exp2anyregup
                0x000000000000a1e4                luaK_exp2val
                0x000000000000a244                luaK_exp2RK
                0x000000000000a3ac                luaK_storevar
                0x000000000000a4d8                luaK_self
                0x000000000000a71c                luaK_goiftrue
                0x000000000000a7fc                luaK_goiffalse
                0x000000000000aa34                luaK_indexed
                0x000000000000b038                luaK_prefix
                0x000000000000b0e8                luaK_infix
                0x000000000000b1fc                luaK_posfix
                0x000000000000b4d8                luaK_fixline
                0x000000000000b538                luaK_setlist
 .text          0x000000000000b634      0x5c4 obj/default/lua/lcorolib.o
                0x000000000000bb90                luaopen_coroutine
 .text          0x000000000000bbf8        0x0 obj/default/lua/lctype.o
 .text          0x000000000000bbf8     0x14b8 obj/default/lua/ldblib.o
                0x000000000000d048                luaopen_debug
 .text          0x000000000000d0b0     0x20e0 obj/default/lua/ldebug.o
                0x000000000000d1fc                lua_sethook
                0x000000000000d2a8                lua_gethook
                0x000000000000d2d0                lua_gethookmask
                0x000000000000d2f8                lua_gethookcount
                0x000000000000d320                lua_getstack
                0x000000000000d644                lua_getlocal
                0x000000000000d74c                lua_setlocal
                0x000000000000ddec                lua_getinfo
                0x000000000000eaec                luaG_typeerror
                0x000000000000eb40                luaG_concaterror
                0x000000000000eba0                luaG_opinterror
                0x000000000000ec1c                luaG_tointerror
                0x000000000000eca8                luaG_ordererror
                0x000000000000ed20                luaG_addinfo
                0x000000000000eda4                luaG_errormsg
                0x000000000000ee78                luaG_runerror
                0x000000000000ef2c                luaG_traceexec
 .text          0x000000000000f190     0x2178 obj/default/lua/ldo.o
                0x000000000000f2a4                luaD_throw
                0x000000000000f3d0                luaD_rawrunprotected
                0x000000000000f5b4                luaD_reallocstack
                0x000000000000f6c0                luaD_growstack
                0x000000000000f85c                luaD_shrinkstack
                0x000000000000f928                luaD_inctop
                0x000000000000f994                luaD_hook
                0x0000000000010018                luaD_poscall
                0x0000000000010108                luaD_precall
                0x00000000000105c0                luaD_call
                0x000000000001065c                luaD_callnoyield
                0x0000000000010b9c                lua_resume
                0x0000000000010d88                lua_isyieldable
                0x0000000000010dbc                lua_yieldk
                0x0000000000010ed8                luaD_pcall
                0x00000000000111a0                luaD_protectedparser
 .text          0x0000000000011308      0xa04 obj/default/lua/ldump.o
                0x0000000000011c84                luaU_dump
 .text          0x0000000000011d0c      0x6c8 obj/default/lua/lfunc.o
                0x0000000000011d0c                luaF_newCclosure
                0x0000000000011d78                luaF_newLclosure
                0x0000000000011e20                luaF_initupvals
                0x0000000000011ed8                luaF_findupval
                0x0000000000011fec                luaF_close
                0x00000000000120f0                luaF_newproto
                0x00000000000121d0                luaF_freeproto
                0x0000000000012310                luaF_getlocalname
 .text          0x00000000000123d4     0x32e8 obj/default/lua/lgc.o
                0x00000000000124d4                luaC_barrier_
                0x000000000001256c                luaC_barrierback_
                0x00000000000125d8                luaC_upvalbarrier_
                0x000000000001265c                luaC_fix
                0x00000000000126d8                luaC_newobj
                0x00000000000140f0                luaC_upvdeccount
                0x0000000000014ba8                luaC_checkfinalizer
                0x0000000000014e54                luaC_freeallobjects
                0x000000000001541c                luaC_runtilstate
                0x0000000000015524                luaC_step
                0x0000000000015610                luaC_fullgc
 .text          0x00000000000156bc       0x84 obj/default/lua/linit.o
                0x00000000000156bc                luaL_openlibs
 .text          0x0000000000015740     0x1dd4 obj/default/lua/liolib.o
                0x000000000001743c                luaopen_io
 .text          0x0000000000017514     0x27c4 obj/default/lua/llex.o
                0x000000000001760c                luaX_init
                0x00000000000176d0                luaX_token2str
                0x0000000000017894                luaX_syntaxerror
                0x00000000000178c4                luaX_newstring
                0x0000000000017b34                luaX_setinput
                0x0000000000019bec                luaX_next
                0x0000000000019c88                luaX_lookahead
 .text          0x0000000000019cd8     0x11c8 obj/default/lua/lmathlib.o
                0x000000000001ad9c                luaopen_math
 .text          0x000000000001aea0      0x24c obj/default/lua/lmem.o
                0x000000000001aea0                luaM_growaux_
                0x000000000001afb8                luaM_toobig
                0x000000000001afdc                luaM_realloc_
 .text          0x000000000001b0ec     0x13c8 obj/default/lua/loadlib.o
                0x000000000001c33c                luaopen_package
 .text          0x000000000001c4b4     0x1c20 obj/default/lua/lobject.o
                0x000000000001c4b4                luaO_int2fb
                0x000000000001c558                luaO_fb2int
                0x000000000001c5a8                luaO_ceillog2
                0x000000000001cb2c                luaO_arith
                0x000000000001cecc                luaO_hexavalue
                0x000000000001d584                luaO_str2num
                0x000000000001d658                luaO_utf8esc
                0x000000000001d740                luaO_tostring
                0x000000000001d91c                luaO_pushvfstring
                0x000000000001de28                luaO_pushfstring
                0x000000000001de80                luaO_chunkid
 .text          0x000000000001e0d4        0x0 obj/default/lua/lopcodes.o
 .text          0x000000000001e0d4      0xdd8 obj/default/lua/loslib.o
                0x000000000001ee44                luaopen_os
 .text          0x000000000001eeac     0x4d08 obj/default/lua/lparser.o
                0x00000000000239ec                luaY_parser
 .text          0x0000000000023bb4      0xcd4 obj/default/lua/lstate.o
                0x0000000000023ce0                luaE_setdebt
                0x0000000000023d6c                luaE_extendCI
                0x0000000000023df0                luaE_freeCI
                0x0000000000023e88                luaE_shrinkCI
                0x0000000000024408                lua_newthread
                0x0000000000024570                luaE_freethread
                0x00000000000245dc                lua_newstate
                0x0000000000024844                lua_close
 .text          0x0000000000024888      0xbf4 obj/default/lua/lstring.o
                0x0000000000024888                luaS_eqlngstr
                0x000000000002490c                luaS_hash
                0x00000000000249b4                luaS_hashlongstr
                0x0000000000024a34                luaS_resize
                0x0000000000024c80                luaS_clearcache
                0x0000000000024d4c                luaS_init
                0x0000000000024ebc                luaS_createlngstrobj
                0x0000000000024f1c                luaS_remove
                0x00000000000251d4                luaS_newlstr
                0x0000000000025264                luaS_new
                0x00000000000253c0                luaS_newudata
 .text          0x000000000002547c     0x5438 obj/default/lua/lstrlib.o
                0x000000000002a844                luaopen_string
 .text          0x000000000002a8b4     0x1f44 obj/default/lua/ltable.o
                0x000000000002ae7c                luaH_next
                0x000000000002b654                luaH_resize
                0x000000000002b8d0                luaH_resizearray
                0x000000000002ba60                luaH_new
                0x000000000002badc                luaH_free
                0x000000000002bc00                luaH_newkey
                0x000000000002bf5c                luaH_getint
                0x000000000002c090                luaH_getshortstr
                0x000000000002c1f4                luaH_getstr
                0x000000000002c288                luaH_get
                0x000000000002c36c                luaH_set
                0x000000000002c3d4                luaH_setint
                0x000000000002c6d8                luaH_getn
 .text          0x000000000002c7f8     0x1728 obj/default/lua/ltablib.o
                0x000000000002deb8                luaopen_table
 .text          0x000000000002df20        0x0 obj/default/lua/ltests.o
 .text          0x000000000002df20      0x768 obj/default/lua/ltm.o
                0x000000000002df20                luaT_init
                0x000000000002dfec                luaT_gettm
                0x000000000002e06c                luaT_gettmbyobj
                0x000000000002e150                luaT_objtypename
                0x000000000002e238                luaT_callTM
                0x000000000002e3fc                luaT_callbinTM
                0x000000000002e4a0                luaT_trybinTM
                0x000000000002e5e4                luaT_callorderTM
 .text          0x000000000002e688     0x1774 obj/default/lua/lua.o
                0x000000000002fcc4                main
 .text          0x000000000002fdfc     0x1108 obj/default/lua/lundump.o
                0x0000000000030d60                luaU_undump
 .text          0x0000000000030f04     0x1014 obj/default/lua/lutf8lib.o
                0x0000000000031e88                luaopen_utf8
 .text          0x0000000000031f18     0x6398 obj/default/lua/lvm.o
                0x0000000000031f18                luaV_tonumber_
                0x0000000000032048                luaV_tointeger
                0x0000000000032348                luaV_finishget
                0x000000000003251c                luaV_finishset
                0x0000000000032e24                luaV_lessthan
                0x0000000000032f14                luaV_lessequal
                0x000000000003306c                luaV_equalobj
                0x00000000000336e0                luaV_concat
                0x0000000000033b20                luaV_objlen
                0x0000000000033cfc                luaV_div
                0x0000000000033e90                luaV_mod
                0x0000000000033fd8                luaV_shiftl
                0x00000000000343e0                luaV_finishOp
                0x000000000003476c                luaV_execute
 .text          0x00000000000382b0      0x21c obj/default/lua/lzio.o
                0x00000000000382b0                luaZ_fill
                0x000000000003835c                luaZ_init
                0x00000000000383c0                luaZ_read
 .text          0x00000000000384cc      0x1ec obj/default/lua/testes/libs/lib1.o
                0x00000000000384fc                lib1_export
                0x0000000000038538                onefunction
                0x0000000000038594                anotherfunc
                0x0000000000038630                luaopen_lib1_sub
 .text          0x00000000000386b8       0x30 obj/default/lua/testes/libs/lib11.o
                0x00000000000386b8                luaopen_lib11
 .text          0x00000000000386e8       0xc4 obj/default/lua/testes/libs/lib2.o
                0x0000000000038718                luaopen_lib2
 .text          0x00000000000387ac       0x30 obj/default/lua/testes/libs/lib21.o
                0x00000000000387ac                luaopen_lib21
 .text          0x00000000000387dc        0x0 /home/kris/intelFPGA/18.1/nios2eds/bin/gnu/H-x86_64-pc-linux-gnu/bin/../lib/gcc/nios2-elf/5.3.0/../../../../../H-x86_64-pc-linux-gnu/nios2-elf/lib/libm.a(lib_a-s_ceil.o)
 .text.ceil     0x00000000000387dc      0x1e0 /home/kris/intelFPGA/18.1/nios2eds/bin/gnu/H-x86_64-pc-linux-gnu/bin/../lib/gcc/nios2-elf/5.3.0/../../../../../H-x86_64-pc-linux-gnu/nios2-elf/lib/libm.a(lib_a-s_ceil.o)
                0x00000000000387dc                ceil
 .text          0x00000000000389bc        0x0 /home/kris/intelFPGA/18.1/nios2eds/bin/gnu/H-x86_64-pc-linux-gnu/bin/../lib/gcc/nios2-elf/5.3.0/../../../../../H-x86_64-pc-linux-gnu/nios2-elf/lib/libm.a(lib_a-s_cos.o)
 .text.cos      0x00000000000389bc       0xec /home/kris/intelFPGA/18.1/nios2eds/bin/gnu/H-x86_64-pc-linux-gnu/bin/../lib/gcc/nios2-elf/5.3.0/../../../../../H-x86_64-pc-linux-gnu/nios2-elf/lib/libm.a(lib_a-s_cos.o)
                0x00000000000389bc                cos
 .text          0x0000000000038aa8        0x0 /home/kris/intelFPGA/18.1/nios2eds/bin/gnu/H-x86_64-pc-linux-gnu/bin/../lib/gcc/nios2-elf/5.3.0/../../../../../H-x86_64-pc-linux-gnu/nios2-elf/lib/libm.a(lib_a-s_floor.o)
 .text.floor    0x0000000000038aa8      0x1ec /home/kris/intelFPGA/18.1/nios2eds/bin/gnu/H-x86_64-pc-linux-gnu/bin/../lib/gcc/nios2-elf/5.3.0/../../../../../H-x86_64-pc-linux-gnu/nios2-elf/lib/libm.a(lib_a-s_floor.o)
                0x0000000000038aa8                floor
 .text          0x0000000000038c94        0x0 /home/kris/intelFPGA/18.1/nios2eds/bin/gnu/H-x86_64-pc-linux-gnu/bin/../lib/gcc/nios2-elf/5.3.0/../../../../../H-x86_64-pc-linux-gnu/nios2-elf/lib/libm.a(lib_a-s_frexp.o)
 .text.frexp    0x0000000000038c94       0xa8 /home/kris/intelFPGA/18.1/nios2eds/bin/gnu/H-x86_64-pc-linux-gnu/bin/../lib/gcc/nios2-elf/5.3.0/../../../../../H-x86_64-pc-linux-gnu/nios2-elf/lib/libm.a(lib_a-s_frexp.o)
                0x0000000000038c94                frexp
 .text          0x0000000000038d3c        0x0 /home/kris/intelFPGA/18.1/nios2eds/bin/gnu/H-x86_64-pc-linux-gnu/bin/../lib/gcc/nios2-elf/5.3.0/../../../../../H-x86_64-pc-linux-gnu/nios2-elf/lib/libm.a(lib_a-s_sin.o)
 .text.sin      0x0000000000038d3c       0xf0 /home/kris/intelFPGA/18.1/nios2eds/bin/gnu/H-x86_64-pc-linux-gnu/bin/../lib/gcc/nios2-elf/5.3.0/../../../../../H-x86_64-pc-linux-gnu/nios2-elf/lib/libm.a(lib_a-s_sin.o)
                0x0000000000038d3c                sin
 .text          0x0000000000038e2c        0x0 /home/kris/intelFPGA/18.1/nios2eds/bin/gnu/H-x86_64-pc-linux-gnu/bin/../lib/gcc/nios2-elf/5.3.0/../../../../../H-x86_64-pc-linux-gnu/nios2-elf/lib/libm.a(lib_a-s_tan.o)
 .text.tan      0x0000000000038e2c       0xa0 /home/kris/intelFPGA/18.1/nios2eds/bin/gnu/H-x86_64-pc-linux-gnu/bin/../lib/gcc/nios2-elf/5.3.0/../../../../../H-x86_64-pc-linux-gnu/nios2-elf/lib/libm.a(lib_a-s_tan.o)
                0x0000000000038e2c                tan
 .text          0x0000000000038ecc        0x0 /home/kris/intelFPGA/18.1/nios2eds/bin/gnu/H-x86_64-pc-linux-gnu/bin/../lib/gcc/nios2-elf/5.3.0/../../../../../H-x86_64-pc-linux-gnu/nios2-elf/lib/libm.a(lib_a-w_acos.o)
 .text.acos     0x0000000000038ecc      0x128 /home/kris/intelFPGA/18.1/nios2eds/bin/gnu/H-x86_64-pc-linux-gnu/bin/../lib/gcc/nios2-elf/5.3.0/../../../../../H-x86_64-pc-linux-gnu/nios2-elf/lib/libm.a(lib_a-w_acos.o)
                0x0000000000038ecc                acos
 .text          0x0000000000038ff4        0x0 /home/kris/intelFPGA/18.1/nios2eds/bin/gnu/H-x86_64-pc-linux-gnu/bin/../lib/gcc/nios2-elf/5.3.0/../../../../../H-x86_64-pc-linux-gnu/nios2-elf/lib/libm.a(lib_a-w_asin.o)
 .text.asin     0x0000000000038ff4      0x128 /home/kris/intelFPGA/18.1/nios2eds/bin/gnu/H-x86_64-pc-linux-gnu/bin/../lib/gcc/nios2-elf/5.3.0/../../../../../H-x86_64-pc-linux-gnu/nios2-elf/lib/libm.a(lib_a-w_asin.o)
                0x0000000000038ff4                asin
 .text          0x000000000003911c        0x0 /home/kris/intelFPGA/18.1/nios2eds/bin/gnu/H-x86_64-pc-linux-gnu/bin/../lib/gcc/nios2-elf/5.3.0/../../../../../H-x86_64-pc-linux-gnu/nios2-elf/lib/libm.a(lib_a-w_atan2.o)
 .text.atan2    0x000000000003911c        0x4 /home/kris/intelFPGA/18.1/nios2eds/bin/gnu/H-x86_64-pc-linux-gnu/bin/../lib/gcc/nios2-elf/5.3.0/../../../../../H-x86_64-pc-linux-gnu/nios2-elf/lib/libm.a(lib_a-w_atan2.o)
                0x000000000003911c                atan2
 .text          0x0000000000039120        0x0 /home/kris/intelFPGA/18.1/nios2eds/bin/gnu/H-x86_64-pc-linux-gnu/bin/../lib/gcc/nios2-elf/5.3.0/../../../../../H-x86_64-pc-linux-gnu/nios2-elf/lib/libm.a(lib_a-w_exp.o)
 .text.exp      0x0000000000039120      0x190 /home/kris/intelFPGA/18.1/nios2eds/bin/gnu/H-x86_64-pc-linux-gnu/bin/../lib/gcc/nios2-elf/5.3.0/../../../../../H-x86_64-pc-linux-gnu/nios2-elf/lib/libm.a(lib_a-w_exp.o)
                0x0000000000039120                exp
 .text          0x00000000000392b0        0x0 /home/kris/intelFPGA/18.1/nios2eds/bin/gnu/H-x86_64-pc-linux-gnu/bin/../lib/gcc/nios2-elf/5.3.0/../../../../../H-x86_64-pc-linux-gnu/nios2-elf/lib/libm.a(lib_a-w_fmod.o)
 .text.fmod     0x00000000000392b0      0x158 /home/kris/intelFPGA/18.1/nios2eds/bin/gnu/H-x86_64-pc-linux-gnu/bin/../lib/gcc/nios2-elf/5.3.0/../../../../../H-x86_64-pc-linux-gnu/nios2-elf/lib/libm.a(lib_a-w_fmod.o)
                0x00000000000392b0                fmod
 .text          0x0000000000039408        0x0 /home/kris/intelFPGA/18.1/nios2eds/bin/gnu/H-x86_64-pc-linux-gnu/bin/../lib/gcc/nios2-elf/5.3.0/../../../../../H-x86_64-pc-linux-gnu/nios2-elf/lib/libm.a(lib_a-w_log.o)
 .text.log      0x0000000000039408      0x19c /home/kris/intelFPGA/18.1/nios2eds/bin/gnu/H-x86_64-pc-linux-gnu/bin/../lib/gcc/nios2-elf/5.3.0/../../../../../H-x86_64-pc-linux-gnu/nios2-elf/lib/libm.a(lib_a-w_log.o)
                0x0000000000039408                log
 .text          0x00000000000395a4        0x0 /home/kris/intelFPGA/18.1/nios2eds/bin/gnu/H-x86_64-pc-linux-gnu/bin/../lib/gcc/nios2-elf/5.3.0/../../../../../H-x86_64-pc-linux-gnu/nios2-elf/lib/libm.a(lib_a-w_log10.o)
 .text.log10    0x00000000000395a4      0x19c /home/kris/intelFPGA/18.1/nios2eds/bin/gnu/H-x86_64-pc-linux-gnu/bin/../lib/gcc/nios2-elf/5.3.0/../../../../../H-x86_64-pc-linux-gnu/nios2-elf/lib/libm.a(lib_a-w_log10.o)
                0x00000000000395a4                log10
 .text          0x0000000000039740        0x0 /home/kris/intelFPGA/18.1/nios2eds/bin/gnu/H-x86_64-pc-linux-gnu/bin/../lib/gcc/nios2-elf/5.3.0/../../../../../H-x86_64-pc-linux-gnu/nios2-elf/lib/libm.a(lib_a-w_pow.o)
 .text.pow      0x0000000000039740      0x4c4 /home/kris/intelFPGA/18.1/nios2eds/bin/gnu/H-x86_64-pc-linux-gnu/bin/../lib/gcc/nios2-elf/5.3.0/../../../../../H-x86_64-pc-linux-gnu/nios2-elf/lib/libm.a(lib_a-w_pow.o)
                0x0000000000039740                pow
 .text          0x0000000000039c04        0x0 /home/kris/intelFPGA/18.1/nios2eds/bin/gnu/H-x86_64-pc-linux-gnu/bin/../lib/gcc/nios2-elf/5.3.0/../../../../../H-x86_64-pc-linux-gnu/nios2-elf/lib/libm.a(lib_a-w_sqrt.o)
 .text.sqrt     0x0000000000039c04      0x130 /home/kris/intelFPGA/18.1/nios2eds/bin/gnu/H-x86_64-pc-linux-gnu/bin/../lib/gcc/nios2-elf/5.3.0/../../../../../H-x86_64-pc-linux-gnu/nios2-elf/lib/libm.a(lib_a-w_sqrt.o)
                0x0000000000039c04                sqrt
 .text          0x0000000000039d34        0x0 /home/kris/intelFPGA/18.1/nios2eds/bin/gnu/H-x86_64-pc-linux-gnu/bin/../lib/gcc/nios2-elf/5.3.0/../../../../../H-x86_64-pc-linux-gnu/nios2-elf/lib/libm.a(lib_a-e_acos.o)
 .text.__ieee754_acos
                0x0000000000039d34      0x8c0 /home/kris/intelFPGA/18.1/nios2eds/bin/gnu/H-x86_64-pc-linux-gnu/bin/../lib/gcc/nios2-elf/5.3.0/../../../../../H-x86_64-pc-linux-gnu/nios2-elf/lib/libm.a(lib_a-e_acos.o)
                0x0000000000039d34                __ieee754_acos
 .text          0x000000000003a5f4        0x0 /home/kris/intelFPGA/18.1/nios2eds/bin/gnu/H-x86_64-pc-linux-gnu/bin/../lib/gcc/nios2-elf/5.3.0/../../../../../H-x86_64-pc-linux-gnu/nios2-elf/lib/libm.a(lib_a-e_asin.o)
 .text.__ieee754_asin
                0x000000000003a5f4      0x784 /home/kris/intelFPGA/18.1/nios2eds/bin/gnu/H-x86_64-pc-linux-gnu/bin/../lib/gcc/nios2-elf/5.3.0/../../../../../H-x86_64-pc-linux-gnu/nios2-elf/lib/libm.a(lib_a-e_asin.o)
                0x000000000003a5f4                __ieee754_asin
 .text          0x000000000003ad78        0x0 /home/kris/intelFPGA/18.1/nios2eds/bin/gnu/H-x86_64-pc-linux-gnu/bin/../lib/gcc/nios2-elf/5.3.0/../../../../../H-x86_64-pc-linux-gnu/nios2-elf/lib/libm.a(lib_a-e_atan2.o)
 .text.__ieee754_atan2
                0x000000000003ad78      0x2c0 /home/kris/intelFPGA/18.1/nios2eds/bin/gnu/H-x86_64-pc-linux-gnu/bin/../lib/gcc/nios2-elf/5.3.0/../../../../../H-x86_64-pc-linux-gnu/nios2-elf/lib/libm.a(lib_a-e_atan2.o)
                0x000000000003ad78                __ieee754_atan2
 .text          0x000000000003b038        0x0 /home/kris/intelFPGA/18.1/nios2eds/bin/gnu/H-x86_64-pc-linux-gnu/bin/../lib/gcc/nios2-elf/5.3.0/../../../../../H-x86_64-pc-linux-gnu/nios2-elf/lib/libm.a(lib_a-e_exp.o)
 .text.__ieee754_exp
                0x000000000003b038      0x4e8 /home/kris/intelFPGA/18.1/nios2eds/bin/gnu/H-x86_64-pc-linux-gnu/bin/../lib/gcc/nios2-elf/5.3.0/../../../../../H-x86_64-pc-linux-gnu/nios2-elf/lib/libm.a(lib_a-e_exp.o)
                0x000000000003b038                __ieee754_exp
 .text          0x000000000003b520        0x0 /home/kris/intelFPGA/18.1/nios2eds/bin/gnu/H-x86_64-pc-linux-gnu/bin/../lib/gcc/nios2-elf/5.3.0/../../../../../H-x86_64-pc-linux-gnu/nios2-elf/lib/libm.a(lib_a-e_fmod.o)
 .text.__ieee754_fmod
                0x000000000003b520      0x340 /home/kris/intelFPGA/18.1/nios2eds/bin/gnu/H-x86_64-pc-linux-gnu/bin/../lib/gcc/nios2-elf/5.3.0/../../../../../H-x86_64-pc-linux-gnu/nios2-elf/lib/libm.a(lib_a-e_fmod.o)
                0x000000000003b520                __ieee754_fmod
 .text          0x000000000003b860        0x0 /home/kris/intelFPGA/18.1/nios2eds/bin/gnu/H-x86_64-pc-linux-gnu/bin/../lib/gcc/nios2-elf/5.3.0/../../../../../H-x86_64-pc-linux-gnu/nios2-elf/lib/libm.a(lib_a-e_log.o)
 .text.__ieee754_log
                0x000000000003b860      0x71c /home/kris/intelFPGA/18.1/nios2eds/bin/gnu/H-x86_64-pc-linux-gnu/bin/../lib/gcc/nios2-elf/5.3.0/../../../../../H-x86_64-pc-linux-gnu/nios2-elf/lib/libm.a(lib_a-e_log.o)
                0x000000000003b860                __ieee754_log
 .text          0x000000000003bf7c        0x0 /home/kris/intelFPGA/18.1/nios2eds/bin/gnu/H-x86_64-pc-linux-gnu/bin/../lib/gcc/nios2-elf/5.3.0/../../../../../H-x86_64-pc-linux-gnu/nios2-elf/lib/libm.a(lib_a-e_log10.o)
 .text.__ieee754_log10
                0x000000000003bf7c      0x1d0 /home/kris/intelFPGA/18.1/nios2eds/bin/gnu/H-x86_64-pc-linux-gnu/bin/../lib/gcc/nios2-elf/5.3.0/../../../../../H-x86_64-pc-linux-gnu/nios2-elf/lib/libm.a(lib_a-e_log10.o)
                0x000000000003bf7c                __ieee754_log10
 .text          0x000000000003c14c        0x0 /home/kris/intelFPGA/18.1/nios2eds/bin/gnu/H-x86_64-pc-linux-gnu/bin/../lib/gcc/nios2-elf/5.3.0/../../../../../H-x86_64-pc-linux-gnu/nios2-elf/lib/libm.a(lib_a-e_pow.o)
 .text.__ieee754_pow
                0x000000000003c14c     0x10a4 /home/kris/intelFPGA/18.1/nios2eds/bin/gnu/H-x86_64-pc-linux-gnu/bin/../lib/gcc/nios2-elf/5.3.0/../../../../../H-x86_64-pc-linux-gnu/nios2-elf/lib/libm.a(lib_a-e_pow.o)
                0x000000000003c14c                __ieee754_pow
 .text          0x000000000003d1f0        0x0 /home/kris/intelFPGA/18.1/nios2eds/bin/gnu/H-x86_64-pc-linux-gnu/bin/../lib/gcc/nios2-elf/5.3.0/../../../../../H-x86_64-pc-linux-gnu/nios2-elf/lib/libm.a(lib_a-e_rem_pio2.o)
 .text.__ieee754_rem_pio2
                0x000000000003d1f0      0x76c /home/kris/intelFPGA/18.1/nios2eds/bin/gnu/H-x86_64-pc-linux-gnu/bin/../lib/gcc/nios2-elf/5.3.0/../../../../../H-x86_64-pc-linux-gnu/nios2-elf/lib/libm.a(lib_a-e_rem_pio2.o)
                0x000000000003d1f0                __ieee754_rem_pio2
 .text          0x000000000003d95c        0x0 /home/kris/intelFPGA/18.1/nios2eds/bin/gnu/H-x86_64-pc-linux-gnu/bin/../lib/gcc/nios2-elf/5.3.0/../../../../../H-x86_64-pc-linux-gnu/nios2-elf/lib/libm.a(lib_a-e_sqrt.o)
 .text.__ieee754_sqrt
                0x000000000003d95c      0x288 /home/kris/intelFPGA/18.1/nios2eds/bin/gnu/H-x86_64-pc-linux-gnu/bin/../lib/gcc/nios2-elf/5.3.0/../../../../../H-x86_64-pc-linux-gnu/nios2-elf/lib/libm.a(lib_a-e_sqrt.o)
                0x000000000003d95c                __ieee754_sqrt
 .text          0x000000000003dbe4        0x0 /home/kris/intelFPGA/18.1/nios2eds/bin/gnu/H-x86_64-pc-linux-gnu/bin/../lib/gcc/nios2-elf/5.3.0/../../../../../H-x86_64-pc-linux-gnu/nios2-elf/lib/libm.a(lib_a-k_cos.o)
 .text.__kernel_cos
                0x000000000003dbe4      0x4a4 /home/kris/intelFPGA/18.1/nios2eds/bin/gnu/H-x86_64-pc-linux-gnu/bin/../lib/gcc/nios2-elf/5.3.0/../../../../../H-x86_64-pc-linux-gnu/nios2-elf/lib/libm.a(lib_a-k_cos.o)
                0x000000000003dbe4                __kernel_cos
 .text          0x000000000003e088        0x0 /home/kris/intelFPGA/18.1/nios2eds/bin/gnu/H-x86_64-pc-linux-gnu/bin/../lib/gcc/nios2-elf/5.3.0/../../../../../H-x86_64-pc-linux-gnu/nios2-elf/lib/libm.a(lib_a-k_rem_pio2.o)
 .text.__kernel_rem_pio2
                0x000000000003e088      0xd90 /home/kris/intelFPGA/18.1/nios2eds/bin/gnu/H-x86_64-pc-linux-gnu/bin/../lib/gcc/nios2-elf/5.3.0/../../../../../H-x86_64-pc-linux-gnu/nios2-elf/lib/libm.a(lib_a-k_rem_pio2.o)
                0x000000000003e088                __kernel_rem_pio2
 .text          0x000000000003ee18        0x0 /home/kris/intelFPGA/18.1/nios2eds/bin/gnu/H-x86_64-pc-linux-gnu/bin/../lib/gcc/nios2-elf/5.3.0/../../../../../H-x86_64-pc-linux-gnu/nios2-elf/lib/libm.a(lib_a-k_sin.o)
 .text.__kernel_sin
                0x000000000003ee18      0x2cc /home/kris/intelFPGA/18.1/nios2eds/bin/gnu/H-x86_64-pc-linux-gnu/bin/../lib/gcc/nios2-elf/5.3.0/../../../../../H-x86_64-pc-linux-gnu/nios2-elf/lib/libm.a(lib_a-k_sin.o)
                0x000000000003ee18                __kernel_sin
 .text          0x000000000003f0e4        0x0 /home/kris/intelFPGA/18.1/nios2eds/bin/gnu/H-x86_64-pc-linux-gnu/bin/../lib/gcc/nios2-elf/5.3.0/../../../../../H-x86_64-pc-linux-gnu/nios2-elf/lib/libm.a(lib_a-k_tan.o)
 .text.__kernel_tan
                0x000000000003f0e4      0x66c /home/kris/intelFPGA/18.1/nios2eds/bin/gnu/H-x86_64-pc-linux-gnu/bin/../lib/gcc/nios2-elf/5.3.0/../../../../../H-x86_64-pc-linux-gnu/nios2-elf/lib/libm.a(lib_a-k_tan.o)
                0x000000000003f0e4                __kernel_tan
 .text          0x000000000003f750        0x0 /home/kris/intelFPGA/18.1/nios2eds/bin/gnu/H-x86_64-pc-linux-gnu/bin/../lib/gcc/nios2-elf/5.3.0/../../../../../H-x86_64-pc-linux-gnu/nios2-elf/lib/libm.a(lib_a-s_atan.o)
 .text.atan     0x000000000003f750      0x588 /home/kris/intelFPGA/18.1/nios2eds/bin/gnu/H-x86_64-pc-linux-gnu/bin/../lib/gcc/nios2-elf/5.3.0/../../../../../H-x86_64-pc-linux-gnu/nios2-elf/lib/libm.a(lib_a-s_atan.o)
                0x000000000003f750                atan
 .text          0x000000000003fcd8        0x0 /home/kris/intelFPGA/18.1/nios2eds/bin/gnu/H-x86_64-pc-linux-gnu/bin/../lib/gcc/nios2-elf/5.3.0/../../../../../H-x86_64-pc-linux-gnu/nios2-elf/lib/libm.a(lib_a-s_fabs.o)
 .text.fabs     0x000000000003fcd8       0x14 /home/kris/intelFPGA/18.1/nios2eds/bin/gnu/H-x86_64-pc-linux-gnu/bin/../lib/gcc/nios2-elf/5.3.0/../../../../../H-x86_64-pc-linux-gnu/nios2-elf/lib/libm.a(lib_a-s_fabs.o)
                0x000000000003fcd8                fabs
 .text          0x000000000003fcec        0x0 /home/kris/intelFPGA/18.1/nios2eds/bin/gnu/H-x86_64-pc-linux-gnu/bin/../lib/gcc/nios2-elf/5.3.0/../../../../../H-x86_64-pc-linux-gnu/nios2-elf/lib/libm.a(lib_a-s_finite.o)
 .text.finite   0x000000000003fcec       0x1c /home/kris/intelFPGA/18.1/nios2eds/bin/gnu/H-x86_64-pc-linux-gnu/bin/../lib/gcc/nios2-elf/5.3.0/../../../../../H-x86_64-pc-linux-gnu/nios2-elf/lib/libm.a(lib_a-s_finite.o)
                0x000000000003fcec                finite
 .text          0x000000000003fd08        0x0 /home/kris/intelFPGA/18.1/nios2eds/bin/gnu/H-x86_64-pc-linux-gnu/bin/../lib/gcc/nios2-elf/5.3.0/../../../../../H-x86_64-pc-linux-gnu/nios2-elf/lib/libm.a(lib_a-s_fpclassify.o)
 .text.__fpclassifyd
                0x000000000003fd08       0x74 /home/kris/intelFPGA/18.1/nios2eds/bin/gnu/H-x86_64-pc-linux-gnu/bin/../lib/gcc/nios2-elf/5.3.0/../../../../../H-x86_64-pc-linux-gnu/nios2-elf/lib/libm.a(lib_a-s_fpclassify.o)
                0x000000000003fd08                __fpclassifyd
 .text          0x000000000003fd7c        0x0 /home/kris/intelFPGA/18.1/nios2eds/bin/gnu/H-x86_64-pc-linux-gnu/bin/../lib/gcc/nios2-elf/5.3.0/../../../../../H-x86_64-pc-linux-gnu/nios2-elf/lib/libm.a(lib_a-s_lib_ver.o)
 .text          0x000000000003fd7c        0x0 /home/kris/intelFPGA/18.1/nios2eds/bin/gnu/H-x86_64-pc-linux-gnu/bin/../lib/gcc/nios2-elf/5.3.0/../../../../../H-x86_64-pc-linux-gnu/nios2-elf/lib/libm.a(lib_a-s_matherr.o)
 .text.matherr  0x000000000003fd7c        0x8 /home/kris/intelFPGA/18.1/nios2eds/bin/gnu/H-x86_64-pc-linux-gnu/bin/../lib/gcc/nios2-elf/5.3.0/../../../../../H-x86_64-pc-linux-gnu/nios2-elf/lib/libm.a(lib_a-s_matherr.o)
                0x000000000003fd7c                matherr
 .text          0x000000000003fd84        0x0 /home/kris/intelFPGA/18.1/nios2eds/bin/gnu/H-x86_64-pc-linux-gnu/bin/../lib/gcc/nios2-elf/5.3.0/../../../../../H-x86_64-pc-linux-gnu/nios2-elf/lib/libm.a(lib_a-s_nan.o)
 .text.nan      0x000000000003fd84        0xc /home/kris/intelFPGA/18.1/nios2eds/bin/gnu/H-x86_64-pc-linux-gnu/bin/../lib/gcc/nios2-elf/5.3.0/../../../../../H-x86_64-pc-linux-gnu/nios2-elf/lib/libm.a(lib_a-s_nan.o)
                0x000000000003fd84                nan
 .text          0x000000000003fd90        0x0 /home/kris/intelFPGA/18.1/nios2eds/bin/gnu/H-x86_64-pc-linux-gnu/bin/../lib/gcc/nios2-elf/5.3.0/../../../../../H-x86_64-pc-linux-gnu/nios2-elf/lib/libm.a(lib_a-s_rint.o)
 .text.rint     0x000000000003fd90      0x1ec /home/kris/intelFPGA/18.1/nios2eds/bin/gnu/H-x86_64-pc-linux-gnu/bin/../lib/gcc/nios2-elf/5.3.0/../../../../../H-x86_64-pc-linux-gnu/nios2-elf/lib/libm.a(lib_a-s_rint.o)
                0x000000000003fd90                rint
 .text          0x000000000003ff7c        0x0 /home/kris/intelFPGA/18.1/nios2eds/bin/gnu/H-x86_64-pc-linux-gnu/bin/../lib/gcc/nios2-elf/5.3.0/../../../../../H-x86_64-pc-linux-gnu/nios2-elf/lib/libm.a(lib_a-s_scalbn.o)
 .text.scalbn   0x000000000003ff7c      0x19c /home/kris/intelFPGA/18.1/nios2eds/bin/gnu/H-x86_64-pc-linux-gnu/bin/../lib/gcc/nios2-elf/5.3.0/../../../../../H-x86_64-pc-linux-gnu/nios2-elf/lib/libm.a(lib_a-s_scalbn.o)
                0x000000000003ff7c                scalbn
 .text          0x0000000000040118        0x0 /home/kris/intelFPGA/18.1/nios2eds/bin/gnu/H-x86_64-pc-linux-gnu/bin/../lib/gcc/nios2-elf/5.3.0/../../../../../H-x86_64-pc-linux-gnu/nios2-elf/lib/libm.a(lib_a-s_copysign.o)
 .text.copysign
                0x0000000000040118       0x1c /home/kris/intelFPGA/18.1/nios2eds/bin/gnu/H-x86_64-pc-linux-gnu/bin/../lib/gcc/nios2-elf/5.3.0/../../../../../H-x86_64-pc-linux-gnu/nios2-elf/lib/libm.a(lib_a-s_copysign.o)
                0x0000000000040118                copysign
 .text          0x0000000000040134       0x60 /home/kris/intelFPGA/18.1/nios2eds/bin/gnu/H-x86_64-pc-linux-gnu/bin/../lib/gcc/nios2-elf/5.3.0/libgcc.a(_muldi3.o)
                0x0000000000040134                __muldi3
 .text          0x0000000000040194       0x74 /home/kris/intelFPGA/18.1/nios2eds/bin/gnu/H-x86_64-pc-linux-gnu/bin/../lib/gcc/nios2-elf/5.3.0/libgcc.a(_fixdfdi.o)
                0x0000000000040194                __fixdfdi
 .text          0x0000000000040208       0x90 /home/kris/intelFPGA/18.1/nios2eds/bin/gnu/H-x86_64-pc-linux-gnu/bin/../lib/gcc/nios2-elf/5.3.0/libgcc.a(_fixunsdfdi.o)
                0x0000000000040208                __fixunsdfdi
 .text          0x0000000000040298       0x70 /home/kris/intelFPGA/18.1/nios2eds/bin/gnu/H-x86_64-pc-linux-gnu/bin/../lib/gcc/nios2-elf/5.3.0/libgcc.a(_floatdidf.o)
                0x0000000000040298                __floatdidf
 .text          0x0000000000040308      0x5c8 /home/kris/intelFPGA/18.1/nios2eds/bin/gnu/H-x86_64-pc-linux-gnu/bin/../lib/gcc/nios2-elf/5.3.0/libgcc.a(_divdi3.o)
                0x0000000000040308                __divdi3
 .text          0x00000000000408d0      0x590 /home/kris/intelFPGA/18.1/nios2eds/bin/gnu/H-x86_64-pc-linux-gnu/bin/../lib/gcc/nios2-elf/5.3.0/libgcc.a(_moddi3.o)
                0x00000000000408d0                __moddi3
 .text          0x0000000000040e60      0x1b4 /home/kris/intelFPGA/18.1/nios2eds/bin/gnu/H-x86_64-pc-linux-gnu/bin/../lib/gcc/nios2-elf/5.3.0/libgcc.a(lib2-divmod.o)
                0x0000000000040e60                __divsi3
                0x0000000000040ee4                __modsi3
                0x0000000000040f58                __udivsi3
                0x0000000000040fbc                __umodsi3
 .text          0x0000000000041014      0x8ac /home/kris/intelFPGA/18.1/nios2eds/bin/gnu/H-x86_64-pc-linux-gnu/bin/../lib/gcc/nios2-elf/5.3.0/libgcc.a(adddf3.o)
                0x0000000000041014                __adddf3
 .text          0x00000000000418c0      0x8e8 /home/kris/intelFPGA/18.1/nios2eds/bin/gnu/H-x86_64-pc-linux-gnu/bin/../lib/gcc/nios2-elf/5.3.0/libgcc.a(divdf3.o)
                0x00000000000418c0                __divdf3
 .text          0x00000000000421a8       0x88 /home/kris/intelFPGA/18.1/nios2eds/bin/gnu/H-x86_64-pc-linux-gnu/bin/../lib/gcc/nios2-elf/5.3.0/libgcc.a(eqdf2.o)
                0x00000000000421a8                __eqdf2
                0x00000000000421a8                __nedf2
 .text          0x0000000000042230       0xdc /home/kris/intelFPGA/18.1/nios2eds/bin/gnu/H-x86_64-pc-linux-gnu/bin/../lib/gcc/nios2-elf/5.3.0/libgcc.a(gedf2.o)
                0x0000000000042230                __gtdf2
                0x0000000000042230                __gedf2
 .text          0x000000000004230c       0xf4 /home/kris/intelFPGA/18.1/nios2eds/bin/gnu/H-x86_64-pc-linux-gnu/bin/../lib/gcc/nios2-elf/5.3.0/libgcc.a(ledf2.o)
                0x000000000004230c                __ltdf2
                0x000000000004230c                __ledf2
 .text          0x0000000000042400      0x718 /home/kris/intelFPGA/18.1/nios2eds/bin/gnu/H-x86_64-pc-linux-gnu/bin/../lib/gcc/nios2-elf/5.3.0/libgcc.a(muldf3.o)
                0x0000000000042400                __muldf3
 .text          0x0000000000042b18      0x8fc /home/kris/intelFPGA/18.1/nios2eds/bin/gnu/H-x86_64-pc-linux-gnu/bin/../lib/gcc/nios2-elf/5.3.0/libgcc.a(subdf3.o)
                0x0000000000042b18                __subdf3
 .text          0x0000000000043414       0x80 /home/kris/intelFPGA/18.1/nios2eds/bin/gnu/H-x86_64-pc-linux-gnu/bin/../lib/gcc/nios2-elf/5.3.0/libgcc.a(fixdfsi.o)
                0x0000000000043414                __fixdfsi
 .text          0x0000000000043494       0xdc /home/kris/intelFPGA/18.1/nios2eds/bin/gnu/H-x86_64-pc-linux-gnu/bin/../lib/gcc/nios2-elf/5.3.0/libgcc.a(floatsidf.o)
                0x0000000000043494                __floatsidf
 .text          0x0000000000043570       0xa8 /home/kris/intelFPGA/18.1/nios2eds/bin/gnu/H-x86_64-pc-linux-gnu/bin/../lib/gcc/nios2-elf/5.3.0/libgcc.a(floatunsidf.o)
                0x0000000000043570                __floatunsidf
 .text          0x0000000000043618      0x110 /home/kris/intelFPGA/18.1/nios2eds/bin/gnu/H-x86_64-pc-linux-gnu/bin/../lib/gcc/nios2-elf/5.3.0/libgcc.a(extendsfdf2.o)
                0x0000000000043618                __extendsfdf2
 .text          0x0000000000043728      0x1a8 /home/kris/intelFPGA/18.1/nios2eds/bin/gnu/H-x86_64-pc-linux-gnu/bin/../lib/gcc/nios2-elf/5.3.0/libgcc.a(truncdfsf2.o)
                0x0000000000043728                __truncdfsf2
 .text          0x00000000000438d0        0x0 /home/kris/intelFPGA/18.1/nios2eds/bin/gnu/H-x86_64-pc-linux-gnu/bin/../lib/gcc/nios2-elf/5.3.0/libgcc.a(_clz.o)
 .text          0x00000000000438d0       0x64 /home/kris/intelFPGA/18.1/nios2eds/bin/gnu/H-x86_64-pc-linux-gnu/bin/../lib/gcc/nios2-elf/5.3.0/libgcc.a(_clzsi2.o)
                0x00000000000438d0                __clzsi2
 .text          0x0000000000043934       0x74 /home/kris/intelFPGA/18.1/nios2eds/bin/gnu/H-x86_64-pc-linux-gnu/bin/../lib/gcc/nios2-elf/5.3.0/libgcc.a(_fixunsdfsi.o)
                0x0000000000043934                __fixunsdfsi
 .text          0x00000000000439a8        0x0 /home/kris/intelFPGA/18.1/nios2eds/bin/gnu/H-x86_64-pc-linux-gnu/bin/../lib/gcc/nios2-elf/5.3.0/../../../../../H-x86_64-pc-linux-gnu/nios2-elf/lib/libc.a(lib_a-abort.o)
 .text.abort    0x00000000000439a8       0x18 /home/kris/intelFPGA/18.1/nios2eds/bin/gnu/H-x86_64-pc-linux-gnu/bin/../lib/gcc/nios2-elf/5.3.0/../../../../../H-x86_64-pc-linux-gnu/nios2-elf/lib/libc.a(lib_a-abort.o)
                0x00000000000439a8                abort
 .text          0x00000000000439c0        0x0 /home/kris/intelFPGA/18.1/nios2eds/bin/gnu/H-x86_64-pc-linux-gnu/bin/../lib/gcc/nios2-elf/5.3.0/../../../../../H-x86_64-pc-linux-gnu/nios2-elf/lib/libc.a(lib_a-clock.o)
 .text.clock    0x00000000000439c0       0x4c /home/kris/intelFPGA/18.1/nios2eds/bin/gnu/H-x86_64-pc-linux-gnu/bin/../lib/gcc/nios2-elf/5.3.0/../../../../../H-x86_64-pc-linux-gnu/nios2-elf/lib/libc.a(lib_a-clock.o)
                0x00000000000439c0                clock
 .text          0x0000000000043a0c        0x0 /home/kris/intelFPGA/18.1/nios2eds/bin/gnu/H-x86_64-pc-linux-gnu/bin/../lib/gcc/nios2-elf/5.3.0/../../../../../H-x86_64-pc-linux-gnu/nios2-elf/lib/libc.a(lib_a-ctype_.o)
 .text          0x0000000000043a0c        0x0 /home/kris/intelFPGA/18.1/nios2eds/bin/gnu/H-x86_64-pc-linux-gnu/bin/../lib/gcc/nios2-elf/5.3.0/../../../../../H-x86_64-pc-linux-gnu/nios2-elf/lib/libc.a(lib_a-difftime.o)
 .text.difftime
                0x0000000000043a0c       0x1c /home/kris/intelFPGA/18.1/nios2eds/bin/gnu/H-x86_64-pc-linux-gnu/bin/../lib/gcc/nios2-elf/5.3.0/../../../../../H-x86_64-pc-linux-gnu/nios2-elf/lib/libc.a(lib_a-difftime.o)
                0x0000000000043a0c                difftime
 .text          0x0000000000043a28        0x0 /home/kris/intelFPGA/18.1/nios2eds/bin/gnu/H-x86_64-pc-linux-gnu/bin/../lib/gcc/nios2-elf/5.3.0/../../../../../H-x86_64-pc-linux-gnu/nios2-elf/lib/libc.a(lib_a-errno.o)
 .text.__errno  0x0000000000043a28       0x10 /home/kris/intelFPGA/18.1/nios2eds/bin/gnu/H-x86_64-pc-linux-gnu/bin/../lib/gcc/nios2-elf/5.3.0/../../../../../H-x86_64-pc-linux-gnu/nios2-elf/lib/libc.a(lib_a-errno.o)
                0x0000000000043a28                __errno
 .text          0x0000000000043a38        0x0 /home/kris/intelFPGA/18.1/nios2eds/bin/gnu/H-x86_64-pc-linux-gnu/bin/../lib/gcc/nios2-elf/5.3.0/../../../../../H-x86_64-pc-linux-gnu/nios2-elf/lib/libc.a(lib_a-exit.o)
 .text.exit     0x0000000000043a38       0x38 /home/kris/intelFPGA/18.1/nios2eds/bin/gnu/H-x86_64-pc-linux-gnu/bin/../lib/gcc/nios2-elf/5.3.0/../../../../../H-x86_64-pc-linux-gnu/nios2-elf/lib/libc.a(lib_a-exit.o)
                0x0000000000043a38                exit
 .text          0x0000000000043a70        0x0 /home/kris/intelFPGA/18.1/nios2eds/bin/gnu/H-x86_64-pc-linux-gnu/bin/../lib/gcc/nios2-elf/5.3.0/../../../../../H-x86_64-pc-linux-gnu/nios2-elf/lib/libc.a(lib_a-fclose.o)
 .text._fclose_r
                0x0000000000043a70       0xf0 /home/kris/intelFPGA/18.1/nios2eds/bin/gnu/H-x86_64-pc-linux-gnu/bin/../lib/gcc/nios2-elf/5.3.0/../../../../../H-x86_64-pc-linux-gnu/nios2-elf/lib/libc.a(lib_a-fclose.o)
                0x0000000000043a70                _fclose_r
 .text.fclose   0x0000000000043b60       0x14 /home/kris/intelFPGA/18.1/nios2eds/bin/gnu/H-x86_64-pc-linux-gnu/bin/../lib/gcc/nios2-elf/5.3.0/../../../../../H-x86_64-pc-linux-gnu/nios2-elf/lib/libc.a(lib_a-fclose.o)
                0x0000000000043b60                fclose
 .text          0x0000000000043b74        0x0 /home/kris/intelFPGA/18.1/nios2eds/bin/gnu/H-x86_64-pc-linux-gnu/bin/../lib/gcc/nios2-elf/5.3.0/../../../../../H-x86_64-pc-linux-gnu/nios2-elf/lib/libc.a(lib_a-fflush.o)
 .text.__sflush_r
                0x0000000000043b74      0x21c /home/kris/intelFPGA/18.1/nios2eds/bin/gnu/H-x86_64-pc-linux-gnu/bin/../lib/gcc/nios2-elf/5.3.0/../../../../../H-x86_64-pc-linux-gnu/nios2-elf/lib/libc.a(lib_a-fflush.o)
                0x0000000000043b74                __sflush_r
 .text._fflush_r
                0x0000000000043d90       0x5c /home/kris/intelFPGA/18.1/nios2eds/bin/gnu/H-x86_64-pc-linux-gnu/bin/../lib/gcc/nios2-elf/5.3.0/../../../../../H-x86_64-pc-linux-gnu/nios2-elf/lib/libc.a(lib_a-fflush.o)
                0x0000000000043d90                _fflush_r
 .text.fflush   0x0000000000043dec       0x30 /home/kris/intelFPGA/18.1/nios2eds/bin/gnu/H-x86_64-pc-linux-gnu/bin/../lib/gcc/nios2-elf/5.3.0/../../../../../H-x86_64-pc-linux-gnu/nios2-elf/lib/libc.a(lib_a-fflush.o)
                0x0000000000043dec                fflush
 .text          0x0000000000043e1c        0x0 /home/kris/intelFPGA/18.1/nios2eds/bin/gnu/H-x86_64-pc-linux-gnu/bin/../lib/gcc/nios2-elf/5.3.0/../../../../../H-x86_64-pc-linux-gnu/nios2-elf/lib/libc.a(lib_a-fgets.o)
 .text._fgets_r
                0x0000000000043e1c      0x144 /home/kris/intelFPGA/18.1/nios2eds/bin/gnu/H-x86_64-pc-linux-gnu/bin/../lib/gcc/nios2-elf/5.3.0/../../../../../H-x86_64-pc-linux-gnu/nios2-elf/lib/libc.a(lib_a-fgets.o)
                0x0000000000043e1c                _fgets_r
 .text.fgets    0x0000000000043f60       0x1c /home/kris/intelFPGA/18.1/nios2eds/bin/gnu/H-x86_64-pc-linux-gnu/bin/../lib/gcc/nios2-elf/5.3.0/../../../../../H-x86_64-pc-linux-gnu/nios2-elf/lib/libc.a(lib_a-fgets.o)
                0x0000000000043f60                fgets
 .text          0x0000000000043f7c        0x0 /home/kris/intelFPGA/18.1/nios2eds/bin/gnu/H-x86_64-pc-linux-gnu/bin/../lib/gcc/nios2-elf/5.3.0/../../../../../H-x86_64-pc-linux-gnu/nios2-elf/lib/libc.a(lib_a-findfp.o)
 .text.__fp_unlock
                0x0000000000043f7c        0x8 /home/kris/intelFPGA/18.1/nios2eds/bin/gnu/H-x86_64-pc-linux-gnu/bin/../lib/gcc/nios2-elf/5.3.0/../../../../../H-x86_64-pc-linux-gnu/nios2-elf/lib/libc.a(lib_a-findfp.o)
 .text._cleanup_r
                0x0000000000043f84        0xc /home/kris/intelFPGA/18.1/nios2eds/bin/gnu/H-x86_64-pc-linux-gnu/bin/../lib/gcc/nios2-elf/5.3.0/../../../../../H-x86_64-pc-linux-gnu/nios2-elf/lib/libc.a(lib_a-findfp.o)
                0x0000000000043f84                _cleanup_r
 .text.__sinit.part.1
                0x0000000000043f90      0x19c /home/kris/intelFPGA/18.1/nios2eds/bin/gnu/H-x86_64-pc-linux-gnu/bin/../lib/gcc/nios2-elf/5.3.0/../../../../../H-x86_64-pc-linux-gnu/nios2-elf/lib/libc.a(lib_a-findfp.o)
 .text.__fp_lock
                0x000000000004412c        0x8 /home/kris/intelFPGA/18.1/nios2eds/bin/gnu/H-x86_64-pc-linux-gnu/bin/../lib/gcc/nios2-elf/5.3.0/../../../../../H-x86_64-pc-linux-gnu/nios2-elf/lib/libc.a(lib_a-findfp.o)
 .text.__sfmoreglue
                0x0000000000044134       0x68 /home/kris/intelFPGA/18.1/nios2eds/bin/gnu/H-x86_64-pc-linux-gnu/bin/../lib/gcc/nios2-elf/5.3.0/../../../../../H-x86_64-pc-linux-gnu/nios2-elf/lib/libc.a(lib_a-findfp.o)
                0x0000000000044134                __sfmoreglue
 .text.__sfp    0x000000000004419c      0x118 /home/kris/intelFPGA/18.1/nios2eds/bin/gnu/H-x86_64-pc-linux-gnu/bin/../lib/gcc/nios2-elf/5.3.0/../../../../../H-x86_64-pc-linux-gnu/nios2-elf/lib/libc.a(lib_a-findfp.o)
                0x000000000004419c                __sfp
 .text._cleanup
                0x00000000000442b4       0x18 /home/kris/intelFPGA/18.1/nios2eds/bin/gnu/H-x86_64-pc-linux-gnu/bin/../lib/gcc/nios2-elf/5.3.0/../../../../../H-x86_64-pc-linux-gnu/nios2-elf/lib/libc.a(lib_a-findfp.o)
                0x00000000000442b4                _cleanup
 .text.__sinit  0x00000000000442cc       0x10 /home/kris/intelFPGA/18.1/nios2eds/bin/gnu/H-x86_64-pc-linux-gnu/bin/../lib/gcc/nios2-elf/5.3.0/../../../../../H-x86_64-pc-linux-gnu/nios2-elf/lib/libc.a(lib_a-findfp.o)
                0x00000000000442cc                __sinit
 .text.__sfp_lock_acquire
                0x00000000000442dc        0x4 /home/kris/intelFPGA/18.1/nios2eds/bin/gnu/H-x86_64-pc-linux-gnu/bin/../lib/gcc/nios2-elf/5.3.0/../../../../../H-x86_64-pc-linux-gnu/nios2-elf/lib/libc.a(lib_a-findfp.o)
                0x00000000000442dc                __sfp_lock_acquire
 .text.__sfp_lock_release
                0x00000000000442e0        0x4 /home/kris/intelFPGA/18.1/nios2eds/bin/gnu/H-x86_64-pc-linux-gnu/bin/../lib/gcc/nios2-elf/5.3.0/../../../../../H-x86_64-pc-linux-gnu/nios2-elf/lib/libc.a(lib_a-findfp.o)
                0x00000000000442e0                __sfp_lock_release
 .text.__sinit_lock_acquire
                0x00000000000442e4        0x4 /home/kris/intelFPGA/18.1/nios2eds/bin/gnu/H-x86_64-pc-linux-gnu/bin/../lib/gcc/nios2-elf/5.3.0/../../../../../H-x86_64-pc-linux-gnu/nios2-elf/lib/libc.a(lib_a-findfp.o)
                0x00000000000442e4                __sinit_lock_acquire
 .text.__sinit_lock_release
                0x00000000000442e8        0x4 /home/kris/intelFPGA/18.1/nios2eds/bin/gnu/H-x86_64-pc-linux-gnu/bin/../lib/gcc/nios2-elf/5.3.0/../../../../../H-x86_64-pc-linux-gnu/nios2-elf/lib/libc.a(lib_a-findfp.o)
                0x00000000000442e8                __sinit_lock_release
 .text.__fp_lock_all
                0x00000000000442ec       0x18 /home/kris/intelFPGA/18.1/nios2eds/bin/gnu/H-x86_64-pc-linux-gnu/bin/../lib/gcc/nios2-elf/5.3.0/../../../../../H-x86_64-pc-linux-gnu/nios2-elf/lib/libc.a(lib_a-findfp.o)
                0x00000000000442ec                __fp_lock_all
 .text.__fp_unlock_all
                0x0000000000044304       0x18 /home/kris/intelFPGA/18.1/nios2eds/bin/gnu/H-x86_64-pc-linux-gnu/bin/../lib/gcc/nios2-elf/5.3.0/../../../../../H-x86_64-pc-linux-gnu/nios2-elf/lib/libc.a(lib_a-findfp.o)
                0x0000000000044304                __fp_unlock_all
 .text          0x000000000004431c        0x0 /home/kris/intelFPGA/18.1/nios2eds/bin/gnu/H-x86_64-pc-linux-gnu/bin/../lib/gcc/nios2-elf/5.3.0/../../../../../H-x86_64-pc-linux-gnu/nios2-elf/lib/libc.a(lib_a-fopen.o)
 .text._fopen_r
                0x000000000004431c       0xf4 /home/kris/intelFPGA/18.1/nios2eds/bin/gnu/H-x86_64-pc-linux-gnu/bin/../lib/gcc/nios2-elf/5.3.0/../../../../../H-x86_64-pc-linux-gnu/nios2-elf/lib/libc.a(lib_a-fopen.o)
                0x000000000004431c                _fopen_r
 .text.fopen    0x0000000000044410       0x18 /home/kris/intelFPGA/18.1/nios2eds/bin/gnu/H-x86_64-pc-linux-gnu/bin/../lib/gcc/nios2-elf/5.3.0/../../../../../H-x86_64-pc-linux-gnu/nios2-elf/lib/libc.a(lib_a-fopen.o)
                0x0000000000044410                fopen
 .text          0x0000000000044428        0x0 /home/kris/intelFPGA/18.1/nios2eds/bin/gnu/H-x86_64-pc-linux-gnu/bin/../lib/gcc/nios2-elf/5.3.0/../../../../../H-x86_64-pc-linux-gnu/nios2-elf/lib/libc.a(lib_a-fprintf.o)
 .text._fprintf_r
                0x0000000000044428       0x28 /home/kris/intelFPGA/18.1/nios2eds/bin/gnu/H-x86_64-pc-linux-gnu/bin/../lib/gcc/nios2-elf/5.3.0/../../../../../H-x86_64-pc-linux-gnu/nios2-elf/lib/libc.a(lib_a-fprintf.o)
                0x0000000000044428                _fprintf_r
 .text.fprintf  0x0000000000044450       0x24 /home/kris/intelFPGA/18.1/nios2eds/bin/gnu/H-x86_64-pc-linux-gnu/bin/../lib/gcc/nios2-elf/5.3.0/../../../../../H-x86_64-pc-linux-gnu/nios2-elf/lib/libc.a(lib_a-fprintf.o)
                0x0000000000044450                fprintf
 .text          0x0000000000044474        0x0 /home/kris/intelFPGA/18.1/nios2eds/bin/gnu/H-x86_64-pc-linux-gnu/bin/../lib/gcc/nios2-elf/5.3.0/../../../../../H-x86_64-pc-linux-gnu/nios2-elf/lib/libc.a(lib_a-fputs.o)
 .text._fputs_r
                0x0000000000044474       0x9c /home/kris/intelFPGA/18.1/nios2eds/bin/gnu/H-x86_64-pc-linux-gnu/bin/../lib/gcc/nios2-elf/5.3.0/../../../../../H-x86_64-pc-linux-gnu/nios2-elf/lib/libc.a(lib_a-fputs.o)
                0x0000000000044474                _fputs_r
 .text.fputs    0x0000000000044510       0x18 /home/kris/intelFPGA/18.1/nios2eds/bin/gnu/H-x86_64-pc-linux-gnu/bin/../lib/gcc/nios2-elf/5.3.0/../../../../../H-x86_64-pc-linux-gnu/nios2-elf/lib/libc.a(lib_a-fputs.o)
                0x0000000000044510                fputs
 .text          0x0000000000044528        0x0 /home/kris/intelFPGA/18.1/nios2eds/bin/gnu/H-x86_64-pc-linux-gnu/bin/../lib/gcc/nios2-elf/5.3.0/../../../../../H-x86_64-pc-linux-gnu/nios2-elf/lib/libc.a(lib_a-fread.o)
 .text._fread_r
                0x0000000000044528      0x22c /home/kris/intelFPGA/18.1/nios2eds/bin/gnu/H-x86_64-pc-linux-gnu/bin/../lib/gcc/nios2-elf/5.3.0/../../../../../H-x86_64-pc-linux-gnu/nios2-elf/lib/libc.a(lib_a-fread.o)
                0x0000000000044528                _fread_r
 .text.fread    0x0000000000044754       0x34 /home/kris/intelFPGA/18.1/nios2eds/bin/gnu/H-x86_64-pc-linux-gnu/bin/../lib/gcc/nios2-elf/5.3.0/../../../../../H-x86_64-pc-linux-gnu/nios2-elf/lib/libc.a(lib_a-fread.o)
                0x0000000000044754                fread
 .text          0x0000000000044788        0x0 /home/kris/intelFPGA/18.1/nios2eds/bin/gnu/H-x86_64-pc-linux-gnu/bin/../lib/gcc/nios2-elf/5.3.0/../../../../../H-x86_64-pc-linux-gnu/nios2-elf/lib/libc.a(lib_a-freer.o)
 .text._malloc_trim_r
                0x0000000000044788      0x124 /home/kris/intelFPGA/18.1/nios2eds/bin/gnu/H-x86_64-pc-linux-gnu/bin/../lib/gcc/nios2-elf/5.3.0/../../../../../H-x86_64-pc-linux-gnu/nios2-elf/lib/libc.a(lib_a-freer.o)
                0x0000000000044788                _malloc_trim_r
 .text._free_r  0x00000000000448ac      0x310 /home/kris/intelFPGA/18.1/nios2eds/bin/gnu/H-x86_64-pc-linux-gnu/bin/../lib/gcc/nios2-elf/5.3.0/../../../../../H-x86_64-pc-linux-gnu/nios2-elf/lib/libc.a(lib_a-freer.o)
                0x00000000000448ac                _free_r
 .text          0x0000000000044bbc        0x0 /home/kris/intelFPGA/18.1/nios2eds/bin/gnu/H-x86_64-pc-linux-gnu/bin/../lib/gcc/nios2-elf/5.3.0/../../../../../H-x86_64-pc-linux-gnu/nios2-elf/lib/libc.a(lib_a-freopen.o)
 .text._freopen_r
                0x0000000000044bbc      0x234 /home/kris/intelFPGA/18.1/nios2eds/bin/gnu/H-x86_64-pc-linux-gnu/bin/../lib/gcc/nios2-elf/5.3.0/../../../../../H-x86_64-pc-linux-gnu/nios2-elf/lib/libc.a(lib_a-freopen.o)
                0x0000000000044bbc                _freopen_r
 .text.freopen  0x0000000000044df0       0x1c /home/kris/intelFPGA/18.1/nios2eds/bin/gnu/H-x86_64-pc-linux-gnu/bin/../lib/gcc/nios2-elf/5.3.0/../../../../../H-x86_64-pc-linux-gnu/nios2-elf/lib/libc.a(lib_a-freopen.o)
                0x0000000000044df0                freopen
 .text          0x0000000000044e0c        0x0 /home/kris/intelFPGA/18.1/nios2eds/bin/gnu/H-x86_64-pc-linux-gnu/bin/../lib/gcc/nios2-elf/5.3.0/../../../../../H-x86_64-pc-linux-gnu/nios2-elf/lib/libc.a(lib_a-fseek.o)
 .text._fseek_r
                0x0000000000044e0c        0x4 /home/kris/intelFPGA/18.1/nios2eds/bin/gnu/H-x86_64-pc-linux-gnu/bin/../lib/gcc/nios2-elf/5.3.0/../../../../../H-x86_64-pc-linux-gnu/nios2-elf/lib/libc.a(lib_a-fseek.o)
                0x0000000000044e0c                _fseek_r
 .text.fseek    0x0000000000044e10       0x1c /home/kris/intelFPGA/18.1/nios2eds/bin/gnu/H-x86_64-pc-linux-gnu/bin/../lib/gcc/nios2-elf/5.3.0/../../../../../H-x86_64-pc-linux-gnu/nios2-elf/lib/libc.a(lib_a-fseek.o)
                0x0000000000044e10                fseek
 .text          0x0000000000044e2c        0x0 /home/kris/intelFPGA/18.1/nios2eds/bin/gnu/H-x86_64-pc-linux-gnu/bin/../lib/gcc/nios2-elf/5.3.0/../../../../../H-x86_64-pc-linux-gnu/nios2-elf/lib/libc.a(lib_a-fseeko.o)
 .text._fseeko_r
                0x0000000000044e2c      0x444 /home/kris/intelFPGA/18.1/nios2eds/bin/gnu/H-x86_64-pc-linux-gnu/bin/../lib/gcc/nios2-elf/5.3.0/../../../../../H-x86_64-pc-linux-gnu/nios2-elf/lib/libc.a(lib_a-fseeko.o)
                0x0000000000044e2c                _fseeko_r
 .text.fseeko   0x0000000000045270       0x1c /home/kris/intelFPGA/18.1/nios2eds/bin/gnu/H-x86_64-pc-linux-gnu/bin/../lib/gcc/nios2-elf/5.3.0/../../../../../H-x86_64-pc-linux-gnu/nios2-elf/lib/libc.a(lib_a-fseeko.o)
                0x0000000000045270                fseeko
 .text          0x000000000004528c        0x0 /home/kris/intelFPGA/18.1/nios2eds/bin/gnu/H-x86_64-pc-linux-gnu/bin/../lib/gcc/nios2-elf/5.3.0/../../../../../H-x86_64-pc-linux-gnu/nios2-elf/lib/libc.a(lib_a-fstatr.o)
 .text._fstat_r
                0x000000000004528c       0x5c /home/kris/intelFPGA/18.1/nios2eds/bin/gnu/H-x86_64-pc-linux-gnu/bin/../lib/gcc/nios2-elf/5.3.0/../../../../../H-x86_64-pc-linux-gnu/nios2-elf/lib/libc.a(lib_a-fstatr.o)
                0x000000000004528c                _fstat_r
 .text          0x00000000000452e8        0x0 /home/kris/intelFPGA/18.1/nios2eds/bin/gnu/H-x86_64-pc-linux-gnu/bin/../lib/gcc/nios2-elf/5.3.0/../../../../../H-x86_64-pc-linux-gnu/nios2-elf/lib/libc.a(lib_a-ftell.o)
 .text._ftell_r
                0x00000000000452e8        0x4 /home/kris/intelFPGA/18.1/nios2eds/bin/gnu/H-x86_64-pc-linux-gnu/bin/../lib/gcc/nios2-elf/5.3.0/../../../../../H-x86_64-pc-linux-gnu/nios2-elf/lib/libc.a(lib_a-ftell.o)
                0x00000000000452e8                _ftell_r
 .text.ftell    0x00000000000452ec       0x14 /home/kris/intelFPGA/18.1/nios2eds/bin/gnu/H-x86_64-pc-linux-gnu/bin/../lib/gcc/nios2-elf/5.3.0/../../../../../H-x86_64-pc-linux-gnu/nios2-elf/lib/libc.a(lib_a-ftell.o)
                0x00000000000452ec                ftell
 .text          0x0000000000045300        0x0 /home/kris/intelFPGA/18.1/nios2eds/bin/gnu/H-x86_64-pc-linux-gnu/bin/../lib/gcc/nios2-elf/5.3.0/../../../../../H-x86_64-pc-linux-gnu/nios2-elf/lib/libc.a(lib_a-ftello.o)
 .text._ftello_r
                0x0000000000045300       0xec /home/kris/intelFPGA/18.1/nios2eds/bin/gnu/H-x86_64-pc-linux-gnu/bin/../lib/gcc/nios2-elf/5.3.0/../../../../../H-x86_64-pc-linux-gnu/nios2-elf/lib/libc.a(lib_a-ftello.o)
                0x0000000000045300                _ftello_r
 .text.ftello   0x00000000000453ec       0x14 /home/kris/intelFPGA/18.1/nios2eds/bin/gnu/H-x86_64-pc-linux-gnu/bin/../lib/gcc/nios2-elf/5.3.0/../../../../../H-x86_64-pc-linux-gnu/nios2-elf/lib/libc.a(lib_a-ftello.o)
                0x00000000000453ec                ftello
 .text          0x0000000000045400        0x0 /home/kris/intelFPGA/18.1/nios2eds/bin/gnu/H-x86_64-pc-linux-gnu/bin/../lib/gcc/nios2-elf/5.3.0/../../../../../H-x86_64-pc-linux-gnu/nios2-elf/lib/libc.a(lib_a-fvwrite.o)
 .text.__sfvwrite_r
                0x0000000000045400      0x4bc /home/kris/intelFPGA/18.1/nios2eds/bin/gnu/H-x86_64-pc-linux-gnu/bin/../lib/gcc/nios2-elf/5.3.0/../../../../../H-x86_64-pc-linux-gnu/nios2-elf/lib/libc.a(lib_a-fvwrite.o)
                0x0000000000045400                __sfvwrite_r
 .text          0x00000000000458bc        0x0 /home/kris/intelFPGA/18.1/nios2eds/bin/gnu/H-x86_64-pc-linux-gnu/bin/../lib/gcc/nios2-elf/5.3.0/../../../../../H-x86_64-pc-linux-gnu/nios2-elf/lib/libc.a(lib_a-fwalk.o)
 .text._fwalk   0x00000000000458bc       0xc4 /home/kris/intelFPGA/18.1/nios2eds/bin/gnu/H-x86_64-pc-linux-gnu/bin/../lib/gcc/nios2-elf/5.3.0/../../../../../H-x86_64-pc-linux-gnu/nios2-elf/lib/libc.a(lib_a-fwalk.o)
                0x00000000000458bc                _fwalk
 .text._fwalk_reent
                0x0000000000045980       0xc4 /home/kris/intelFPGA/18.1/nios2eds/bin/gnu/H-x86_64-pc-linux-gnu/bin/../lib/gcc/nios2-elf/5.3.0/../../../../../H-x86_64-pc-linux-gnu/nios2-elf/lib/libc.a(lib_a-fwalk.o)
                0x0000000000045980                _fwalk_reent
 .text          0x0000000000045a44        0x0 /home/kris/intelFPGA/18.1/nios2eds/bin/gnu/H-x86_64-pc-linux-gnu/bin/../lib/gcc/nios2-elf/5.3.0/../../../../../H-x86_64-pc-linux-gnu/nios2-elf/lib/libc.a(lib_a-fwrite.o)
 .text._fwrite_r
                0x0000000000045a44       0xcc /home/kris/intelFPGA/18.1/nios2eds/bin/gnu/H-x86_64-pc-linux-gnu/bin/../lib/gcc/nios2-elf/5.3.0/../../../../../H-x86_64-pc-linux-gnu/nios2-elf/lib/libc.a(lib_a-fwrite.o)
                0x0000000000045a44                _fwrite_r
 .text.fwrite   0x0000000000045b10       0x34 /home/kris/intelFPGA/18.1/nios2eds/bin/gnu/H-x86_64-pc-linux-gnu/bin/../lib/gcc/nios2-elf/5.3.0/../../../../../H-x86_64-pc-linux-gnu/nios2-elf/lib/libc.a(lib_a-fwrite.o)
                0x0000000000045b10                fwrite
 .text          0x0000000000045b44        0x0 /home/kris/intelFPGA/18.1/nios2eds/bin/gnu/H-x86_64-pc-linux-gnu/bin/../lib/gcc/nios2-elf/5.3.0/../../../../../H-x86_64-pc-linux-gnu/nios2-elf/lib/libc.a(lib_a-getc.o)
 .text._getc_r  0x0000000000045b44       0x70 /home/kris/intelFPGA/18.1/nios2eds/bin/gnu/H-x86_64-pc-linux-gnu/bin/../lib/gcc/nios2-elf/5.3.0/../../../../../H-x86_64-pc-linux-gnu/nios2-elf/lib/libc.a(lib_a-getc.o)
                0x0000000000045b44                _getc_r
 .text.getc     0x0000000000045bb4       0x88 /home/kris/intelFPGA/18.1/nios2eds/bin/gnu/H-x86_64-pc-linux-gnu/bin/../lib/gcc/nios2-elf/5.3.0/../../../../../H-x86_64-pc-linux-gnu/nios2-elf/lib/libc.a(lib_a-getc.o)
                0x0000000000045bb4                getc
 .text          0x0000000000045c3c        0x0 /home/kris/intelFPGA/18.1/nios2eds/bin/gnu/H-x86_64-pc-linux-gnu/bin/../lib/gcc/nios2-elf/5.3.0/../../../../../H-x86_64-pc-linux-gnu/nios2-elf/lib/libc.a(lib_a-getenv.o)
 .text._findenv
                0x0000000000045c3c       0x18 /home/kris/intelFPGA/18.1/nios2eds/bin/gnu/H-x86_64-pc-linux-gnu/bin/../lib/gcc/nios2-elf/5.3.0/../../../../../H-x86_64-pc-linux-gnu/nios2-elf/lib/libc.a(lib_a-getenv.o)
                0x0000000000045c3c                _findenv
 .text.getenv   0x0000000000045c54       0x2c /home/kris/intelFPGA/18.1/nios2eds/bin/gnu/H-x86_64-pc-linux-gnu/bin/../lib/gcc/nios2-elf/5.3.0/../../../../../H-x86_64-pc-linux-gnu/nios2-elf/lib/libc.a(lib_a-getenv.o)
                0x0000000000045c54                getenv
 .text          0x0000000000045c80        0x0 /home/kris/intelFPGA/18.1/nios2eds/bin/gnu/H-x86_64-pc-linux-gnu/bin/../lib/gcc/nios2-elf/5.3.0/../../../../../H-x86_64-pc-linux-gnu/nios2-elf/lib/libc.a(lib_a-getenv_r.o)
 .text._findenv_r
                0x0000000000045c80      0x104 /home/kris/intelFPGA/18.1/nios2eds/bin/gnu/H-x86_64-pc-linux-gnu/bin/../lib/gcc/nios2-elf/5.3.0/../../../../../H-x86_64-pc-linux-gnu/nios2-elf/lib/libc.a(lib_a-getenv_r.o)
                0x0000000000045c80                _findenv_r
 .text._getenv_r
                0x0000000000045d84       0x1c /home/kris/intelFPGA/18.1/nios2eds/bin/gnu/H-x86_64-pc-linux-gnu/bin/../lib/gcc/nios2-elf/5.3.0/../../../../../H-x86_64-pc-linux-gnu/nios2-elf/lib/libc.a(lib_a-getenv_r.o)
                0x0000000000045d84                _getenv_r
 .text          0x0000000000045da0        0x0 /home/kris/intelFPGA/18.1/nios2eds/bin/gnu/H-x86_64-pc-linux-gnu/bin/../lib/gcc/nios2-elf/5.3.0/../../../../../H-x86_64-pc-linux-gnu/nios2-elf/lib/libc.a(lib_a-gmtime.o)
 .text.gmtime   0x0000000000045da0       0x14 /home/kris/intelFPGA/18.1/nios2eds/bin/gnu/H-x86_64-pc-linux-gnu/bin/../lib/gcc/nios2-elf/5.3.0/../../../../../H-x86_64-pc-linux-gnu/nios2-elf/lib/libc.a(lib_a-gmtime.o)
                0x0000000000045da0                gmtime
 .text          0x0000000000045db4        0x0 /home/kris/intelFPGA/18.1/nios2eds/bin/gnu/H-x86_64-pc-linux-gnu/bin/../lib/gcc/nios2-elf/5.3.0/../../../../../H-x86_64-pc-linux-gnu/nios2-elf/lib/libc.a(lib_a-gmtime_r.o)
 .text.gmtime_r
                0x0000000000045db4      0x20c /home/kris/intelFPGA/18.1/nios2eds/bin/gnu/H-x86_64-pc-linux-gnu/bin/../lib/gcc/nios2-elf/5.3.0/../../../../../H-x86_64-pc-linux-gnu/nios2-elf/lib/libc.a(lib_a-gmtime_r.o)
                0x0000000000045db4                gmtime_r
 .text          0x0000000000045fc0        0x0 /home/kris/intelFPGA/18.1/nios2eds/bin/gnu/H-x86_64-pc-linux-gnu/bin/../lib/gcc/nios2-elf/5.3.0/../../../../../H-x86_64-pc-linux-gnu/nios2-elf/lib/libc.a(lib_a-impure.o)
 .text          0x0000000000045fc0        0x0 /home/kris/intelFPGA/18.1/nios2eds/bin/gnu/H-x86_64-pc-linux-gnu/bin/../lib/gcc/nios2-elf/5.3.0/../../../../../H-x86_64-pc-linux-gnu/nios2-elf/lib/libc.a(lib_a-int_errno.o)
 .text          0x0000000000045fc0        0x0 /home/kris/intelFPGA/18.1/nios2eds/bin/gnu/H-x86_64-pc-linux-gnu/bin/../lib/gcc/nios2-elf/5.3.0/../../../../../H-x86_64-pc-linux-gnu/nios2-elf/lib/libc.a(lib_a-lcltime.o)
 .text.localtime
                0x0000000000045fc0       0x14 /home/kris/intelFPGA/18.1/nios2eds/bin/gnu/H-x86_64-pc-linux-gnu/bin/../lib/gcc/nios2-elf/5.3.0/../../../../../H-x86_64-pc-linux-gnu/nios2-elf/lib/libc.a(lib_a-lcltime.o)
                0x0000000000045fc0                localtime
 .text          0x0000000000045fd4        0x0 /home/kris/intelFPGA/18.1/nios2eds/bin/gnu/H-x86_64-pc-linux-gnu/bin/../lib/gcc/nios2-elf/5.3.0/../../../../../H-x86_64-pc-linux-gnu/nios2-elf/lib/libc.a(lib_a-lcltime_r.o)
 .text.localtime_r
                0x0000000000045fd4      0x340 /home/kris/intelFPGA/18.1/nios2eds/bin/gnu/H-x86_64-pc-linux-gnu/bin/../lib/gcc/nios2-elf/5.3.0/../../../../../H-x86_64-pc-linux-gnu/nios2-elf/lib/libc.a(lib_a-lcltime_r.o)
                0x0000000000045fd4                localtime_r
 .text          0x0000000000046314        0x0 /home/kris/intelFPGA/18.1/nios2eds/bin/gnu/H-x86_64-pc-linux-gnu/bin/../lib/gcc/nios2-elf/5.3.0/../../../../../H-x86_64-pc-linux-gnu/nios2-elf/lib/libc.a(lib_a-locale.o)
 .text._setlocale_r
                0x0000000000046314       0x7c /home/kris/intelFPGA/18.1/nios2eds/bin/gnu/H-x86_64-pc-linux-gnu/bin/../lib/gcc/nios2-elf/5.3.0/../../../../../H-x86_64-pc-linux-gnu/nios2-elf/lib/libc.a(lib_a-locale.o)
                0x0000000000046314                _setlocale_r
 .text.__locale_charset
                0x0000000000046390        0xc /home/kris/intelFPGA/18.1/nios2eds/bin/gnu/H-x86_64-pc-linux-gnu/bin/../lib/gcc/nios2-elf/5.3.0/../../../../../H-x86_64-pc-linux-gnu/nios2-elf/lib/libc.a(lib_a-locale.o)
                0x0000000000046390                __locale_charset
 .text.__locale_mb_cur_max
                0x000000000004639c       0x10 /home/kris/intelFPGA/18.1/nios2eds/bin/gnu/H-x86_64-pc-linux-gnu/bin/../lib/gcc/nios2-elf/5.3.0/../../../../../H-x86_64-pc-linux-gnu/nios2-elf/lib/libc.a(lib_a-locale.o)
                0x000000000004639c                __locale_mb_cur_max
 .text.__locale_msgcharset
                0x00000000000463ac        0xc /home/kris/intelFPGA/18.1/nios2eds/bin/gnu/H-x86_64-pc-linux-gnu/bin/../lib/gcc/nios2-elf/5.3.0/../../../../../H-x86_64-pc-linux-gnu/nios2-elf/lib/libc.a(lib_a-locale.o)
                0x00000000000463ac                __locale_msgcharset
 .text.__locale_cjk_lang
                0x00000000000463b8        0x8 /home/kris/intelFPGA/18.1/nios2eds/bin/gnu/H-x86_64-pc-linux-gnu/bin/../lib/gcc/nios2-elf/5.3.0/../../../../../H-x86_64-pc-linux-gnu/nios2-elf/lib/libc.a(lib_a-locale.o)
                0x00000000000463b8                __locale_cjk_lang
 .text._localeconv_r
                0x00000000000463c0        0xc /home/kris/intelFPGA/18.1/nios2eds/bin/gnu/H-x86_64-pc-linux-gnu/bin/../lib/gcc/nios2-elf/5.3.0/../../../../../H-x86_64-pc-linux-gnu/nios2-elf/lib/libc.a(lib_a-locale.o)
                0x00000000000463c0                _localeconv_r
 .text.setlocale
                0x00000000000463cc       0x18 /home/kris/intelFPGA/18.1/nios2eds/bin/gnu/H-x86_64-pc-linux-gnu/bin/../lib/gcc/nios2-elf/5.3.0/../../../../../H-x86_64-pc-linux-gnu/nios2-elf/lib/libc.a(lib_a-locale.o)
                0x00000000000463cc                setlocale
 .text.localeconv
                0x00000000000463e4        0xc /home/kris/intelFPGA/18.1/nios2eds/bin/gnu/H-x86_64-pc-linux-gnu/bin/../lib/gcc/nios2-elf/5.3.0/../../../../../H-x86_64-pc-linux-gnu/nios2-elf/lib/libc.a(lib_a-locale.o)
                0x00000000000463e4                localeconv
 .text          0x00000000000463f0        0x0 /home/kris/intelFPGA/18.1/nios2eds/bin/gnu/H-x86_64-pc-linux-gnu/bin/../lib/gcc/nios2-elf/5.3.0/../../../../../H-x86_64-pc-linux-gnu/nios2-elf/lib/libc.a(lib_a-makebuf.o)
 .text.__smakebuf_r
                0x00000000000463f0      0x1bc /home/kris/intelFPGA/18.1/nios2eds/bin/gnu/H-x86_64-pc-linux-gnu/bin/../lib/gcc/nios2-elf/5.3.0/../../../../../H-x86_64-pc-linux-gnu/nios2-elf/lib/libc.a(lib_a-makebuf.o)
                0x00000000000463f0                __smakebuf_r
 .text          0x00000000000465ac        0x0 /home/kris/intelFPGA/18.1/nios2eds/bin/gnu/H-x86_64-pc-linux-gnu/bin/../lib/gcc/nios2-elf/5.3.0/../../../../../H-x86_64-pc-linux-gnu/nios2-elf/lib/libc.a(lib_a-malloc.o)
 .text.malloc   0x00000000000465ac       0x14 /home/kris/intelFPGA/18.1/nios2eds/bin/gnu/H-x86_64-pc-linux-gnu/bin/../lib/gcc/nios2-elf/5.3.0/../../../../../H-x86_64-pc-linux-gnu/nios2-elf/lib/libc.a(lib_a-malloc.o)
                0x00000000000465ac                malloc
 .text.free     0x00000000000465c0       0x14 /home/kris/intelFPGA/18.1/nios2eds/bin/gnu/H-x86_64-pc-linux-gnu/bin/../lib/gcc/nios2-elf/5.3.0/../../../../../H-x86_64-pc-linux-gnu/nios2-elf/lib/libc.a(lib_a-malloc.o)
                0x00000000000465c0                free
 .text          0x00000000000465d4        0x0 /home/kris/intelFPGA/18.1/nios2eds/bin/gnu/H-x86_64-pc-linux-gnu/bin/../lib/gcc/nios2-elf/5.3.0/../../../../../H-x86_64-pc-linux-gnu/nios2-elf/lib/libc.a(lib_a-mallocr.o)
 .text._malloc_r
                0x00000000000465d4      0x80c /home/kris/intelFPGA/18.1/nios2eds/bin/gnu/H-x86_64-pc-linux-gnu/bin/../lib/gcc/nios2-elf/5.3.0/../../../../../H-x86_64-pc-linux-gnu/nios2-elf/lib/libc.a(lib_a-mallocr.o)
                0x00000000000465d4                _malloc_r
 .text          0x0000000000046de0        0x0 /home/kris/intelFPGA/18.1/nios2eds/bin/gnu/H-x86_64-pc-linux-gnu/bin/../lib/gcc/nios2-elf/5.3.0/../../../../../H-x86_64-pc-linux-gnu/nios2-elf/lib/libc.a(lib_a-memchr.o)
 .text.memchr   0x0000000000046de0       0xe4 /home/kris/intelFPGA/18.1/nios2eds/bin/gnu/H-x86_64-pc-linux-gnu/bin/../lib/gcc/nios2-elf/5.3.0/../../../../../H-x86_64-pc-linux-gnu/nios2-elf/lib/libc.a(lib_a-memchr.o)
                0x0000000000046de0                memchr
 .text          0x0000000000046ec4        0x0 /home/kris/intelFPGA/18.1/nios2eds/bin/gnu/H-x86_64-pc-linux-gnu/bin/../lib/gcc/nios2-elf/5.3.0/../../../../../H-x86_64-pc-linux-gnu/nios2-elf/lib/libc.a(lib_a-memcmp.o)
 .text.memcmp   0x0000000000046ec4       0x7c /home/kris/intelFPGA/18.1/nios2eds/bin/gnu/H-x86_64-pc-linux-gnu/bin/../lib/gcc/nios2-elf/5.3.0/../../../../../H-x86_64-pc-linux-gnu/nios2-elf/lib/libc.a(lib_a-memcmp.o)
                0x0000000000046ec4                memcmp
 .text          0x0000000000046f40        0x0 /home/kris/intelFPGA/18.1/nios2eds/bin/gnu/H-x86_64-pc-linux-gnu/bin/../lib/gcc/nios2-elf/5.3.0/../../../../../H-x86_64-pc-linux-gnu/nios2-elf/lib/libc.a(lib_a-memcpy.o)
 .text.memcpy   0x0000000000046f40      0x148 /home/kris/intelFPGA/18.1/nios2eds/bin/gnu/H-x86_64-pc-linux-gnu/bin/../lib/gcc/nios2-elf/5.3.0/../../../../../H-x86_64-pc-linux-gnu/nios2-elf/lib/libc.a(lib_a-memcpy.o)
                0x0000000000046f40                memcpy
 .text          0x0000000000047088        0x0 /home/kris/intelFPGA/18.1/nios2eds/bin/gnu/H-x86_64-pc-linux-gnu/bin/../lib/gcc/nios2-elf/5.3.0/../../../../../H-x86_64-pc-linux-gnu/nios2-elf/lib/libc.a(lib_a-memmove.o)
 .text.memmove  0x0000000000047088      0x15c /home/kris/intelFPGA/18.1/nios2eds/bin/gnu/H-x86_64-pc-linux-gnu/bin/../lib/gcc/nios2-elf/5.3.0/../../../../../H-x86_64-pc-linux-gnu/nios2-elf/lib/libc.a(lib_a-memmove.o)
                0x0000000000047088                memmove
 .text          0x00000000000471e4        0x0 /home/kris/intelFPGA/18.1/nios2eds/bin/gnu/H-x86_64-pc-linux-gnu/bin/../lib/gcc/nios2-elf/5.3.0/../../../../../H-x86_64-pc-linux-gnu/nios2-elf/lib/libc.a(lib_a-memset.o)
 .text.memset   0x00000000000471e4      0x128 /home/kris/intelFPGA/18.1/nios2eds/bin/gnu/H-x86_64-pc-linux-gnu/bin/../lib/gcc/nios2-elf/5.3.0/../../../../../H-x86_64-pc-linux-gnu/nios2-elf/lib/libc.a(lib_a-memset.o)
                0x00000000000471e4                memset
 .text          0x000000000004730c        0x0 /home/kris/intelFPGA/18.1/nios2eds/bin/gnu/H-x86_64-pc-linux-gnu/bin/../lib/gcc/nios2-elf/5.3.0/../../../../../H-x86_64-pc-linux-gnu/nios2-elf/lib/libc.a(lib_a-mktime.o)
 .text.validate_structure
                0x000000000004730c      0x2f8 /home/kris/intelFPGA/18.1/nios2eds/bin/gnu/H-x86_64-pc-linux-gnu/bin/../lib/gcc/nios2-elf/5.3.0/../../../../../H-x86_64-pc-linux-gnu/nios2-elf/lib/libc.a(lib_a-mktime.o)
 .text.mktime   0x0000000000047604      0x440 /home/kris/intelFPGA/18.1/nios2eds/bin/gnu/H-x86_64-pc-linux-gnu/bin/../lib/gcc/nios2-elf/5.3.0/../../../../../H-x86_64-pc-linux-gnu/nios2-elf/lib/libc.a(lib_a-mktime.o)
                0x0000000000047604                mktime
 .text          0x0000000000047a44        0x0 /home/kris/intelFPGA/18.1/nios2eds/bin/gnu/H-x86_64-pc-linux-gnu/bin/../lib/gcc/nios2-elf/5.3.0/../../../../../H-x86_64-pc-linux-gnu/nios2-elf/lib/libc.a(lib_a-month_lengths.o)
 .text          0x0000000000047a44        0x0 /home/kris/intelFPGA/18.1/nios2eds/bin/gnu/H-x86_64-pc-linux-gnu/bin/../lib/gcc/nios2-elf/5.3.0/../../../../../H-x86_64-pc-linux-gnu/nios2-elf/lib/libc.a(lib_a-openr.o)
 .text._open_r  0x0000000000047a44       0x60 /home/kris/intelFPGA/18.1/nios2eds/bin/gnu/H-x86_64-pc-linux-gnu/bin/../lib/gcc/nios2-elf/5.3.0/../../../../../H-x86_64-pc-linux-gnu/nios2-elf/lib/libc.a(lib_a-openr.o)
                0x0000000000047a44                _open_r
 .text          0x0000000000047aa4        0x0 /home/kris/intelFPGA/18.1/nios2eds/bin/gnu/H-x86_64-pc-linux-gnu/bin/../lib/gcc/nios2-elf/5.3.0/../../../../../H-x86_64-pc-linux-gnu/nios2-elf/lib/libc.a(lib_a-rand.o)
 .text.srand    0x0000000000047aa4       0x18 /home/kris/intelFPGA/18.1/nios2eds/bin/gnu/H-x86_64-pc-linux-gnu/bin/../lib/gcc/nios2-elf/5.3.0/../../../../../H-x86_64-pc-linux-gnu/nios2-elf/lib/libc.a(lib_a-rand.o)
                0x0000000000047aa4                srand
 .text.rand     0x0000000000047abc       0x64 /home/kris/intelFPGA/18.1/nios2eds/bin/gnu/H-x86_64-pc-linux-gnu/bin/../lib/gcc/nios2-elf/5.3.0/../../../../../H-x86_64-pc-linux-gnu/nios2-elf/lib/libc.a(lib_a-rand.o)
                0x0000000000047abc                rand
 .text          0x0000000000047b20        0x0 /home/kris/intelFPGA/18.1/nios2eds/bin/gnu/H-x86_64-pc-linux-gnu/bin/../lib/gcc/nios2-elf/5.3.0/../../../../../H-x86_64-pc-linux-gnu/nios2-elf/lib/libc.a(lib_a-realloc.o)
 .text.realloc  0x0000000000047b20       0x18 /home/kris/intelFPGA/18.1/nios2eds/bin/gnu/H-x86_64-pc-linux-gnu/bin/../lib/gcc/nios2-elf/5.3.0/../../../../../H-x86_64-pc-linux-gnu/nios2-elf/lib/libc.a(lib_a-realloc.o)
                0x0000000000047b20                realloc
 .text          0x0000000000047b38        0x0 /home/kris/intelFPGA/18.1/nios2eds/bin/gnu/H-x86_64-pc-linux-gnu/bin/../lib/gcc/nios2-elf/5.3.0/../../../../../H-x86_64-pc-linux-gnu/nios2-elf/lib/libc.a(lib_a-reallocr.o)
 .text._realloc_r
                0x0000000000047b38      0x564 /home/kris/intelFPGA/18.1/nios2eds/bin/gnu/H-x86_64-pc-linux-gnu/bin/../lib/gcc/nios2-elf/5.3.0/../../../../../H-x86_64-pc-linux-gnu/nios2-elf/lib/libc.a(lib_a-reallocr.o)
                0x0000000000047b38                _realloc_r
 .text          0x000000000004809c        0x0 /home/kris/intelFPGA/18.1/nios2eds/bin/gnu/H-x86_64-pc-linux-gnu/bin/../lib/gcc/nios2-elf/5.3.0/../../../../../H-x86_64-pc-linux-gnu/nios2-elf/lib/libc.a(lib_a-refill.o)
 .text.lflush   0x000000000004809c       0x1c /home/kris/intelFPGA/18.1/nios2eds/bin/gnu/H-x86_64-pc-linux-gnu/bin/../lib/gcc/nios2-elf/5.3.0/../../../../../H-x86_64-pc-linux-gnu/nios2-elf/lib/libc.a(lib_a-refill.o)
 .text.__srefill_r
                0x00000000000480b8      0x1d4 /home/kris/intelFPGA/18.1/nios2eds/bin/gnu/H-x86_64-pc-linux-gnu/bin/../lib/gcc/nios2-elf/5.3.0/../../../../../H-x86_64-pc-linux-gnu/nios2-elf/lib/libc.a(lib_a-refill.o)
                0x00000000000480b8                __srefill_r
 .text          0x000000000004828c        0x0 /home/kris/intelFPGA/18.1/nios2eds/bin/gnu/H-x86_64-pc-linux-gnu/bin/../lib/gcc/nios2-elf/5.3.0/../../../../../H-x86_64-pc-linux-gnu/nios2-elf/lib/libc.a(lib_a-remove.o)
 .text._remove_r
                0x000000000004828c       0x20 /home/kris/intelFPGA/18.1/nios2eds/bin/gnu/H-x86_64-pc-linux-gnu/bin/../lib/gcc/nios2-elf/5.3.0/../../../../../H-x86_64-pc-linux-gnu/nios2-elf/lib/libc.a(lib_a-remove.o)
                0x000000000004828c                _remove_r
 .text.remove   0x00000000000482ac       0x30 /home/kris/intelFPGA/18.1/nios2eds/bin/gnu/H-x86_64-pc-linux-gnu/bin/../lib/gcc/nios2-elf/5.3.0/../../../../../H-x86_64-pc-linux-gnu/nios2-elf/lib/libc.a(lib_a-remove.o)
                0x00000000000482ac                remove
 .text          0x00000000000482dc        0x0 /home/kris/intelFPGA/18.1/nios2eds/bin/gnu/H-x86_64-pc-linux-gnu/bin/../lib/gcc/nios2-elf/5.3.0/../../../../../H-x86_64-pc-linux-gnu/nios2-elf/lib/libc.a(lib_a-rename.o)
 .text.rename   0x00000000000482dc       0x18 /home/kris/intelFPGA/18.1/nios2eds/bin/gnu/H-x86_64-pc-linux-gnu/bin/../lib/gcc/nios2-elf/5.3.0/../../../../../H-x86_64-pc-linux-gnu/nios2-elf/lib/libc.a(lib_a-rename.o)
                0x00000000000482dc                rename
 .text          0x00000000000482f4        0x0 /home/kris/intelFPGA/18.1/nios2eds/bin/gnu/H-x86_64-pc-linux-gnu/bin/../lib/gcc/nios2-elf/5.3.0/../../../../../H-x86_64-pc-linux-gnu/nios2-elf/lib/libc.a(lib_a-renamer.o)
 .text._rename_r
                0x00000000000482f4       0x5c /home/kris/intelFPGA/18.1/nios2eds/bin/gnu/H-x86_64-pc-linux-gnu/bin/../lib/gcc/nios2-elf/5.3.0/../../../../../H-x86_64-pc-linux-gnu/nios2-elf/lib/libc.a(lib_a-renamer.o)
                0x00000000000482f4                _rename_r
 .text          0x0000000000048350        0x0 /home/kris/intelFPGA/18.1/nios2eds/bin/gnu/H-x86_64-pc-linux-gnu/bin/../lib/gcc/nios2-elf/5.3.0/../../../../../H-x86_64-pc-linux-gnu/nios2-elf/lib/libc.a(lib_a-rget.o)
 .text.__srget_r
                0x0000000000048350       0x74 /home/kris/intelFPGA/18.1/nios2eds/bin/gnu/H-x86_64-pc-linux-gnu/bin/../lib/gcc/nios2-elf/5.3.0/../../../../../H-x86_64-pc-linux-gnu/nios2-elf/lib/libc.a(lib_a-rget.o)
                0x0000000000048350                __srget_r
 .text.__srget  0x00000000000483c4       0x14 /home/kris/intelFPGA/18.1/nios2eds/bin/gnu/H-x86_64-pc-linux-gnu/bin/../lib/gcc/nios2-elf/5.3.0/../../../../../H-x86_64-pc-linux-gnu/nios2-elf/lib/libc.a(lib_a-rget.o)
                0x00000000000483c4                __srget
 .text          0x00000000000483d8        0x0 /home/kris/intelFPGA/18.1/nios2eds/bin/gnu/H-x86_64-pc-linux-gnu/bin/../lib/gcc/nios2-elf/5.3.0/../../../../../H-x86_64-pc-linux-gnu/nios2-elf/lib/libc.a(lib_a-sbrkr.o)
 .text._sbrk_r  0x00000000000483d8       0x54 /home/kris/intelFPGA/18.1/nios2eds/bin/gnu/H-x86_64-pc-linux-gnu/bin/../lib/gcc/nios2-elf/5.3.0/../../../../../H-x86_64-pc-linux-gnu/nios2-elf/lib/libc.a(lib_a-sbrkr.o)
                0x00000000000483d8                _sbrk_r
 *fill*         0x000000000004842c        0x4 3a880100
 .text          0x0000000000048430       0x78 /home/kris/intelFPGA/18.1/nios2eds/bin/gnu/H-x86_64-pc-linux-gnu/bin/../lib/gcc/nios2-elf/5.3.0/../../../../../H-x86_64-pc-linux-gnu/nios2-elf/lib/libc.a(lib_a-setjmp.o)
                0x0000000000048430                setjmp
                0x0000000000048468                longjmp
 .text          0x00000000000484a8        0x0 /home/kris/intelFPGA/18.1/nios2eds/bin/gnu/H-x86_64-pc-linux-gnu/bin/../lib/gcc/nios2-elf/5.3.0/../../../../../H-x86_64-pc-linux-gnu/nios2-elf/lib/libc.a(lib_a-setvbuf.o)
 .text.setvbuf  0x00000000000484a8      0x1bc /home/kris/intelFPGA/18.1/nios2eds/bin/gnu/H-x86_64-pc-linux-gnu/bin/../lib/gcc/nios2-elf/5.3.0/../../../../../H-x86_64-pc-linux-gnu/nios2-elf/lib/libc.a(lib_a-setvbuf.o)
                0x00000000000484a8                setvbuf
 .text          0x0000000000048664        0x0 /home/kris/intelFPGA/18.1/nios2eds/bin/gnu/H-x86_64-pc-linux-gnu/bin/../lib/gcc/nios2-elf/5.3.0/../../../../../H-x86_64-pc-linux-gnu/nios2-elf/lib/libc.a(lib_a-signal.o)
 .text._init_signal_r
                0x0000000000048664       0x6c /home/kris/intelFPGA/18.1/nios2eds/bin/gnu/H-x86_64-pc-linux-gnu/bin/../lib/gcc/nios2-elf/5.3.0/../../../../../H-x86_64-pc-linux-gnu/nios2-elf/lib/libc.a(lib_a-signal.o)
                0x0000000000048664                _init_signal_r
 .text._signal_r
                0x00000000000486d0       0x84 /home/kris/intelFPGA/18.1/nios2eds/bin/gnu/H-x86_64-pc-linux-gnu/bin/../lib/gcc/nios2-elf/5.3.0/../../../../../H-x86_64-pc-linux-gnu/nios2-elf/lib/libc.a(lib_a-signal.o)
                0x00000000000486d0                _signal_r
 .text._raise_r